<html>
<body>
<pre>
<h1>µVision Build Log</h1>
<h2>Project:</h2>
E:\Nordic Semiconductor\nRF51 SDK_v5.1.0.36092_Backup\Nordic\nrf51822\Board\pca10001\s110\[2015-8-14]CarAirPurifier\arm\CarAirPurifier.uvproj
Project File Date:  08/04/2015

<h2>Output:</h2>
Rebuild target 'nrf51822_xxaa_s110 (256K)'
assembling arm_startup_nrf51.s...
compiling system_nrf51.c...
compiling main.c...
..\main.c(564): warning:  #177-D: function "power_manage" was declared but never referenced
  static void power_manage(void)
..\main.c: 1 warning, 0 errors
compiling rx_buffer_queue.c...
compiling protocol.c...
compiling application.c...
compiling ble_srv_common.c...
compiling ble_id.c...
compiling ble_uart.c...
compiling car_air_purifier.c...
compiling delay.c...
compiling gpio.c...
compiling adc.c...
compiling lcd13232.c...
compiling rtc.c...
compiling led.c...
compiling fan.c...
compiling sensor.c...
compiling dht11.c...
compiling pm25.c...
compiling tvoc.c...
compiling nrf_pwm_noglitch.c...
compiling ble_error_log.c...
compiling pstorage.c...
compiling crc16.c...
compiling ble_advdata.c...
compiling app_scheduler.c...
compiling app_timer.c...
compiling ble_conn_params.c...
compiling softdevice_handler.c...
compiling app_button.c...
compiling app_gpiote.c...
compiling ble_debug_assert_handler.c...
linking...
Program Size: Code=27688 RO-data=3636 RW-data=316 ZI-data=4332  
FromELF: creating hex file...
".\_build\ble_app_airpurifier.axf" - 0 Error(s), 1 Warning(s).
Load "E:\\Nordic Semiconductor\\nRF51 SDK_v5.1.0.36092_Backup\\Nordic\\nrf51822\\Board\\pca10001\\s110\\[2015-8-14]CarAirPurifier\\arm\\_build\\ble_app_airpurifier.axf" 
* JLink Info: Device "UNSPECIFIED" selected (0 KB flash, 0 KB RAM).
Set JLink Project File to "E:\Nordic Semiconductor\nRF51 SDK_v5.1.0.36092_Backup\Nordic\nrf51822\Board\pca10001\s110\[2015-8-14]CarAirPurifier\arm\JLinkSettings.ini"
* JLink Info: Device "UNSPECIFIED" selected (0 KB flash, 0 KB RAM).
 
JLink info:
------------
DLL: V4.76d, compiled Sep 13 2013 16:35:06
Firmware: J-Link ARM-OB STM32 compiled Aug 22 2012 19:52:04
Hardware: V7.00
S/N : 20090928 
Feature(s) : RDI,FlashDL,FlashBP,JFlash,GDBFull 
 
* JLink Info: Found SWD-DP with ID 0x0BB11477
* JLink Info: Found Cortex-M0 r0p0, Little endian.
* JLink Info: FPUnit: 4 code (BP) slots and 0 literal slots
ROMTableAddr = 0xE00FF003
 
Target info:
------------
Device: nRF51822_xxAA
VTarget = 3.300V
State of Pins: 
TCK: 0, TDI: 0, TDO: 1, TMS: 0, TRES: 1, TRST: 1
Hardware-Breakpoints: 4
Software-Breakpoints: 8192
Watchpoints:          2
JTAG speed: 1000 kHz
 
Erase Done.
Programming Done.
Verify OK.
Application running ...
