ARM Linker, 5.03 [Build 76] [MDK-ARM Lite]

==============================================================================

Section Cross References

    arm_startup_nrf51.o(STACK) refers (Special) to heapauxi.o(.text) for __use_two_region_memory
    arm_startup_nrf51.o(HEAP) refers (Special) to heapauxi.o(.text) for __use_two_region_memory
    arm_startup_nrf51.o(RESET) refers (Special) to heapauxi.o(.text) for __use_two_region_memory
    arm_startup_nrf51.o(RESET) refers to arm_startup_nrf51.o(STACK) for __initial_sp
    arm_startup_nrf51.o(RESET) refers to arm_startup_nrf51.o(.text) for Reset_Handler
    arm_startup_nrf51.o(RESET) refers to app_gpiote.o(.text) for GPIOTE_IRQHandler
    arm_startup_nrf51.o(RESET) refers to app_timer.o(.text) for RTC1_IRQHandler
    arm_startup_nrf51.o(RESET) refers to softdevice_handler.o(.text) for SWI2_IRQHandler
    arm_startup_nrf51.o(.text) refers (Special) to heapauxi.o(.text) for __use_two_region_memory
    arm_startup_nrf51.o(.text) refers to system_nrf51.o(.text) for SystemInit
    arm_startup_nrf51.o(.text) refers to __main.o(!!!main) for __main
    arm_startup_nrf51.o(.text) refers to arm_startup_nrf51.o(HEAP) for Heap_Mem
    arm_startup_nrf51.o(.text) refers to arm_startup_nrf51.o(STACK) for Stack_Mem
    system_nrf51.o(.text) refers to system_nrf51.o(.data) for SystemCoreClock
    main.o(.text) refers to ble_debug_assert_handler.o(.text) for ble_debug_assert_handler
    main.o(.text) refers to transport.o(.text) for tcl_timer_time_out
    main.o(.text) refers to app_timer.o(.text) for app_timer_start
    main.o(.text) refers to rt_memclr.o(.text) for __aeabi_memclr4
    main.o(.text) refers to ble_advdata.o(.text) for ble_advdata_set
    main.o(.text) refers to ble_id.o(.text) for InitID
    main.o(.text) refers to application.o(.text) for al_send_packet
    main.o(.text) refers to ble_uart.o(.text) for ble_uart_init
    main.o(.text) refers to ble_conn_params.o(.text) for ble_conn_params_init
    main.o(.text) refers to main.o(.bss) for adv_params
    main.o(.text) refers to main.o(.data) for m_adv_timer_id
    main.o(.text) refers to main.o(.constdata) for .constdata
    main.o(.text) refers to app_button.o(.text) for app_button_enable
    main.o(.text) refers to rt_memcpy.o(.text) for __aeabi_memcpy
    main.o(.text) refers to pstorage.o(.text) for pstorage_sys_event_handler
    main.o(.text) refers to softdevice_handler.o(.text) for softdevice_handler_init
    main.o(.text) refers to app_scheduler.o(.text) for app_sched_init
    main.o(.text) refers to app_gpiote.o(.text) for app_gpiote_init
    main.o(.text) refers to protocol.o(.text) for purifier_protocol_init
    main.o(.data) refers to main.o(.text) for button_event_handler
    application.o(.text) refers to transport.o(.text) for tcl_send_status
    application.o(.text) refers to application.o(i.__ARM_common_switch8) for __ARM_common_switch8
    application.o(.text) refers to application.o(.data) for m_al_send_status
    application.o(.text) refers to application.o(.bss) for m_al_send_packet
    transport.o(.text) refers to rt_memclr.o(.text) for __aeabi_memclr
    transport.o(.text) refers to aeabi_sdiv.o(.text) for __aeabi_uidivmod
    transport.o(.text) refers to transport.o(.data) for m_p_send_data
    transport.o(.text) refers to transport.o(.bss) for m_recv_payload
    protocol.o(.text) refers to ble_uart.o(.text) for ble_uart_send
    protocol.o(.text) refers to transport.o(.text) for tcl_init
    protocol.o(.text) refers to application.o(.text) for al_init
    protocol.o(.text) refers to protocol.o(.data) for m_p_uart
    ble_srv_common.o(.text) refers to main.o(.text) for app_error_handler
    ble_srv_common.o(.text) refers to strlen.o(.text) for strlen
    ble_id.o(.text) refers to rt_memclr.o(.text) for __aeabi_memclr4
    ble_id.o(.text) refers to strlen.o(.text) for strlen
    ble_id.o(.text) refers to ble_id.o(.data) for pUserDesc
    ble_id.o(.text) refers to ble_id.o(.constdata) for .constdata
    ble_id.o(.data) refers to ble_id.o(.conststring) for .conststring
    ble_uart.o(.text) refers to rt_memclr.o(.text) for __aeabi_memclr4
    ble_uart.o(.text) refers to strlen.o(.text) for strlen
    ble_uart.o(.text) refers to ble_uart.o(.data) for pUserDesc
    ble_uart.o(.text) refers to ble_uart.o(.constdata) for .constdata
    ble_uart.o(.data) refers to ble_uart.o(.conststring) for .conststring
    ble_error_log.o(.text) refers to rt_memcpy.o(.emb_text) for __aeabi_memcpy4
    ble_error_log.o(.text) refers to strncpy.o(.text) for strncpy
    ble_error_log.o(.text) refers to arm_startup_nrf51.o(RESET) for __Vectors
    ble_error_log.o(.text) refers to ble_error_log.o(.bss) for m_ble_error_log
    pstorage.o(.text) refers to aeabi_sdiv.o(.text) for __aeabi_uidivmod
    pstorage.o(.text) refers to pstorage.o(.bss) for m_cmd_queue
    pstorage.o(.text) refers to pstorage.o(.data) for m_round_val
    pstorage.o(.text) refers to rt_memcpy.o(.text) for __aeabi_memcpy
[...]
    rtentry2.o(.ARM.Collect$$rtentry$$0000000B) refers to boardinit3.o(.text) for _platform_post_lib_init
    rtentry2.o(.ARM.Collect$$rtentry$$0000000D) refers to main.o(.text) for main
    rtentry2.o(.ARM.Collect$$rtentry$$0000000D) refers to exit.o(.text) for exit
    rtentry2.o(.ARM.exidx) refers to rtentry2.o(.ARM.Collect$$rtentry$$00000001) for .ARM.Collect$$rtentry$$00000001
    rtentry2.o(.ARM.exidx) refers to rtentry2.o(.ARM.Collect$$rtentry$$00000008) for .ARM.Collect$$rtentry$$00000008
    rtentry2.o(.ARM.exidx) refers to rtentry2.o(.ARM.Collect$$rtentry$$0000000A) for .ARM.Collect$$rtentry$$0000000A
    rtentry2.o(.ARM.exidx) refers to rtentry2.o(.ARM.Collect$$rtentry$$0000000B) for .ARM.Collect$$rtentry$$0000000B
    rtentry2.o(.ARM.exidx) refers to rtentry2.o(.ARM.Collect$$rtentry$$0000000D) for .ARM.Collect$$rtentry$$0000000D
    rtentry4.o(.ARM.Collect$$rtentry$$00000004) refers to sys_stackheap_outer.o(.text) for __user_setup_stackheap
    rtentry4.o(.ARM.exidx) refers to rtentry4.o(.ARM.Collect$$rtentry$$00000004) for .ARM.Collect$$rtentry$$00000004
    rt_div0.o(.text) refers to defsig_fpe_outer.o(.text) for __rt_SIGFPE
    sys_stackheap_outer.o(.text) refers to libspace.o(.text) for __user_perproc_libspace
    sys_stackheap_outer.o(.text) refers to arm_startup_nrf51.o(.text) for __user_initial_stackheap
    sys_stackheap_outer.o(__vectab_stack_and_reset_area) refers to tempstk.o(.text) for __temporary_stack_top
    sys_stackheap_outer.o(__vectab_stack_and_reset_area) refers to __main.o(!!!main) for __main
    exit.o(.text) refers to rtexit.o(.ARM.Collect$$rtexit$$00000000) for __rt_exit
    defsig_fpe_outer.o(.text) refers to defsig_fpe_inner.o(.text) for __rt_SIGFPE_inner
    defsig_fpe_outer.o(.text) refers to defsig_exit.o(.text) for __sig_exit
    defsig_fpe_formal.o(.text) refers to rt_raise.o(.text) for __rt_raise
    libinit.o(.ARM.Collect$$libinit$$00000000) refers (Special) to libinit2.o(.ARM.Collect$$libinit$$0000002C) for __rt_lib_init_alloca_1
    libinit.o(.ARM.Collect$$libinit$$00000000) refers (Special) to libinit2.o(.ARM.Collect$$libinit$$0000002A) for __rt_lib_init_argv_1
    libinit.o(.ARM.Collect$$libinit$$00000000) refers (Special) to libinit2.o(.ARM.Collect$$libinit$$00000019) for __rt_lib_init_atexit_1
    libinit.o(.ARM.Collect$$libinit$$00000000) refers (Special) to libinit2.o(.ARM.Collect$$libinit$$0000001F) for __rt_lib_init_clock_1
    libinit.o(.ARM.Collect$$libinit$$00000000) refers (Special) to libinit2.o(.ARM.Collect$$libinit$$00000030) for __rt_lib_init_cpp_1
    libinit.o(.ARM.Collect$$libinit$$00000000) refers (Special) to libinit2.o(.ARM.Collect$$libinit$$0000002E) for __rt_lib_init_exceptions_1
    libinit.o(.ARM.Collect$$libinit$$00000000) refers (Special) to libinit2.o(.ARM.Collect$$libinit$$00000001) for __rt_lib_init_fp_1
    libinit.o(.ARM.Collect$$libinit$$00000000) refers (Special) to libinit2.o(.ARM.Collect$$libinit$$0000001D) for __rt_lib_init_fp_trap_1
    libinit.o(.ARM.Collect$$libinit$$00000000) refers (Special) to libinit2.o(.ARM.Collect$$libinit$$00000021) for __rt_lib_init_getenv_1
    libinit.o(.ARM.Collect$$libinit$$00000000) refers (Special) to libinit2.o(.ARM.Collect$$libinit$$00000008) for __rt_lib_init_heap_1
    libinit.o(.ARM.Collect$$libinit$$00000000) refers (Special) to libinit2.o(.ARM.Collect$$libinit$$0000000F) for __rt_lib_init_lc_collate_1
    libinit.o(.ARM.Collect$$libinit$$00000000) refers (Special) to libinit2.o(.ARM.Collect$$libinit$$00000011) for __rt_lib_init_lc_ctype_1
    libinit.o(.ARM.Collect$$libinit$$00000000) refers (Special) to libinit2.o(.ARM.Collect$$libinit$$00000013) for __rt_lib_init_lc_monetary_1
    libinit.o(.ARM.Collect$$libinit$$00000000) refers (Special) to libinit2.o(.ARM.Collect$$libinit$$00000015) for __rt_lib_init_lc_numeric_1
    libinit.o(.ARM.Collect$$libinit$$00000000) refers (Special) to libinit2.o(.ARM.Collect$$libinit$$00000017) for __rt_lib_init_lc_time_1
    libinit.o(.ARM.Collect$$libinit$$00000000) refers (Special) to libinit2.o(.ARM.Collect$$libinit$$0000000C) for __rt_lib_init_rand_1
    libinit.o(.ARM.Collect$$libinit$$00000000) refers (Special) to libinit2.o(.ARM.Collect$$libinit$$00000031) for __rt_lib_init_return
    libinit.o(.ARM.Collect$$libinit$$00000000) refers (Special) to libinit2.o(.ARM.Collect$$libinit$$0000001B) for __rt_lib_init_signal_1
    libinit.o(.ARM.Collect$$libinit$$00000000) refers (Special) to libinit2.o(.ARM.Collect$$libinit$$00000023) for __rt_lib_init_stdio_1
    libinit.o(.ARM.Collect$$libinit$$00000000) refers (Special) to libinit2.o(.ARM.Collect$$libinit$$0000000A) for __rt_lib_init_user_alloc_1
    libspace.o(.text) refers to libspace.o(.bss) for __libspace_start
    rtexit.o(.ARM.Collect$$rtexit$$00000000) refers (Special) to rtexit2.o(.ARM.Collect$$rtexit$$00000004) for __rt_exit_exit
    rtexit.o(.ARM.Collect$$rtexit$$00000000) refers (Special) to rtexit2.o(.ARM.Collect$$rtexit$$00000003) for __rt_exit_ls
    rtexit.o(.ARM.Collect$$rtexit$$00000000) refers (Special) to rtexit2.o(.ARM.Collect$$rtexit$$00000002) for __rt_exit_prels_1
    rtexit.o(.ARM.exidx) refers (Special) to rtexit2.o(.ARM.Collect$$rtexit$$00000004) for __rt_exit_exit
    rtexit.o(.ARM.exidx) refers (Special) to rtexit2.o(.ARM.Collect$$rtexit$$00000003) for __rt_exit_ls
    rtexit.o(.ARM.exidx) refers (Special) to rtexit2.o(.ARM.Collect$$rtexit$$00000002) for __rt_exit_prels_1
    rtexit.o(.ARM.exidx) refers to rtexit.o(.ARM.Collect$$rtexit$$00000000) for .ARM.Collect$$rtexit$$00000000
    rt_raise.o(.text) refers to __raise.o(.text) for __raise
    rt_raise.o(.text) refers to sys_exit.o(.text) for _sys_exit
    defsig_exit.o(.text) refers to sys_exit.o(.text) for _sys_exit
    defsig_fpe_inner.o(.text) refers to defsig_general.o(.text) for __default_signal_display
    libinit2.o(.ARM.Collect$$libinit$$0000000E) refers to libinit2.o(.ARM.Collect$$libinit$$0000000D) for .ARM.Collect$$libinit$$0000000D
    libinit2.o(.ARM.Collect$$libinit$$00000010) refers to libinit2.o(.ARM.Collect$$libinit$$0000000D) for .ARM.Collect$$libinit$$0000000D
    libinit2.o(.ARM.Collect$$libinit$$00000012) refers to libinit2.o(.ARM.Collect$$libinit$$0000000D) for .ARM.Collect$$libinit$$0000000D
    libinit2.o(.ARM.Collect$$libinit$$00000014) refers to libinit2.o(.ARM.Collect$$libinit$$0000000D) for .ARM.Collect$$libinit$$0000000D
    libinit2.o(.ARM.Collect$$libinit$$00000016) refers to libinit2.o(.ARM.Collect$$libinit$$0000000D) for .ARM.Collect$$libinit$$0000000D
    libinit2.o(.ARM.Collect$$libinit$$00000024) refers to argv_veneer.o(.text) for __ARM_argv_veneer
    libinit2.o(.ARM.Collect$$libinit$$00000025) refers to argv_veneer.o(.text) for __ARM_argv_veneer
    sys_exit.o(.text) refers (Special) to use_no_semi.o(.text) for __I$use$semihosting
    sys_exit.o(.text) refers (Special) to indicate_semi.o(.text) for __semihosting_library_function
    rtexit2.o(.ARM.Collect$$rtexit$$00000003) refers to libshutdown.o(.ARM.Collect$$libshutdown$$00000000) for __rt_lib_shutdown
    rtexit2.o(.ARM.Collect$$rtexit$$00000004) refers to sys_exit.o(.text) for _sys_exit
    rtexit2.o(.ARM.exidx) refers to rtexit2.o(.ARM.Collect$$rtexit$$00000001) for .ARM.Collect$$rtexit$$00000001
    rtexit2.o(.ARM.exidx) refers to rtexit2.o(.ARM.Collect$$rtexit$$00000003) for .ARM.Collect$$rtexit$$00000003
    rtexit2.o(.ARM.exidx) refers to rtexit2.o(.ARM.Collect$$rtexit$$00000004) for .ARM.Collect$$rtexit$$00000004
    __raise.o(.text) refers to defsig.o(CL$$defsig) for __default_signal_handler
    defsig_general.o(.text) refers to sys_wrch.o(.text) for _ttywrch
    sys_wrch.o(.text) refers (Special) to use_no_semi.o(.text) for __I$use$semihosting
    sys_wrch.o(.text) refers (Special) to indicate_semi.o(.text) for __semihosting_library_function
    defsig.o(CL$$defsig) refers to defsig_fpe_inner.o(.text) for __rt_SIGFPE_inner
    defsig.o(CL$$defsig) refers to defsig_rtmem_inner.o(.text) for __rt_SIGRTMEM_inner
    _get_argv_nomalloc.o(.text) refers (Special) to hrguard.o(.text) for __heap_region$guard
    _get_argv_nomalloc.o(.text) refers to defsig_rtmem_outer.o(.text) for __rt_SIGRTMEM
    _get_argv_nomalloc.o(.text) refers to sys_command.o(.text) for _sys_command_string
    libshutdown.o(.ARM.Collect$$libshutdown$$00000000) refers (Special) to libshutdown2.o(.ARM.Collect$$libshutdown$$00000006) for __rt_lib_shutdown_fp_trap_1
    libshutdown.o(.ARM.Collect$$libshutdown$$00000000) refers (Special) to libshutdown2.o(.ARM.Collect$$libshutdown$$0000000E) for __rt_lib_shutdown_heap_1
    libshutdown.o(.ARM.Collect$$libshutdown$$00000000) refers (Special) to libshutdown2.o(.ARM.Collect$$libshutdown$$0000000F) for __rt_lib_shutdown_return
    libshutdown.o(.ARM.Collect$$libshutdown$$00000000) refers (Special) to libshutdown2.o(.ARM.Collect$$libshutdown$$00000009) for __rt_lib_shutdown_signal_1
    libshutdown.o(.ARM.Collect$$libshutdown$$00000000) refers (Special) to libshutdown2.o(.ARM.Collect$$libshutdown$$00000003) for __rt_lib_shutdown_stdio_1
    libshutdown.o(.ARM.Collect$$libshutdown$$00000000) refers (Special) to libshutdown2.o(.ARM.Collect$$libshutdown$$0000000B) for __rt_lib_shutdown_user_alloc_1
    sys_command.o(.text) refers (Special) to use_no_semi.o(.text) for __I$use$semihosting
    sys_command.o(.text) refers (Special) to indicate_semi.o(.text) for __semihosting_library_function
    defsig_abrt_inner.o(.text) refers to defsig_general.o(.text) for __default_signal_display
    defsig_rtred_inner.o(.text) refers to defsig_general.o(.text) for __default_signal_display
    defsig_rtmem_inner.o(.text) refers to defsig_general.o(.text) for __default_signal_display
    defsig_rtmem_outer.o(.text) refers to defsig_rtmem_inner.o(.text) for __rt_SIGRTMEM_inner
    defsig_rtmem_outer.o(.text) refers to defsig_exit.o(.text) for __sig_exit
    defsig_rtmem_formal.o(.text) refers to rt_raise.o(.text) for __rt_raise
    defsig_stak_inner.o(.text) refers to defsig_general.o(.text) for __default_signal_display
    defsig_pvfn_inner.o(.text) refers to defsig_general.o(.text) for __default_signal_display
    defsig_cppl_inner.o(.text) refers to defsig_general.o(.text) for __default_signal_display
    defsig_segv_inner.o(.text) refers to defsig_general.o(.text) for __default_signal_display
    defsig_other.o(.text) refers to defsig_general.o(.text) for __default_signal_display


==============================================================================

Removing Unused input sections from the image.

    Removing system_nrf51.o(.rev16_text), (4 bytes).
    Removing system_nrf51.o(.revsh_text), (4 bytes).
    Removing main.o(.rev16_text), (4 bytes).
    Removing main.o(.revsh_text), (4 bytes).
    Removing application.o(.rev16_text), (4 bytes).
    Removing application.o(.revsh_text), (4 bytes).
    Removing transport.o(.rev16_text), (4 bytes).
    Removing transport.o(.revsh_text), (4 bytes).
    Removing protocol.o(.rev16_text), (4 bytes).
    Removing protocol.o(.revsh_text), (4 bytes).
    Removing ble_srv_common.o(.rev16_text), (4 bytes).
    Removing ble_srv_common.o(.revsh_text), (4 bytes).
    Removing ble_srv_common.o(.text), (136 bytes).
    Removing ble_id.o(.rev16_text), (4 bytes).
    Removing ble_id.o(.revsh_text), (4 bytes).
    Removing ble_uart.o(.rev16_text), (4 bytes).
    Removing ble_uart.o(.revsh_text), (4 bytes).
    Removing car_air_purifier.o(.rev16_text), (4 bytes).
    Removing car_air_purifier.o(.revsh_text), (4 bytes).
    Removing airpurifier_gpio.o(.rev16_text), (4 bytes).
    Removing airpurifier_gpio.o(.revsh_text), (4 bytes).
    Removing airpurifier_gpio.o(.text), (144 bytes).
    Removing ble_error_log.o(.rev16_text), (4 bytes).
    Removing ble_error_log.o(.revsh_text), (4 bytes).
    Removing ble_error_log.o(.text), (96 bytes).
    Removing ble_error_log.o(.bss), (392 bytes).
    Removing pstorage.o(.rev16_text), (4 bytes).
    Removing pstorage.o(.revsh_text), (4 bytes).
    Removing crc16.o(.text), (68 bytes).
    Removing ble_advdata.o(.rev16_text), (4 bytes).
    Removing ble_advdata.o(.revsh_text), (4 bytes).
    Removing app_scheduler.o(.rev16_text), (4 bytes).
    Removing app_scheduler.o(.revsh_text), (4 bytes).
    Removing app_timer.o(.rev16_text), (4 bytes).
    Removing app_timer.o(.revsh_text), (4 bytes).
    Removing ble_conn_params.o(.rev16_text), (4 bytes).
    Removing ble_conn_params.o(.revsh_text), (4 bytes).
    Removing softdevice_handler.o(.rev16_text), (4 bytes).
    Removing softdevice_handler.o(.revsh_text), (4 bytes).
    Removing app_button.o(.rev16_text), (4 bytes).
    Removing app_button.o(.revsh_text), (4 bytes).
    Removing app_gpiote.o(.rev16_text), (4 bytes).
    Removing app_gpiote.o(.revsh_text), (4 bytes).
    Removing ble_debug_assert_handler.o(.rev16_text), (4 bytes).
    Removing ble_debug_assert_handler.o(.revsh_text), (4 bytes).

45 unused section(s) (total 996 bytes) removed from the image.

==============================================================================

Image Symbol Table

    Local Symbols

    Symbol Name                              Value     Ov Type        Size  Object(Section)

    ../clib/../cmprslib/zerorunl2.c          0x00000000   Number         0  __dczerorl2.o ABSOLUTE
    ../clib/angel/boardlib.s                 0x00000000   Number         0  boardshut.o ABSOLUTE
    ../clib/angel/boardlib.s                 0x00000000   Number         0  boardinit1.o ABSOLUTE
    ../clib/angel/boardlib.s                 0x00000000   Number         0  boardinit2.o ABSOLUTE
    ../clib/angel/boardlib.s                 0x00000000   Number         0  boardinit3.o ABSOLUTE
    ../clib/angel/handlers.s                 0x00000000   Number         0  __scatter_zi.o ABSOLUTE
    ../clib/angel/kernel.s                   0x00000000   Number         0  rtentry2.o ABSOLUTE
    ../clib/angel/kernel.s                   0x00000000   Number         0  rtentry.o ABSOLUTE
    ../clib/angel/kernel.s                   0x00000000   Number         0  rtentry4.o ABSOLUTE
    ../clib/angel/kernel.s                   0x00000000   Number         0  rtexit2.o ABSOLUTE
    ../clib/angel/kernel.s                   0x00000000   Number         0  rtexit.o ABSOLUTE
    ../clib/angel/rt.s                       0x00000000   Number         0  aeabi_idiv0_sigfpe.o ABSOLUTE
    ../clib/angel/rt.s                       0x00000000   Number         0  rt_div0.o ABSOLUTE
    ../clib/angel/rt.s                       0x00000000   Number         0  aeabi_idiv0.o ABSOLUTE
    ../clib/angel/rt.s                       0x00000000   Number         0  rt_raise.o ABSOLUTE
    ../clib/angel/scatterp.s                 0x00000000   Number         0  __scatter.o ABSOLUTE
    ../clib/angel/startup.s                  0x00000000   Number         0  __main.o ABSOLUTE
    ../clib/angel/sys.s                      0x00000000   Number         0  indicate_semi.o ABSOLUTE
    ../clib/angel/sys.s                      0x00000000   Number         0  sys_stackheap_outer.o ABSOLUTE
    ../clib/angel/sys.s                      0x00000000   Number         0  use_no_semi.o ABSOLUTE
    ../clib/angel/sys.s                      0x00000000   Number         0  tempstk.o ABSOLUTE
    ../clib/angel/sys.s                      0x00000000   Number         0  libspace.o ABSOLUTE
    ../clib/angel/sysapp.c                   0x00000000   Number         0  sys_wrch.o ABSOLUTE
    ../clib/angel/sysapp.c                   0x00000000   Number         0  sys_exit.o ABSOLUTE
    ../clib/angel/sysapp.c                   0x00000000   Number         0  sys_command.o ABSOLUTE
    ../clib/armsys.c                         0x00000000   Number         0  argv_veneer.o ABSOLUTE
    ../clib/armsys.c                         0x00000000   Number         0  _get_argv_nomalloc.o ABSOLUTE
    ../clib/armsys.c                         0x00000000   Number         0  no_argv.o ABSOLUTE
    ../clib/division.s                       0x00000000   Number         0  aeabi_sdiv.o ABSOLUTE
    ../clib/division.s                       0x00000000   Number         0  aeabi_sdiv_div0.o ABSOLUTE
    ../clib/heapalloc.c                      0x00000000   Number         0  hrguard.o ABSOLUTE
    ../clib/heapaux.c                        0x00000000   Number         0  heapauxi.o ABSOLUTE
    ../clib/libinit.s                        0x00000000   Number         0  libshutdown.o ABSOLUTE
    ../clib/libinit.s                        0x00000000   Number         0  libshutdown2.o ABSOLUTE
    ../clib/libinit.s                        0x00000000   Number         0  libinit.o ABSOLUTE
    ../clib/libinit.s                        0x00000000   Number         0  libinit2.o ABSOLUTE
    ../clib/memcpset.c                       0x00000000   Number         0  rt_memclr.o ABSOLUTE
    ../clib/memcpset.c                       0x00000000   Number         0  rt_memcpy.o ABSOLUTE
    ../clib/memcpset.c                       0x00000000   Number         0  rt_memcpy.o ABSOLUTE
    ../clib/signal.c                         0x00000000   Number         0  defsig_fpe_inner.o ABSOLUTE
    ../clib/signal.c                         0x00000000   Number         0  defsig_stak_inner.o ABSOLUTE
    ../clib/signal.c                         0x00000000   Number         0  defsig_rtmem_formal.o ABSOLUTE
    ../clib/signal.c                         0x00000000   Number         0  defsig_rtmem_outer.o ABSOLUTE
    ../clib/signal.c                         0x00000000   Number         0  defsig_rtmem_inner.o ABSOLUTE
    ../clib/signal.c                         0x00000000   Number         0  defsig_fpe_outer.o ABSOLUTE
    ../clib/signal.c                         0x00000000   Number         0  defsig_fpe_formal.o ABSOLUTE
    ../clib/signal.c                         0x00000000   Number         0  defsig_rtred_inner.o ABSOLUTE
    ../clib/signal.c                         0x00000000   Number         0  defsig_abrt_inner.o ABSOLUTE
    ../clib/signal.c                         0x00000000   Number         0  defsig_exit.o ABSOLUTE
    ../clib/signal.c                         0x00000000   Number         0  __raise.o ABSOLUTE
    ../clib/signal.c                         0x00000000   Number         0  defsig_segv_inner.o ABSOLUTE
    ../clib/signal.c                         0x00000000   Number         0  defsig_cppl_inner.o ABSOLUTE
    ../clib/signal.c                         0x00000000   Number         0  defsig_general.o ABSOLUTE
    ../clib/signal.c                         0x00000000   Number         0  defsig_other.o ABSOLUTE
    ../clib/signal.c                         0x00000000   Number         0  defsig_pvfn_inner.o ABSOLUTE
    ../clib/signal.s                         0x00000000   Number         0  defsig.o ABSOLUTE
    ../clib/stdlib.c                         0x00000000   Number         0  exit.o ABSOLUTE
    ../clib/string.c                         0x00000000   Number         0  strncpy.o ABSOLUTE
    ../clib/string.c                         0x00000000   Number         0  strlen.o ABSOLUTE
    ../fplib/cfplib/fpinit.c                 0x00000000   Number         0  fpinit.o ABSOLUTE
    ..\..\..\..\..\Source\app_common\app_button.c 0x00000000   Number         0  app_button.o ABSOLUTE
    ..\..\..\..\..\Source\app_common\app_gpiote.c 0x00000000   Number         0  app_gpiote.o ABSOLUTE
    ..\..\..\..\..\Source\app_common\app_scheduler.c 0x00000000   Number         0  app_scheduler.o ABSOLUTE
    ..\..\..\..\..\Source\app_common\app_timer.c 0x00000000   Number         0  app_timer.o ABSOLUTE
    ..\..\..\..\..\Source\app_common\crc16.c 0x00000000   Number         0  crc16.o ABSOLUTE
    ..\..\..\..\..\Source\app_common\pstorage.c 0x00000000   Number         0  pstorage.o ABSOLUTE
    ..\..\..\..\..\Source\ble\ble_advdata.c  0x00000000   Number         0  ble_advdata.o ABSOLUTE
    ..\..\..\..\..\Source\ble\ble_conn_params.c 0x00000000   Number         0  ble_conn_params.o ABSOLUTE
    ..\..\..\..\..\Source\ble\ble_debug_assert_handler.c 0x00000000   Number         0  ble_debug_assert_handler.o ABSOLUTE
    ..\..\..\..\..\Source\ble\ble_error_log.c 0x00000000   Number         0  ble_error_log.o ABSOLUTE
    ..\..\..\..\..\Source\ble\ble_services\ble_srv_common.c 0x00000000   Number         0  ble_srv_common.o ABSOLUTE
    ..\..\..\..\..\Source\sd_common\softdevice_handler.c 0x00000000   Number         0  softdevice_handler.o ABSOLUTE
    ..\..\..\..\..\Source\templates\arm\arm_startup_nrf51.s 0x00000000   Number         0  arm_startup_nrf51.o ABSOLUTE
    ..\..\..\..\..\Source\templates\system_nrf51.c 0x00000000   Number         0  system_nrf51.o ABSOLUTE
    ..\Source\AirPurifier\airpurifier_gpio.c 0x00000000   Number         0  airpurifier_gpio.o ABSOLUTE
    ..\Source\AirPurifier\car_air_purifier.c 0x00000000   Number         0  car_air_purifier.o ABSOLUTE
    ..\Source\protocol\application.c         0x00000000   Number         0  application.o ABSOLUTE
    ..\Source\protocol\protocol.c            0x00000000   Number         0  protocol.o ABSOLUTE
    ..\Source\protocol\transport.c           0x00000000   Number         0  transport.o ABSOLUTE
    ..\Source\services\ble_id.c              0x00000000   Number         0  ble_id.o ABSOLUTE
    ..\Source\services\ble_uart.c            0x00000000   Number         0  ble_uart.o ABSOLUTE
    ..\\..\\..\\..\\..\\Source\\app_common\\app_button.c 0x00000000   Number         0  app_button.o ABSOLUTE
    ..\\..\\..\\..\\..\\Source\\app_common\\app_gpiote.c 0x00000000   Number         0  app_gpiote.o ABSOLUTE
    ..\\..\\..\\..\\..\\Source\\app_common\\app_scheduler.c 0x00000000   Number         0  app_scheduler.o ABSOLUTE
    ..\\..\\..\\..\\..\\Source\\app_common\\app_timer.c 0x00000000   Number         0  app_timer.o ABSOLUTE
    ..\\..\\..\\..\\..\\Source\\app_common\\pstorage.c 0x00000000   Number         0  pstorage.o ABSOLUTE
    ..\\..\\..\\..\\..\\Source\\ble\\ble_advdata.c 0x00000000   Number         0  ble_advdata.o ABSOLUTE
    ..\\..\\..\\..\\..\\Source\\ble\\ble_conn_params.c 0x00000000   Number         0  ble_conn_params.o ABSOLUTE
    ..\\..\\..\\..\\..\\Source\\ble\\ble_debug_assert_handler.c 0x00000000   Number         0  ble_debug_assert_handler.o ABSOLUTE
    ..\\..\\..\\..\\..\\Source\\ble\\ble_error_log.c 0x00000000   Number         0  ble_error_log.o ABSOLUTE
    ..\\..\\..\\..\\..\\Source\\ble\\ble_services\\ble_srv_common.c 0x00000000   Number         0  ble_srv_common.o ABSOLUTE
    ..\\..\\..\\..\\..\\Source\\sd_common\\softdevice_handler.c 0x00000000   Number         0  softdevice_handler.o ABSOLUTE
    ..\\..\\..\\..\\..\\Source\\templates\\system_nrf51.c 0x00000000   Number         0  system_nrf51.o ABSOLUTE
    ..\\Source\\AirPurifier\\airpurifier_gpio.c 0x00000000   Number         0  airpurifier_gpio.o ABSOLUTE
    ..\\Source\\AirPurifier\\car_air_purifier.c 0x00000000   Number         0  car_air_purifier.o ABSOLUTE
    ..\\Source\\protocol\\application.c      0x00000000   Number         0  application.o ABSOLUTE
    ..\\Source\\protocol\\protocol.c         0x00000000   Number         0  protocol.o ABSOLUTE
    ..\\Source\\protocol\\transport.c        0x00000000   Number         0  transport.o ABSOLUTE
    ..\\Source\\services\\ble_id.c           0x00000000   Number         0  ble_id.o ABSOLUTE
    ..\\Source\\services\\ble_uart.c         0x00000000   Number         0  ble_uart.o ABSOLUTE
    ..\\main.c                               0x00000000   Number         0  main.o ABSOLUTE
    ..\main.c                                0x00000000   Number         0  main.o ABSOLUTE
    dc.s                                     0x00000000   Number         0  dc.o ABSOLUTE
    RESET                                    0x00014000   Section      192  arm_startup_nrf51.o(RESET)
    !!!main                                  0x000140c0   Section        8  __main.o(!!!main)
    !!!scatter                               0x000140c8   Section       60  __scatter.o(!!!scatter)
    !!handler_zi                             0x00014104   Section       28  __scatter_zi.o(!!handler_zi)
    .ARM.Collect$$libinit$$00000000          0x00014120   Section        2  libinit.o(.ARM.Collect$$libinit$$00000000)
    .ARM.Collect$$libinit$$00000001          0x00014122   Section        4  libinit2.o(.ARM.Collect$$libinit$$00000001)
    .ARM.Collect$$libinit$$00000008          0x00014126   Section        0  libinit2.o(.ARM.Collect$$libinit$$00000008)
    .ARM.Collect$$libinit$$0000000A          0x00014126   Section        0  libinit2.o(.ARM.Collect$$libinit$$0000000A)
    .ARM.Collect$$libinit$$0000000C          0x00014126   Section        0  libinit2.o(.ARM.Collect$$libinit$$0000000C)
    .ARM.Collect$$libinit$$0000000F          0x00014126   Section        0  libinit2.o(.ARM.Collect$$libinit$$0000000F)
    .ARM.Collect$$libinit$$00000011          0x00014126   Section        0  libinit2.o(.ARM.Collect$$libinit$$00000011)
    .ARM.Collect$$libinit$$00000013          0x00014126   Section        0  libinit2.o(.ARM.Collect$$libinit$$00000013)
    .ARM.Collect$$libinit$$00000015          0x00014126   Section        0  libinit2.o(.ARM.Collect$$libinit$$00000015)
    .ARM.Collect$$libinit$$00000017          0x00014126   Section        0  libinit2.o(.ARM.Collect$$libinit$$00000017)
    .ARM.Collect$$libinit$$00000019          0x00014126   Section        0  libinit2.o(.ARM.Collect$$libinit$$00000019)
    .ARM.Collect$$libinit$$0000001B          0x00014126   Section        0  libinit2.o(.ARM.Collect$$libinit$$0000001B)
    .ARM.Collect$$libinit$$0000001D          0x00014126   Section        0  libinit2.o(.ARM.Collect$$libinit$$0000001D)
    .ARM.Collect$$libinit$$0000001F          0x00014126   Section        0  libinit2.o(.ARM.Collect$$libinit$$0000001F)
    .ARM.Collect$$libinit$$00000021          0x00014126   Section        0  libinit2.o(.ARM.Collect$$libinit$$00000021)
    .ARM.Collect$$libinit$$00000023          0x00014126   Section        0  libinit2.o(.ARM.Collect$$libinit$$00000023)
    .ARM.Collect$$libinit$$0000002A          0x00014126   Section        0  libinit2.o(.ARM.Collect$$libinit$$0000002A)
    .ARM.Collect$$libinit$$0000002C          0x00014126   Section        0  libinit2.o(.ARM.Collect$$libinit$$0000002C)
    .ARM.Collect$$libinit$$0000002E          0x00014126   Section        0  libinit2.o(.ARM.Collect$$libinit$$0000002E)
    .ARM.Collect$$libinit$$00000030          0x00014126   Section        0  libinit2.o(.ARM.Collect$$libinit$$00000030)
    .ARM.Collect$$libinit$$00000031          0x00014126   Section        2  libinit2.o(.ARM.Collect$$libinit$$00000031)
    .ARM.Collect$$libshutdown$$00000000      0x00014128   Section        2  libshutdown.o(.ARM.Collect$$libshutdown$$00000000)
    .ARM.Collect$$libshutdown$$00000003      0x0001412a   Section        0  libshutdown2.o(.ARM.Collect$$libshutdown$$00000003)
    .ARM.Collect$$libshutdown$$00000006      0x0001412a   Section        0  libshutdown2.o(.ARM.Collect$$libshutdown$$00000006)
    .ARM.Collect$$libshutdown$$00000009      0x0001412a   Section        0  libshutdown2.o(.ARM.Collect$$libshutdown$$00000009)
    .ARM.Collect$$libshutdown$$0000000B      0x0001412a   Section        0  libshutdown2.o(.ARM.Collect$$libshutdown$$0000000B)
    .ARM.Collect$$libshutdown$$0000000E      0x0001412a   Section        0  libshutdown2.o(.ARM.Collect$$libshutdown$$0000000E)
    .ARM.Collect$$libshutdown$$0000000F      0x0001412a   Section        2  libshutdown2.o(.ARM.Collect$$libshutdown$$0000000F)
    .ARM.Collect$$rtentry$$00000000          0x0001412c   Section        0  rtentry.o(.ARM.Collect$$rtentry$$00000000)
    .ARM.Collect$$rtentry$$00000002          0x0001412c   Section        0  rtentry2.o(.ARM.Collect$$rtentry$$00000002)
    .ARM.Collect$$rtentry$$00000004          0x0001412c   Section        6  rtentry4.o(.ARM.Collect$$rtentry$$00000004)
    .ARM.Collect$$rtentry$$00000009          0x00014132   Section        0  rtentry2.o(.ARM.Collect$$rtentry$$00000009)
    .ARM.Collect$$rtentry$$0000000A          0x00014132   Section        4  rtentry2.o(.ARM.Collect$$rtentry$$0000000A)
    .ARM.Collect$$rtentry$$0000000C          0x00014136   Section        0  rtentry2.o(.ARM.Collect$$rtentry$$0000000C)
    .ARM.Collect$$rtentry$$0000000D          0x00014136   Section        8  rtentry2.o(.ARM.Collect$$rtentry$$0000000D)
    .ARM.Collect$$rtexit$$00000000           0x0001413e   Section        2  rtexit.o(.ARM.Collect$$rtexit$$00000000)
    .ARM.Collect$$rtexit$$00000002           0x00014140   Section        0  rtexit2.o(.ARM.Collect$$rtexit$$00000002)
    .ARM.Collect$$rtexit$$00000003           0x00014140   Section        4  rtexit2.o(.ARM.Collect$$rtexit$$00000003)
    .ARM.Collect$$rtexit$$00000004           0x00014144   Section        6  rtexit2.o(.ARM.Collect$$rtexit$$00000004)
    .emb_text                                0x0001414c   Section       30  app_timer.o(.emb_text)
    .emb_text                                0x0001416c   Section       56  rt_memcpy.o(.emb_text)
    .text                                    0x000141a4   Section       72  arm_startup_nrf51.o(.text)
    .text                                    0x000141ec   Section        0  system_nrf51.o(.text)
    is_disabled_in_debug_needed              0x000141f5   Thumb Code    48  system_nrf51.o(.text)
    is_manual_peripheral_setup_needed        0x00014225   Thumb Code    94  system_nrf51.o(.text)
    .text                                    0x000142c4   Section        0  main.o(.text)
    leds_init                                0x000142ff   Thumb Code    28  main.o(.text)
    advertising_start                        0x0001431b   Thumb Code     6  main.o(.text)
    tcl_timeout_handler                      0x00014321   Thumb Code    10  main.o(.text)
    adv_timeout_handler                      0x0001432b   Thumb Code    12  main.o(.text)
    adv_timers_start                         0x00014337   Thumb Code    42  main.o(.text)
    adv_timers_stop                          0x00014361   Thumb Code    36  main.o(.text)
    tcl_timers_start                         0x00014385   Thumb Code    42  main.o(.text)
    tcl_timers_stop                          0x000143af   Thumb Code    36  main.o(.text)
    timers_init                              0x000143d3   Thumb Code   116  main.o(.text)
    gap_params_init                          0x00014447   Thumb Code   124  main.o(.text)
    advertising_init                         0x000144c3   Thumb Code   128  main.o(.text)
    add_id_service                           0x00014543   Thumb Code    46  main.o(.text)
    ble_uart_recv_handler                    0x00014571   Thumb Code    20  main.o(.text)
    button_event_handler                     0x00014585   Thumb Code    56  main.o(.text)
    add_uart_service                         0x000145bd   Thumb Code    42  main.o(.text)
    services_init                            0x000145e7   Thumb Code    12  main.o(.text)
    sec_params_init                          0x000145f3   Thumb Code    66  main.o(.text)
    on_conn_params_evt                       0x00014635   Thumb Code    46  main.o(.text)
    conn_params_error_handler                0x00014663   Thumb Code    16  main.o(.text)
    conn_params_init                         0x00014673   Thumb Code   190  main.o(.text)
    on_ble_evt                               0x00014731   Thumb Code   406  main.o(.text)
    ble_evt_dispatch                         0x000148c7   Thumb Code    34  main.o(.text)
    sys_evt_dispatch                         0x000148e9   Thumb Code    12  main.o(.text)
    ble_stack_init                           0x000148f5   Thumb Code   110  main.o(.text)
    scheduler_init                           0x00014963   Thumb Code    44  main.o(.text)
    gpiote_init                              0x0001498f   Thumb Code    42  main.o(.text)
    buttons_init                             0x000149b9   Thumb Code    46  main.o(.text)
    power_manage                             0x000149e7   Thumb Code    32  main.o(.text)
    protocol_init                            0x00014a07   Thumb Code    14  main.o(.text)
    nrf_gpio_cfg_output                      0x00014a55   Thumb Code    18  main.o(.text)
    nrf_gpio_pin_set                         0x00014a67   Thumb Code    10  main.o(.text)
    app_timer_evt_schedule                   0x00014a71   Thumb Code    22  main.o(.text)
    app_button_evt_schedule                  0x00014a87   Thumb Code    22  main.o(.text)
    app_timer_evt_get                        0x00014a9d   Thumb Code    48  main.o(.text)
    app_button_evt_get                       0x00014acd   Thumb Code    46  main.o(.text)
    .text                                    0x00014ba4   Section        0  application.o(.text)
    al_load_payload                          0x00014bc5   Thumb Code    54  application.o(.text)
    al_calc_payload_length                   0x00014bfb   Thumb Code    34  application.o(.text)
    al_download_payload                      0x00014c1d   Thumb Code    48  application.o(.text)
    .text                                    0x00014e1c   Section        0  transport.o(.text)
    tcl_timer_start                          0x00014e1d   Thumb Code     6  transport.o(.text)
    tcl_timer_stop                           0x00014e23   Thumb Code     8  transport.o(.text)
    checksum                                 0x00014e2b   Thumb Code    60  transport.o(.text)
    tcl_is_ack_packet                        0x00014e67   Thumb Code    10  transport.o(.text)
    tcl_init_send_env                        0x00014e71   Thumb Code    20  transport.o(.text)
    tcl_send_failed                          0x00014e85   Thumb Code    20  transport.o(.text)
    tcl_send_success                         0x00014e99   Thumb Code    20  transport.o(.text)
    tcl_header_init                          0x00014ead   Thumb Code    20  transport.o(.text)
    tcl_init_recv_env                        0x00014ec1   Thumb Code    20  transport.o(.text)
    tcl_is_last_packet                       0x00014ed5   Thumb Code    22  transport.o(.text)
    tcl_load_packet_header                   0x00014eeb   Thumb Code    14  transport.o(.text)
    tcl_load_packet_payload                  0x00014ef9   Thumb Code    44  transport.o(.text)
    tcl_load_packet_checksum                 0x00014f25   Thumb Code    18  transport.o(.text)
    tcl_load_packet                          0x00014f37   Thumb Code    24  transport.o(.text)
    tcl_send_sub_packet                      0x00014f4f   Thumb Code    42  transport.o(.text)
    tcl_set_send_env                         0x00014f79   Thumb Code    46  transport.o(.text)
    tcl_send_ack_packet                      0x00014fcb   Thumb Code    68  transport.o(.text)
    tcl_process_recv_ack                     0x0001500f   Thumb Code    94  transport.o(.text)
    tcl_download_recv_packet_payload         0x0001506d   Thumb Code    46  transport.o(.text)
    tcl_process_recv_packet                  0x0001509b   Thumb Code    96  transport.o(.text)
    tcl_check_recv_packet                    0x000150fb   Thumb Code    48  transport.o(.text)
    tcl_packet_init                          0x000151c7   Thumb Code    36  transport.o(.text)
    tcl_timer_init                           0x000151eb   Thumb Code    16  transport.o(.text)
    .text                                    0x00015260   Section        0  protocol.o(.text)
    ble_send_handler                         0x00015261   Thumb Code    40  protocol.o(.text)
    .text                                    0x000152d8   Section        0  ble_id.o(.text)
    on_connect                               0x000152dd   Thumb Code     6  ble_id.o(.text)
    on_disconnect                            0x000152e3   Thumb Code     8  ble_id.o(.text)
    id_char_add                              0x00015317   Thumb Code   242  ble_id.o(.text)
    .text                                    0x0001546c   Section        0  ble_uart.o(.text)
    on_connect                               0x0001546d   Thumb Code     6  ble_uart.o(.text)
    on_disconnect                            0x00015473   Thumb Code     8  ble_uart.o(.text)
    on_write                                 0x0001547b   Thumb Code    38  ble_uart.o(.text)
    uart_send_char_add                       0x000154db   Thumb Code   334  ble_uart.o(.text)
    uart_recv_char_add                       0x00015629   Thumb Code   260  ble_uart.o(.text)
    .text                                    0x000157d4   Section        0  pstorage.o(.text)
    cmd_queue_init_element                   0x000157d5   Thumb Code    56  pstorage.o(.text)
    cmd_queue_init                           0x0001580d   Thumb Code    36  pstorage.o(.text)
    process_cmd                              0x00015831   Thumb Code   172  pstorage.o(.text)
    cmd_queue_enqueue                        0x000158dd   Thumb Code   250  pstorage.o(.text)
    app_notify                               0x000159d7   Thumb Code   104  pstorage.o(.text)
    cmd_queue_dequeue                        0x00015a3f   Thumb Code   100  pstorage.o(.text)
    is_word_aligned                          0x00015f4b   Thumb Code    16  pstorage.o(.text)
    .text                                    0x00015f70   Section        0  ble_advdata.o(.text)
    name_encode                              0x00015f71   Thumb Code   150  ble_advdata.o(.text)
    appearance_encode                        0x00016007   Thumb Code    74  ble_advdata.o(.text)
    uint8_array_encode                       0x00016051   Thumb Code    82  ble_advdata.o(.text)
    tx_power_level_encode                    0x000160a3   Thumb Code    48  ble_advdata.o(.text)
    uuid_list_sized_encode                   0x000160d3   Thumb Code   196  ble_advdata.o(.text)
    uuid_list_encode                         0x00016197   Thumb Code    64  ble_advdata.o(.text)
    conn_int_check                           0x000161d7   Thumb Code    88  ble_advdata.o(.text)
    conn_int_encode                          0x0001622f   Thumb Code    92  ble_advdata.o(.text)
    manuf_specific_data_encode               0x0001628b   Thumb Code   106  ble_advdata.o(.text)
    service_data_encode                      0x000162f5   Thumb Code   140  ble_advdata.o(.text)
    adv_data_encode                          0x00016381   Thumb Code   304  ble_advdata.o(.text)
    advdata_check                            0x000164b1   Thumb Code    32  ble_advdata.o(.text)
    srdata_check                             0x000164d1   Thumb Code    16  ble_advdata.o(.text)
    uint16_encode                            0x0001655b   Thumb Code    18  ble_advdata.o(.text)
    .text                                    0x00016570   Section        0  app_scheduler.o(.text)
    app_sched_event_get                      0x0001669f   Thumb Code    84  app_scheduler.o(.text)
    current_int_priority_get                 0x00016711   Thumb Code    84  app_scheduler.o(.text)
    next_index                               0x00016765   Thumb Code    20  app_scheduler.o(.text)
    .text                                    0x000167d0   Section        0  app_timer.o(.text)
    NVIC_SetPriority                         0x000167d1   Thumb Code   110  app_timer.o(.text)
    rtc1_init                                0x0001683f   Thumb Code    18  app_timer.o(.text)
    rtc1_start                               0x00016851   Thumb Code    42  app_timer.o(.text)
    rtc1_stop                                0x0001687b   Thumb Code    44  app_timer.o(.text)
    timer_list_insert                        0x000168a7   Thumb Code   206  app_timer.o(.text)
    timer_list_remove                        0x00016975   Thumb Code   150  app_timer.o(.text)
    timer_timeouts_check_sched               0x00016a0b   Thumb Code    10  app_timer.o(.text)
    timer_list_handler_sched                 0x00016a15   Thumb Code    10  app_timer.o(.text)
    timeout_handler_exec                     0x00016a1f   Thumb Code    60  app_timer.o(.text)
    timer_timeouts_check                     0x00016a5b   Thumb Code   128  app_timer.o(.text)
    elapsed_ticks_acquire                    0x00016adb   Thumb Code    82  app_timer.o(.text)
    list_deletions_handler                   0x00016b2d   Thumb Code   280  app_timer.o(.text)
    expired_timers_handler                   0x00016c45   Thumb Code    98  app_timer.o(.text)
    list_insertions_handler                  0x00016ca7   Thumb Code   260  app_timer.o(.text)
    compare_reg_update                       0x00016dab   Thumb Code   124  app_timer.o(.text)
    timer_list_handler                       0x00016e27   Thumb Code    70  app_timer.o(.text)
    user_op_enque                            0x00016e6d   Thumb Code     4  app_timer.o(.text)
    user_op_alloc                            0x00016e71   Thumb Code    44  app_timer.o(.text)
    timer_start_op_schedule                  0x00016e9d   Thumb Code    80  app_timer.o(.text)
    timer_stop_op_schedule                   0x00016eed   Thumb Code    58  app_timer.o(.text)
    timer_stop_all_op_schedule               0x00016f27   Thumb Code    58  app_timer.o(.text)
    user_id_get                              0x000170f5   Thumb Code    34  app_timer.o(.text)
    NVIC_EnableIRQ                           0x000171f3   Thumb Code    14  app_timer.o(.text)
    NVIC_SetPendingIRQ                       0x00017201   Thumb Code    14  app_timer.o(.text)
    NVIC_ClearPendingIRQ                     0x0001720f   Thumb Code    16  app_timer.o(.text)
    current_int_priority_get                 0x0001721f   Thumb Code    84  app_timer.o(.text)
    rtc1_counter_get                         0x00017273   Thumb Code     6  app_timer.o(.text)
    ticks_diff_get                           0x00017279   Thumb Code    10  app_timer.o(.text)
    .text                                    0x000172a0   Section        0  ble_conn_params.o(.text)
    is_conn_params_ok                        0x000172a1   Thumb Code    30  ble_conn_params.o(.text)
    update_timeout_handler                   0x000172bf   Thumb Code   136  ble_conn_params.o(.text)
    conn_params_negotiation                  0x000173ad   Thumb Code   126  ble_conn_params.o(.text)
    on_connect                               0x0001742b   Thumb Code    42  ble_conn_params.o(.text)
    on_disconnect                            0x00017455   Thumb Code    50  ble_conn_params.o(.text)
    on_write                                 0x00017487   Thumb Code    84  ble_conn_params.o(.text)
    on_conn_params_update                    0x000174db   Thumb Code    20  ble_conn_params.o(.text)
    .text                                    0x000175a8   Section        0  softdevice_handler.o(.text)
    .text                                    0x00017778   Section        0  app_button.o(.text)
    button_handler_execute                   0x00017779   Thumb Code    58  app_button.o(.text)
    detection_delay_timeout_handler          0x000177b3   Thumb Code   112  app_button.o(.text)
    gpiote_event_handler                     0x00017823   Thumb Code    46  app_button.o(.text)
    .text                                    0x00017a00   Section        0  app_gpiote.o(.text)
    sense_level_toggle                       0x00017a01   Thumb Code   124  app_gpiote.o(.text)
    pins_sense_disable                       0x00017ae7   Thumb Code    96  app_gpiote.o(.text)
    NVIC_SetPriority                         0x00017d97   Thumb Code   110  app_gpiote.o(.text)
    .text                                    0x00017e2c   Section        0  ble_debug_assert_handler.o(.text)
    .text                                    0x00017e68   Section        0  strlen.o(.text)
    .text                                    0x00017eac   Section        0  rt_memcpy.o(.text)
    .text                                    0x00017f2e   Section        0  rt_memclr.o(.text)
    .text                                    0x00017f70   Section        0  strncpy.o(.text)
    .text                                    0x00017fdc   Section      346  aeabi_sdiv.o(.text)
    .text                                    0x00018136   Section        0  heapauxi.o(.text)
    .text                                    0x0001813c   Section       62  sys_stackheap_outer.o(.text)
    .text                                    0x0001817a   Section        0  exit.o(.text)
    .text                                    0x00018188   Section        8  libspace.o(.text)
    .text                                    0x00018190   Section        0  sys_exit.o(.text)
    .text                                    0x0001819c   Section        2  use_no_semi.o(.text)
    .text                                    0x0001819e   Section        0  indicate_semi.o(.text)
    .text                                    0x0001819e   Section        0  __dczerorl2.o(.text)
    i.__ARM_common_switch8                   0x000181f4   Section        0  application.o(i.__ARM_common_switch8)
    .constdata                               0x00018210   Section        4  main.o(.constdata)
    .constdata                               0x00018214   Section       16  ble_id.o(.constdata)
    .constdata                               0x00018224   Section       16  ble_uart.o(.constdata)
    .conststring                             0x00018234   Section       30  ble_id.o(.conststring)
    .conststring                             0x00018252   Section       61  ble_uart.o(.conststring)
    .data                                    0x20002000   Section        4  system_nrf51.o(.data)
    __tagsym$$used                           0x20002000   Number         0  system_nrf51.o(.data)
    .data                                    0x20002004   Section       46  main.o(.data)
    m_conn_handle                            0x20002004   Data           2  main.o(.data)
    m_product_id                             0x20002008   Data           4  main.o(.data)
    m_tcl_timer_id                           0x2000200c   Data           4  main.o(.data)
    m_adv_timer_id                           0x20002010   Data           4  main.o(.data)
    buttons                                  0x20002014   Data          24  main.o(.data)
    m_sec_params                             0x2000202c   Data           6  main.o(.data)
    .data                                    0x20002034   Section       32  application.o(.data)
    m_resend_count                           0x20002034   Data           1  application.o(.data)
    m_al_send_status                         0x20002038   Data           4  application.o(.data)
    al_process_dfu_handler                   0x2000203c   Data           4  application.o(.data)
    al_process_settting_handler              0x20002040   Data           4  application.o(.data)
    al_process_control_handler               0x20002044   Data           4  application.o(.data)
    al_process_status_handler                0x20002048   Data           4  application.o(.data)
    al_process_test_handler                  0x2000204c   Data           4  application.o(.data)
    al_process_log_handler                   0x20002050   Data           4  application.o(.data)
    .data                                    0x20002054   Section       48  transport.o(.data)
    ble_send_handler                         0x20002054   Data           4  transport.o(.data)
    al_recv_handler                          0x20002058   Data           4  transport.o(.data)
    al_send_failed_handler                   0x2000205c   Data           4  transport.o(.data)
    al_send_success_handler                  0x20002060   Data           4  transport.o(.data)
    m_p_send_data                            0x20002064   Data           4  transport.o(.data)
    m_send_data_length_left                  0x20002068   Data           2  transport.o(.data)
    m_send_sub_packet_number                 0x2000206a   Data           1  transport.o(.data)
    m_send_sequence_id                       0x2000206b   Data           1  transport.o(.data)
    m_send_status                            0x2000206c   Data           4  transport.o(.data)
    m_send_sub_packet_timer                  0x20002070   Data           8  transport.o(.data)
    m_recv_data_length_count                 0x20002078   Data           2  transport.o(.data)
    m_recv_packet_timer                      0x2000207c   Data           8  transport.o(.data)
    .data                                    0x20002084   Section        4  protocol.o(.data)
    m_p_uart                                 0x20002084   Data           4  protocol.o(.data)
    .data                                    0x20002088   Section        4  ble_id.o(.data)
    pUserDesc                                0x20002088   Data           4  ble_id.o(.data)
    .data                                    0x2000208c   Section        8  ble_uart.o(.data)
    pUserDesc                                0x2000208c   Data           4  ble_uart.o(.data)
    pUserDesc                                0x20002090   Data           4  ble_uart.o(.data)
    .data                                    0x20002094   Section       10  pstorage.o(.data)
    m_module_initialized                     0x20002094   Data           1  pstorage.o(.data)
    m_next_app_instance                      0x20002096   Data           2  pstorage.o(.data)
    m_next_page_addr                         0x20002098   Data           4  pstorage.o(.data)
    m_round_val                              0x2000209c   Data           2  pstorage.o(.data)
    .data                                    0x200020a0   Section       14  app_scheduler.o(.data)
    m_queue_event_headers                    0x200020a0   Data           4  app_scheduler.o(.data)
    m_queue_event_data                       0x200020a4   Data           4  app_scheduler.o(.data)
    m_queue_start_index                      0x200020a8   Data           1  app_scheduler.o(.data)
    m_queue_end_index                        0x200020a9   Data           1  app_scheduler.o(.data)
    m_queue_event_size                       0x200020aa   Data           2  app_scheduler.o(.data)
    m_queue_size                             0x200020ac   Data           2  app_scheduler.o(.data)
    .data                                    0x200020b0   Section       36  app_timer.o(.data)
    mp_nodes                                 0x200020b0   Data           4  app_timer.o(.data)
    m_node_array_size                        0x200020b4   Data           1  app_timer.o(.data)
    m_user_array_size                        0x200020b5   Data           1  app_timer.o(.data)
    mp_users                                 0x200020b8   Data           4  app_timer.o(.data)
    m_timer_id_head                          0x200020bc   Data           4  app_timer.o(.data)
    m_ticks_latest                           0x200020c0   Data           4  app_timer.o(.data)
    m_ticks_elapsed                          0x200020c4   Data           8  app_timer.o(.data)
    m_ticks_elapsed_q_read_ind               0x200020cc   Data           1  app_timer.o(.data)
    m_ticks_elapsed_q_write_ind              0x200020cd   Data           1  app_timer.o(.data)
    m_evt_schedule_func                      0x200020d0   Data           4  app_timer.o(.data)
    .data                                    0x200020d4   Section       28  ble_conn_params.o(.data)
    m_change_param                           0x200020d4   Data           1  ble_conn_params.o(.data)
    m_preferred_conn_params                  0x200020d6   Data           8  ble_conn_params.o(.data)
    m_update_count                           0x200020de   Data           1  ble_conn_params.o(.data)
    m_conn_handle                            0x200020e0   Data           2  ble_conn_params.o(.data)
    m_current_conn_params                    0x200020e2   Data           8  ble_conn_params.o(.data)
    m_conn_params_timer_id                   0x200020ec   Data           4  ble_conn_params.o(.data)
    .data                                    0x200020f0   Section       24  softdevice_handler.o(.data)
    m_softdevice_enabled                     0x200020f0   Data           1  softdevice_handler.o(.data)
    m_evt_schedule_func                      0x200020f4   Data           4  softdevice_handler.o(.data)
    m_evt_buffer                             0x200020f8   Data           4  softdevice_handler.o(.data)
    m_ble_evt_buffer_size                    0x200020fc   Data           2  softdevice_handler.o(.data)
    m_ble_evt_handler                        0x20002100   Data           4  softdevice_handler.o(.data)
    m_sys_evt_handler                        0x20002104   Data           4  softdevice_handler.o(.data)
    .data                                    0x20002108   Section       32  app_button.o(.data)
    mp_buttons                               0x20002108   Data           4  app_button.o(.data)
    m_button_count                           0x2000210c   Data           1  app_button.o(.data)
    m_active_low_states_mask                 0x20002110   Data           4  app_button.o(.data)
    m_active_high_states_mask                0x20002114   Data           4  app_button.o(.data)
    m_detection_delay                        0x20002118   Data           4  app_button.o(.data)
    m_evt_schedule_func                      0x2000211c   Data           4  app_button.o(.data)
    m_gpiote_user_id                         0x20002120   Data           1  app_button.o(.data)
    m_detection_delay_timer_id               0x20002124   Data           4  app_button.o(.data)
    .data                                    0x20002128   Section       10  app_gpiote.o(.data)
    mp_users                                 0x20002128   Data           4  app_gpiote.o(.data)
    m_enabled_users_mask                     0x2000212c   Data           4  app_gpiote.o(.data)
    m_user_array_size                        0x20002130   Data           1  app_gpiote.o(.data)
    m_user_count                             0x20002131   Data           1  app_gpiote.o(.data)
    .data                                    0x20002134   Section        8  ble_debug_assert_handler.o(.data)
    s_line_num                               0x20002134   Data           2  ble_debug_assert_handler.o(.data)
    s_error_code                             0x20002138   Data           4  ble_debug_assert_handler.o(.data)
    .bss                                     0x2000213c   Section     1088  main.o(.bss)
    APP_TIMER_BUF                            0x2000213c   Data         688  main.o(.bss)
    m_auth_status                            0x200023ec   Data          50  main.o(.bss)
    EVT_BUFFER                               0x20002420   Data          80  main.o(.bss)
    APP_SCHED_BUF                            0x20002470   Data         176  main.o(.bss)
    app_gpiote_buf                           0x20002520   Data          20  main.o(.bss)
    m_id                                     0x20002534   Data          22  main.o(.bss)
    m_uart                                   0x2000254c   Data          28  main.o(.bss)
    adv_params                               0x20002568   Data          20  main.o(.bss)
    .bss                                     0x2000257c   Section      504  application.o(.bss)
    m_al_send_packet                         0x2000257c   Data         504  application.o(.bss)
    .bss                                     0x20002774   Section      544  transport.o(.bss)
    m_send_packet                            0x20002774   Data          20  transport.o(.bss)
    m_send_ack_packet                        0x20002788   Data          20  transport.o(.bss)
    m_recv_payload                           0x2000279c   Data         504  transport.o(.bss)
    .bss                                     0x20002994   Section      636  pstorage.o(.bss)
    m_cmd_queue                              0x20002994   Data         604  pstorage.o(.bss)
    m_app_table                              0x20002bf0   Data          32  pstorage.o(.bss)
    .bss                                     0x20002c10   Section       28  ble_conn_params.o(.bss)
    m_conn_params_config                     0x20002c10   Data          28  ble_conn_params.o(.bss)
    .bss                                     0x20002c2c   Section      128  ble_debug_assert_handler.o(.bss)
    s_file_name                              0x20002c2c   Data         128  ble_debug_assert_handler.o(.bss)
    .bss                                     0x20002cac   Section       96  libspace.o(.bss)
    HEAP                                     0x20002d10   Section     2048  arm_startup_nrf51.o(HEAP)
    Heap_Mem                                 0x20002d10   Data        2048  arm_startup_nrf51.o(HEAP)
    STACK                                    0x20003510   Section     2048  arm_startup_nrf51.o(STACK)
    Stack_Mem                                0x20003510   Data        2048  arm_startup_nrf51.o(STACK)
    __initial_sp                             0x20003d10   Data           0  arm_startup_nrf51.o(STACK)

    Global Symbols

    Symbol Name                              Value     Ov Type        Size  Object(Section)

    BuildAttributes$$THM_ISAv3M$S$PE$A:L22$X:L11$S22$IEEE1$IW$USESV6$~STKCKD$USESV7$ENUMINT$~SHL$OSPACE$ROPI$EBA8$UX$STANDARDLIB$REQ8$PRES8$EABIv2 0x00000000   Number         0  anon$$obj.o ABSOLUTE
    __ARM_use_no_argv                        0x00000000   Number         0  main.o ABSOLUTE
    __ARM_exceptions_init                     - Undefined Weak Reference
    __alloca_initialize                       - Undefined Weak Reference
    __cpp_initialize__aeabi_                  - Undefined Weak Reference
    __cxa_finalize                            - Undefined Weak Reference
    __rt_locale                               - Undefined Weak Reference
    __sigvec_lookup                           - Undefined Weak Reference
    _atexit_init                              - Undefined Weak Reference
    _call_atexit_fns                          - Undefined Weak Reference
    _clock_init                               - Undefined Weak Reference
    _fp_trap_init                             - Undefined Weak Reference
    _fp_trap_shutdown                         - Undefined Weak Reference
    _get_lc_collate                           - Undefined Weak Reference
    _get_lc_ctype                             - Undefined Weak Reference
    _get_lc_monetary                          - Undefined Weak Reference
    _get_lc_numeric                           - Undefined Weak Reference
    _get_lc_time                              - Undefined Weak Reference
    _getenv_init                              - Undefined Weak Reference
    _handle_redirection                       - Undefined Weak Reference
    _init_alloc                               - Undefined Weak Reference
    _init_user_alloc                          - Undefined Weak Reference
    _initio                                   - Undefined Weak Reference
    _rand_init                                - Undefined Weak Reference
    _signal_finish                            - Undefined Weak Reference
    _signal_init                              - Undefined Weak Reference
    _terminate_alloc                          - Undefined Weak Reference
    _terminate_user_alloc                     - Undefined Weak Reference
    _terminateio                              - Undefined Weak Reference
    __Vectors_Size                           0x000000c0   Number         0  arm_startup_nrf51.o ABSOLUTE
    __Vectors                                0x00014000   Data           4  arm_startup_nrf51.o(RESET)
    __Vectors_End                            0x000140c0   Data           0  arm_startup_nrf51.o(RESET)
    __main                                   0x000140c1   Thumb Code     8  __main.o(!!!main)
    __scatterload                            0x000140c9   Thumb Code     0  __scatter.o(!!!scatter)
    __scatterload_rt2                        0x000140c9   Thumb Code    52  __scatter.o(!!!scatter)
    __scatterload_rt2_thumb_only             0x000140c9   Thumb Code     0  __scatter.o(!!!scatter)
    __scatterload_null                       0x000140d9   Thumb Code     0  __scatter.o(!!!scatter)
    __scatterload_zeroinit                   0x00014105   Thumb Code    28  __scatter_zi.o(!!handler_zi)
    __rt_lib_init                            0x00014121   Thumb Code     0  libinit.o(.ARM.Collect$$libinit$$00000000)
    __rt_lib_init_fp_1                       0x00014123   Thumb Code     0  libinit2.o(.ARM.Collect$$libinit$$00000001)
    __rt_lib_init_alloca_1                   0x00014127   Thumb Code     0  libinit2.o(.ARM.Collect$$libinit$$0000002C)
    __rt_lib_init_argv_1                     0x00014127   Thumb Code     0  libinit2.o(.ARM.Collect$$libinit$$0000002A)
    __rt_lib_init_atexit_1                   0x00014127   Thumb Code     0  libinit2.o(.ARM.Collect$$libinit$$00000019)
    __rt_lib_init_clock_1                    0x00014127   Thumb Code     0  libinit2.o(.ARM.Collect$$libinit$$0000001F)
    __rt_lib_init_cpp_1                      0x00014127   Thumb Code     0  libinit2.o(.ARM.Collect$$libinit$$00000030)
    __rt_lib_init_exceptions_1               0x00014127   Thumb Code     0  libinit2.o(.ARM.Collect$$libinit$$0000002E)
    __rt_lib_init_fp_trap_1                  0x00014127   Thumb Code     0  libinit2.o(.ARM.Collect$$libinit$$0000001D)
    __rt_lib_init_getenv_1                   0x00014127   Thumb Code     0  libinit2.o(.ARM.Collect$$libinit$$00000021)
    __rt_lib_init_heap_1                     0x00014127   Thumb Code     0  libinit2.o(.ARM.Collect$$libinit$$00000008)
    __rt_lib_init_lc_collate_1               0x00014127   Thumb Code     0  libinit2.o(.ARM.Collect$$libinit$$0000000F)
    __rt_lib_init_lc_ctype_1                 0x00014127   Thumb Code     0  libinit2.o(.ARM.Collect$$libinit$$00000011)
    __rt_lib_init_lc_monetary_1              0x00014127   Thumb Code     0  libinit2.o(.ARM.Collect$$libinit$$00000013)
    __rt_lib_init_lc_numeric_1               0x00014127   Thumb Code     0  libinit2.o(.ARM.Collect$$libinit$$00000015)
    __rt_lib_init_lc_time_1                  0x00014127   Thumb Code     0  libinit2.o(.ARM.Collect$$libinit$$00000017)
    __rt_lib_init_rand_1                     0x00014127   Thumb Code     0  libinit2.o(.ARM.Collect$$libinit$$0000000C)
    __rt_lib_init_return                     0x00014127   Thumb Code     0  libinit2.o(.ARM.Collect$$libinit$$00000031)
    __rt_lib_init_signal_1                   0x00014127   Thumb Code     0  libinit2.o(.ARM.Collect$$libinit$$0000001B)
    __rt_lib_init_stdio_1                    0x00014127   Thumb Code     0  libinit2.o(.ARM.Collect$$libinit$$00000023)
    __rt_lib_init_user_alloc_1               0x00014127   Thumb Code     0  libinit2.o(.ARM.Collect$$libinit$$0000000A)
    __rt_lib_shutdown                        0x00014129   Thumb Code     0  libshutdown.o(.ARM.Collect$$libshutdown$$00000000)
    __rt_lib_shutdown_fp_trap_1              0x0001412b   Thumb Code     0  libshutdown2.o(.ARM.Collect$$libshutdown$$00000006)
    __rt_lib_shutdown_heap_1                 0x0001412b   Thumb Code     0  libshutdown2.o(.ARM.Collect$$libshutdown$$0000000E)
    __rt_lib_shutdown_return                 0x0001412b   Thumb Code     0  libshutdown2.o(.ARM.Collect$$libshutdown$$0000000F)
    __rt_lib_shutdown_signal_1               0x0001412b   Thumb Code     0  libshutdown2.o(.ARM.Collect$$libshutdown$$00000009)
    __rt_lib_shutdown_stdio_1                0x0001412b   Thumb Code     0  libshutdown2.o(.ARM.Collect$$libshutdown$$00000003)
    __rt_lib_shutdown_user_alloc_1           0x0001412b   Thumb Code     0  libshutdown2.o(.ARM.Collect$$libshutdown$$0000000B)
    __rt_entry                               0x0001412d   Thumb Code     0  rtentry.o(.ARM.Collect$$rtentry$$00000000)
    __rt_entry_presh_1                       0x0001412d   Thumb Code     0  rtentry2.o(.ARM.Collect$$rtentry$$00000002)
    __rt_entry_sh                            0x0001412d   Thumb Code     0  rtentry4.o(.ARM.Collect$$rtentry$$00000004)
    __rt_entry_li                            0x00014133   Thumb Code     0  rtentry2.o(.ARM.Collect$$rtentry$$0000000A)
    __rt_entry_postsh_1                      0x00014133   Thumb Code     0  rtentry2.o(.ARM.Collect$$rtentry$$00000009)
    __rt_entry_main                          0x00014137   Thumb Code     0  rtentry2.o(.ARM.Collect$$rtentry$$0000000D)
    __rt_entry_postli_1                      0x00014137   Thumb Code     0  rtentry2.o(.ARM.Collect$$rtentry$$0000000C)
    __rt_exit                                0x0001413f   Thumb Code     0  rtexit.o(.ARM.Collect$$rtexit$$00000000)
    __rt_exit_ls                             0x00014141   Thumb Code     0  rtexit2.o(.ARM.Collect$$rtexit$$00000003)
    __rt_exit_prels_1                        0x00014141   Thumb Code     0  rtexit2.o(.ARM.Collect$$rtexit$$00000002)
    __rt_exit_exit                           0x00014145   Thumb Code     0  rtexit2.o(.ARM.Collect$$rtexit$$00000004)
    __asm___11_app_timer_c_cd27f9c3__nrf_delay_us 0x0001414d   Thumb Code    30  app_timer.o(.emb_text)
    __aeabi_memcpy4                          0x0001416d   Thumb Code    56  rt_memcpy.o(.emb_text)
    __aeabi_memcpy8                          0x0001416d   Thumb Code     0  rt_memcpy.o(.emb_text)
    Reset_Handler                            0x000141a5   Thumb Code    18  arm_startup_nrf51.o(.text)
    NMI_Handler                              0x000141b7   Thumb Code     2  arm_startup_nrf51.o(.text)
    HardFault_Handler                        0x000141b9   Thumb Code     2  arm_startup_nrf51.o(.text)
    SVC_Handler                              0x000141bb   Thumb Code     2  arm_startup_nrf51.o(.text)
    PendSV_Handler                           0x000141bd   Thumb Code     2  arm_startup_nrf51.o(.text)
    SysTick_Handler                          0x000141bf   Thumb Code     2  arm_startup_nrf51.o(.text)
    ADC_IRQHandler                           0x000141c1   Thumb Code     0  arm_startup_nrf51.o(.text)
    CCM_AAR_IRQHandler                       0x000141c1   Thumb Code     0  arm_startup_nrf51.o(.text)
    ECB_IRQHandler                           0x000141c1   Thumb Code     0  arm_startup_nrf51.o(.text)
    LPCOMP_COMP_IRQHandler                   0x000141c1   Thumb Code     0  arm_startup_nrf51.o(.text)
    POWER_CLOCK_IRQHandler                   0x000141c1   Thumb Code     0  arm_startup_nrf51.o(.text)
    QDEC_IRQHandler                          0x000141c1   Thumb Code     0  arm_startup_nrf51.o(.text)
    RADIO_IRQHandler                         0x000141c1   Thumb Code     0  arm_startup_nrf51.o(.text)
    RNG_IRQHandler                           0x000141c1   Thumb Code     0  arm_startup_nrf51.o(.text)
    RTC0_IRQHandler                          0x000141c1   Thumb Code     0  arm_startup_nrf51.o(.text)
    SPI0_TWI0_IRQHandler                     0x000141c1   Thumb Code     0  arm_startup_nrf51.o(.text)
    SPI1_TWI1_IRQHandler                     0x000141c1   Thumb Code     0  arm_startup_nrf51.o(.text)
    SWI1_IRQHandler                          0x000141c1   Thumb Code     0  arm_startup_nrf51.o(.text)
    SWI3_IRQHandler                          0x000141c1   Thumb Code     0  arm_startup_nrf51.o(.text)
    SWI4_IRQHandler                          0x000141c1   Thumb Code     0  arm_startup_nrf51.o(.text)
    SWI5_IRQHandler                          0x000141c1   Thumb Code     0  arm_startup_nrf51.o(.text)
    TEMP_IRQHandler                          0x000141c1   Thumb Code     0  arm_startup_nrf51.o(.text)
    TIMER0_IRQHandler                        0x000141c1   Thumb Code     0  arm_startup_nrf51.o(.text)
    TIMER1_IRQHandler                        0x000141c1   Thumb Code     0  arm_startup_nrf51.o(.text)
    TIMER2_IRQHandler                        0x000141c1   Thumb Code     0  arm_startup_nrf51.o(.text)
    UART0_IRQHandler                         0x000141c1   Thumb Code     0  arm_startup_nrf51.o(.text)
    WDT_IRQHandler                           0x000141c1   Thumb Code     0  arm_startup_nrf51.o(.text)
    __user_initial_stackheap                 0x000141c5   Thumb Code     0  arm_startup_nrf51.o(.text)
    SystemCoreClockUpdate                    0x000141ed   Thumb Code     8  system_nrf51.o(.text)
    SystemInit                               0x00014283   Thumb Code    38  system_nrf51.o(.text)
    app_error_handler                        0x000142c5   Thumb Code    44  main.o(.text)
    assert_nrf_callback                      0x000142f1   Thumb Code    14  main.o(.text)
    main                                     0x00014a15   Thumb Code    64  main.o(.text)
    al_send_status                           0x00014ba5   Thumb Code    16  application.o(.text)
    al_send_failed                           0x00014bb5   Thumb Code     8  application.o(.text)
    al_send_success                          0x00014bbd   Thumb Code     8  application.o(.text)
    al_send_packet                           0x00014c4d   Thumb Code   100  application.o(.text)
    al_send_execute_status_packet            0x00014cb1   Thumb Code    28  application.o(.text)
    al_recv_packet                           0x00014ccd   Thumb Code   172  application.o(.text)
    al_init                                  0x00014d79   Thumb Code    38  application.o(.text)
    al_process_control_packet                0x00014d9f   Thumb Code    88  application.o(.text)
    tcl_send_status                          0x00014fa7   Thumb Code     6  transport.o(.text)
    tcl_send_packet                          0x00014fad   Thumb Code    30  transport.o(.text)
    tcl_recv_packet                          0x0001512b   Thumb Code    78  transport.o(.text)
    tcl_timer_time_out                       0x00015179   Thumb Code    78  transport.o(.text)
    tcl_init                                 0x000151fb   Thumb Code    42  transport.o(.text)
    purifier_protocol_init                   0x00015289   Thumb Code    52  protocol.o(.text)
    InitID                                   0x000152d9   Thumb Code     4  ble_id.o(.text)
    ble_id_on_ble_evt                        0x000152eb   Thumb Code    44  ble_id.o(.text)
    ble_id_init                              0x00015409   Thumb Code    90  ble_id.o(.text)
    ble_uart_on_ble_evt                      0x000154a1   Thumb Code    58  ble_uart.o(.text)
    ble_uart_init                            0x0001572d   Thumb Code   112  ble_uart.o(.text)
    ble_uart_send                            0x0001579d   Thumb Code    42  ble_uart.o(.text)
    pstorage_sys_event_handler               0x00015aa3   Thumb Code   104  pstorage.o(.text)
    pstorage_init                            0x00015b0b   Thumb Code   112  pstorage.o(.text)
    pstorage_register                        0x00015b7b   Thumb Code   338  pstorage.o(.text)
    pstorage_block_identifier_get            0x00015ccd   Thumb Code   136  pstorage.o(.text)
    pstorage_store                           0x00015d55   Thumb Code   188  pstorage.o(.text)
    pstorage_load                            0x00015e11   Thumb Code   188  pstorage.o(.text)
    pstorage_clear                           0x00015ecd   Thumb Code   126  pstorage.o(.text)
    ble_advdata_set                          0x000164e1   Thumb Code   122  ble_advdata.o(.text)
    app_sched_init                           0x00016571   Thumb Code    64  app_scheduler.o(.text)
    app_sched_event_put                      0x000165b1   Thumb Code   238  app_scheduler.o(.text)
    app_sched_execute                        0x000166f3   Thumb Code    30  app_scheduler.o(.text)
    RTC1_IRQHandler                          0x00016f61   Thumb Code    34  app_timer.o(.text)
    SWI0_IRQHandler                          0x00016f83   Thumb Code     8  app_timer.o(.text)
    app_timer_init                           0x00016f8b   Thumb Code   254  app_timer.o(.text)
    app_timer_create                         0x00017089   Thumb Code   108  app_timer.o(.text)
    app_timer_start                          0x00017117   Thumb Code    98  app_timer.o(.text)
    app_timer_stop                           0x00017179   Thumb Code    60  app_timer.o(.text)
    app_timer_stop_all                       0x000171b5   Thumb Code    26  app_timer.o(.text)
    app_timer_cnt_get                        0x000171cf   Thumb Code    14  app_timer.o(.text)
    app_timer_cnt_diff_compute               0x000171dd   Thumb Code    22  app_timer.o(.text)
    ble_conn_params_init                     0x00017347   Thumb Code    90  ble_conn_params.o(.text)
    ble_conn_params_stop                     0x000173a1   Thumb Code    12  ble_conn_params.o(.text)
    ble_conn_params_on_ble_evt               0x000174ef   Thumb Code    62  ble_conn_params.o(.text)
    ble_conn_params_change_conn_params       0x0001752d   Thumb Code    86  ble_conn_params.o(.text)
    softdevice_assertion_handler             0x000175a9   Thumb Code    18  softdevice_handler.o(.text)
    intern_softdevice_events_execute         0x000175bb   Thumb Code   168  softdevice_handler.o(.text)
    softdevice_handler_init                  0x00017663   Thumb Code    82  softdevice_handler.o(.text)
    softdevice_handler_sd_disable            0x000176b5   Thumb Code    24  softdevice_handler.o(.text)
    softdevice_ble_evt_handler_set           0x000176cd   Thumb Code    18  softdevice_handler.o(.text)
    softdevice_sys_evt_handler_set           0x000176df   Thumb Code    18  softdevice_handler.o(.text)
    SWI2_IRQHandler                          0x000176f1   Thumb Code    52  softdevice_handler.o(.text)
    app_button_init                          0x00017851   Thumb Code   188  app_button.o(.text)
    app_button_enable                        0x0001790d   Thumb Code    24  app_button.o(.text)
    app_button_disable                       0x00017925   Thumb Code    42  app_button.o(.text)
    app_button_is_pushed                     0x0001794f   Thumb Code    90  app_button.o(.text)
    GPIOTE_IRQHandler                        0x00017a7d   Thumb Code   106  app_gpiote.o(.text)
    app_gpiote_init                          0x00017b47   Thumb Code   114  app_gpiote.o(.text)
    app_gpiote_user_register                 0x00017bb9   Thumb Code   138  app_gpiote.o(.text)
    app_gpiote_user_enable                   0x00017c43   Thumb Code   222  app_gpiote.o(.text)
    app_gpiote_user_disable                  0x00017d21   Thumb Code    66  app_gpiote.o(.text)
    app_gpiote_pins_state_get                0x00017d63   Thumb Code    52  app_gpiote.o(.text)
    ble_debug_assert_handler                 0x00017e2d   Thumb Code    46  ble_debug_assert_handler.o(.text)
    strlen                                   0x00017e69   Thumb Code    62  strlen.o(.text)
    __aeabi_memcpy                           0x00017ead   Thumb Code   130  rt_memcpy.o(.text)
    __rt_memcpy                              0x00017ead   Thumb Code     0  rt_memcpy.o(.text)
    _memset_w                                0x00017f2f   Thumb Code    26  rt_memclr.o(.text)
    _memset                                  0x00017f49   Thumb Code    30  rt_memclr.o(.text)
    __aeabi_memclr                           0x00017f67   Thumb Code     4  rt_memclr.o(.text)
    __rt_memclr                              0x00017f67   Thumb Code     0  rt_memclr.o(.text)
    __aeabi_memclr4                          0x00017f6b   Thumb Code     0  rt_memclr.o(.text)
    __aeabi_memclr8                          0x00017f6b   Thumb Code     0  rt_memclr.o(.text)
    __rt_memclr_w                            0x00017f6b   Thumb Code     4  rt_memclr.o(.text)
    strncpy                                  0x00017f71   Thumb Code   104  strncpy.o(.text)
    __aeabi_uidiv                            0x00017fdd   Thumb Code     0  aeabi_sdiv.o(.text)
    __aeabi_uidivmod                         0x00017fdd   Thumb Code    20  aeabi_sdiv.o(.text)
    __aeabi_idiv                             0x00017ff1   Thumb Code     0  aeabi_sdiv.o(.text)
    __aeabi_idivmod                          0x00017ff1   Thumb Code   326  aeabi_sdiv.o(.text)
    __use_two_region_memory                  0x00018137   Thumb Code     2  heapauxi.o(.text)
    __rt_heap_escrow$2region                 0x00018139   Thumb Code     2  heapauxi.o(.text)
    __rt_heap_expand$2region                 0x0001813b   Thumb Code     2  heapauxi.o(.text)
    __user_setup_stackheap                   0x0001813d   Thumb Code    62  sys_stackheap_outer.o(.text)
    exit                                     0x0001817b   Thumb Code    12  exit.o(.text)
    __user_libspace                          0x00018189   Thumb Code     8  libspace.o(.text)
    __user_perproc_libspace                  0x00018189   Thumb Code     0  libspace.o(.text)
    __user_perthread_libspace                0x00018189   Thumb Code     0  libspace.o(.text)
    _sys_exit                                0x00018191   Thumb Code     8  sys_exit.o(.text)
    __I$use$semihosting                      0x0001819d   Thumb Code     0  use_no_semi.o(.text)
    __use_no_semihosting_swi                 0x0001819d   Thumb Code     2  use_no_semi.o(.text)
    __decompress                             0x0001819f   Thumb Code     0  __dczerorl2.o(.text)
    __decompress1                            0x0001819f   Thumb Code    86  __dczerorl2.o(.text)
    __semihosting_library_function           0x0001819f   Thumb Code     0  indicate_semi.o(.text)
    __ARM_common_switch8                     0x000181f5   Thumb Code    28  application.o(i.__ARM_common_switch8)
    Region$$Table$$Base                      0x00018290   Number         0  anon$$obj.o(Region$$Table)
    Region$$Table$$Limit                     0x000182b0   Number         0  anon$$obj.o(Region$$Table)
    SystemCoreClock                          0x20002000   Data           4  system_nrf51.o(.data)
    __libspace_start                         0x20002cac   Data          96  libspace.o(.bss)
    __temporary_stack_top$libspace           0x20002d0c   Data           0  libspace.o(.bss)



==============================================================================

Memory Map of the image

  Image Entry point : 0x000140c1

  Load Region LR_IROM1 (Base: 0x00014000, Size: 0x000043ec, Max: 0x0002b000, ABSOLUTE, COMPRESSED[0x000042d4])

    Execution Region ER_IROM1 (Base: 0x00014000, Size: 0x000042b0, Max: 0x0002b000, ABSOLUTE)

    Base Addr    Size         Type   Attr      Idx    E Section Name        Object

    0x00014000   0x000000c0   Data   RO            3    RESET               arm_startup_nrf51.o
    0x000140c0   0x00000008   Code   RO          925  * !!!main             c_p.l(__main.o)
    0x000140c8   0x0000003c   Code   RO         1093    !!!scatter          c_p.l(__scatter.o)
    0x00014104   0x0000001c   Code   RO         1095    !!handler_zi        c_p.l(__scatter_zi.o)
    0x00014120   0x00000002   Code   RO          963    .ARM.Collect$$libinit$$00000000  c_p.l(libinit.o)
    0x00014122   0x00000004   Code   RO          976    .ARM.Collect$$libinit$$00000001  c_p.l(libinit2.o)
    0x00014126   0x00000000   Code   RO          980    .ARM.Collect$$libinit$$00000008  c_p.l(libinit2.o)
    0x00014126   0x00000000   Code   RO          982    .ARM.Collect$$libinit$$0000000A  c_p.l(libinit2.o)
    0x00014126   0x00000000   Code   RO          984    .ARM.Collect$$libinit$$0000000C  c_p.l(libinit2.o)
    0x00014126   0x00000000   Code   RO          987    .ARM.Collect$$libinit$$0000000F  c_p.l(libinit2.o)
    0x00014126   0x00000000   Code   RO          989    .ARM.Collect$$libinit$$00000011  c_p.l(libinit2.o)
    0x00014126   0x00000000   Code   RO          991    .ARM.Collect$$libinit$$00000013  c_p.l(libinit2.o)
    0x00014126   0x00000000   Code   RO          993    .ARM.Collect$$libinit$$00000015  c_p.l(libinit2.o)
    0x00014126   0x00000000   Code   RO          995    .ARM.Collect$$libinit$$00000017  c_p.l(libinit2.o)
    0x00014126   0x00000000   Code   RO          997    .ARM.Collect$$libinit$$00000019  c_p.l(libinit2.o)
    0x00014126   0x00000000   Code   RO          999    .ARM.Collect$$libinit$$0000001B  c_p.l(libinit2.o)
    0x00014126   0x00000000   Code   RO         1001    .ARM.Collect$$libinit$$0000001D  c_p.l(libinit2.o)
    0x00014126   0x00000000   Code   RO         1003    .ARM.Collect$$libinit$$0000001F  c_p.l(libinit2.o)
    0x00014126   0x00000000   Code   RO         1005    .ARM.Collect$$libinit$$00000021  c_p.l(libinit2.o)
    0x00014126   0x00000000   Code   RO         1007    .ARM.Collect$$libinit$$00000023  c_p.l(libinit2.o)
    0x00014126   0x00000000   Code   RO         1011    .ARM.Collect$$libinit$$0000002A  c_p.l(libinit2.o)
    0x00014126   0x00000000   Code   RO         1013    .ARM.Collect$$libinit$$0000002C  c_p.l(libinit2.o)
    0x00014126   0x00000000   Code   RO         1015    .ARM.Collect$$libinit$$0000002E  c_p.l(libinit2.o)
    0x00014126   0x00000000   Code   RO         1017    .ARM.Collect$$libinit$$00000030  c_p.l(libinit2.o)
    0x00014126   0x00000002   Code   RO         1018    .ARM.Collect$$libinit$$00000031  c_p.l(libinit2.o)
    0x00014128   0x00000002   Code   RO         1049    .ARM.Collect$$libshutdown$$00000000  c_p.l(libshutdown.o)
    0x0001412a   0x00000000   Code   RO         1076    .ARM.Collect$$libshutdown$$00000003  c_p.l(libshutdown2.o)
    0x0001412a   0x00000000   Code   RO         1079    .ARM.Collect$$libshutdown$$00000006  c_p.l(libshutdown2.o)
    0x0001412a   0x00000000   Code   RO         1082    .ARM.Collect$$libshutdown$$00000009  c_p.l(libshutdown2.o)
    0x0001412a   0x00000000   Code   RO         1084    .ARM.Collect$$libshutdown$$0000000B  c_p.l(libshutdown2.o)
    0x0001412a   0x00000000   Code   RO         1087    .ARM.Collect$$libshutdown$$0000000E  c_p.l(libshutdown2.o)
    0x0001412a   0x00000002   Code   RO         1088    .ARM.Collect$$libshutdown$$0000000F  c_p.l(libshutdown2.o)
    0x0001412c   0x00000000   Code   RO          927    .ARM.Collect$$rtentry$$00000000  c_p.l(rtentry.o)
    0x0001412c   0x00000000   Code   RO          933    .ARM.Collect$$rtentry$$00000002  c_p.l(rtentry2.o)
    0x0001412c   0x00000006   Code   RO          945    .ARM.Collect$$rtentry$$00000004  c_p.l(rtentry4.o)
    0x00014132   0x00000000   Code   RO          935    .ARM.Collect$$rtentry$$00000009  c_p.l(rtentry2.o)
    0x00014132   0x00000004   Code   RO          936    .ARM.Collect$$rtentry$$0000000A  c_p.l(rtentry2.o)
    0x00014136   0x00000000   Code   RO          938    .ARM.Collect$$rtentry$$0000000C  c_p.l(rtentry2.o)
    0x00014136   0x00000008   Code   RO          939    .ARM.Collect$$rtentry$$0000000D  c_p.l(rtentry2.o)
    0x0001413e   0x00000002   Code   RO          968    .ARM.Collect$$rtexit$$00000000  c_p.l(rtexit.o)
    0x00014140   0x00000000   Code   RO         1022    .ARM.Collect$$rtexit$$00000002  c_p.l(rtexit2.o)
    0x00014140   0x00000004   Code   RO         1023    .ARM.Collect$$rtexit$$00000003  c_p.l(rtexit2.o)
    0x00014144   0x00000006   Code   RO         1024    .ARM.Collect$$rtexit$$00000004  c_p.l(rtexit2.o)
    0x0001414a   0x00000002   PAD
    0x0001414c   0x0000001e   Code   RO          666    .emb_text           app_timer.o
    0x0001416a   0x00000002   PAD
    0x0001416c   0x00000038   Code   RO          911    .emb_text           c_p.l(rt_memcpy.o)
    0x000141a4   0x00000048   Code   RO            4    .text               arm_startup_nrf51.o
    0x000141ec   0x000000d8   Code   RO           12    .text               system_nrf51.o
    0x000142c4   0x000008e0   Code   RO           69    .text               main.o
    0x00014ba4   0x00000278   Code   RO          248    .text               application.o
    0x00014e1c   0x00000444   Code   RO          306    .text               transport.o
    0x00015260   0x00000078   Code   RO          332    .text               protocol.o
    0x000152d8   0x00000194   Code   RO          431    .text               ble_id.o
    0x0001546c   0x00000368   Code   RO          457    .text               ble_uart.o
    0x000157d4   0x0000079c   Code   RO          546    .text               pstorage.o
    0x00015f70   0x00000600   Code   RO          600    .text               ble_advdata.o
    0x00016570   0x00000260   Code   RO          629    .text               app_scheduler.o
    0x000167d0   0x00000ad0   Code   RO          667    .text               app_timer.o
    0x000172a0   0x00000308   Code   RO          713    .text               ble_conn_params.o
    0x000175a8   0x000001d0   Code   RO          755    .text               softdevice_handler.o
    0x00017778   0x00000288   Code   RO          816    .text               app_button.o
    0x00017a00   0x0000042c   Code   RO          850    .text               app_gpiote.o
    0x00017e2c   0x0000003c   Code   RO          881    .text               ble_debug_assert_handler.o
    0x00017e68   0x00000044   Code   RO          909    .text               c_p.l(strlen.o)
    0x00017eac   0x00000082   Code   RO          912    .text               c_p.l(rt_memcpy.o)
    0x00017f2e   0x00000040   Code   RO          915    .text               c_p.l(rt_memclr.o)
    0x00017f6e   0x00000002   PAD
    0x00017f70   0x0000006c   Code   RO          917    .text               c_p.l(strncpy.o)
    0x00017fdc   0x0000015a   Code   RO          919    .text               c_p.l(aeabi_sdiv.o)
    0x00018136   0x00000006   Code   RO          923    .text               c_p.l(heapauxi.o)
    0x0001813c   0x0000003e   Code   RO          949    .text               c_p.l(sys_stackheap_outer.o)
    0x0001817a   0x0000000c   Code   RO          952    .text               c_p.l(exit.o)
    0x00018186   0x00000002   PAD
    0x00018188   0x00000008   Code   RO          964    .text               c_p.l(libspace.o)
    0x00018190   0x0000000c   Code   RO         1019    .text               c_p.l(sys_exit.o)
    0x0001819c   0x00000002   Code   RO         1038    .text               c_p.l(use_no_semi.o)
    0x0001819e   0x00000000   Code   RO         1040    .text               c_p.l(indicate_semi.o)
    0x0001819e   0x00000056   Code   RO         1091    .text               c_p.l(__dczerorl2.o)
    0x000181f4   0x0000001c   Code   RO          266    i.__ARM_common_switch8  application.o
    0x00018210   0x00000004   Data   RO           71    .constdata          main.o
    0x00018214   0x00000010   Data   RO          432    .constdata          ble_id.o
    0x00018224   0x00000010   Data   RO          458    .constdata          ble_uart.o
    0x00018234   0x0000001e   Data   RO          433    .conststring        ble_id.o
    0x00018252   0x0000003d   Data   RO          459    .conststring        ble_uart.o
    0x0001828f   0x00000001   PAD
    0x00018290   0x00000020   Data   RO         1089    Region$$Table       anon$$obj.o


    Execution Region RW_IRAM1 (Base: 0x20002000, Size: 0x00001d10, Max: 0x00002000, ABSOLUTE, COMPRESSED[0x00000024])

    Base Addr    Size         Type   Attr      Idx    E Section Name        Object

    0x20002000   0x00000004   Data   RW           13    .data               system_nrf51.o
    0x20002004   0x0000002e   Data   RW           72    .data               main.o
    0x20002032   0x00000002   PAD
    0x20002034   0x00000020   Data   RW          250    .data               application.o
    0x20002054   0x00000030   Data   RW          308    .data               transport.o
    0x20002084   0x00000004   Data   RW          333    .data               protocol.o
    0x20002088   0x00000004   Data   RW          434    .data               ble_id.o
    0x2000208c   0x00000008   Data   RW          460    .data               ble_uart.o
    0x20002094   0x0000000a   Data   RW          548    .data               pstorage.o
    0x2000209e   0x00000002   PAD
    0x200020a0   0x0000000e   Data   RW          630    .data               app_scheduler.o
    0x200020ae   0x00000002   PAD
    0x200020b0   0x00000024   Data   RW          668    .data               app_timer.o
    0x200020d4   0x0000001c   Data   RW          715    .data               ble_conn_params.o
    0x200020f0   0x00000018   Data   RW          756    .data               softdevice_handler.o
    0x20002108   0x00000020   Data   RW          817    .data               app_button.o
    0x20002128   0x0000000a   Data   RW          851    .data               app_gpiote.o
    0x20002132   0x00000002   PAD
    0x20002134   0x00000008   Data   RW          883    .data               ble_debug_assert_handler.o
    0x2000213c   0x00000440   Zero   RW           70    .bss                main.o
    0x2000257c   0x000001f8   Zero   RW          249    .bss                application.o
    0x20002774   0x00000220   Zero   RW          307    .bss                transport.o
    0x20002994   0x0000027c   Zero   RW          547    .bss                pstorage.o
    0x20002c10   0x0000001c   Zero   RW          714    .bss                ble_conn_params.o
    0x20002c2c   0x00000080   Zero   RW          882    .bss                ble_debug_assert_handler.o
    0x20002cac   0x00000060   Zero   RW          965    .bss                c_p.l(libspace.o)
    0x20002d0c   0x00000004   PAD
    0x20002d10   0x00000800   Zero   RW            2    HEAP                arm_startup_nrf51.o
    0x20003510   0x00000800   Zero   RW            1    STACK               arm_startup_nrf51.o


==============================================================================

Image component sizes


      Code (inc. data)   RO Data    RW Data    ZI Data      Debug   Object Name

       648         88          0         32          0       8520   app_button.o
      1068         40          0         10          0      13794   app_gpiote.o
       608         88          0         14          0      13071   app_scheduler.o
      2798        184          0         36          0      24341   app_timer.o
       660         50          0         32        504      33190   application.o
        72         32        192          0       4096        744   arm_startup_nrf51.o
      1536          4          0          0          0      10934   ble_advdata.o
       776         38          0         28         28      15014   ble_conn_params.o
        60         14          0          8        128       1359   ble_debug_assert_handler.o
       404         10         46          4          0       3535   ble_id.o
         0          0          0          0          0      12516   ble_srv_common.o
       872         14         77          8          0       3586   ble_uart.o
      2272        278          4         46       1088      84737   main.o
       120         28          0          4          0      28845   protocol.o
      1948         52          0         10        636       9955   pstorage.o
       464         84          0         24          0      22824   softdevice_handler.o
       216         28          0          4          0      22029   system_nrf51.o
      1092         60          0         48        544       6974   transport.o

    ----------------------------------------------------------------------
     15616       1092        352        316       7024     315968   Object Totals
         0          0         32          0          0          0   (incl. Generated)
         2          0          1          8          0          0   (incl. Padding)

    ----------------------------------------------------------------------

      Code (inc. data)   RO Data    RW Data    ZI Data      Debug   Library Member Name

        86          0          0          0          0          0   __dczerorl2.o
         8          0          0          0          0         68   __main.o
        60          8          0          0          0          0   __scatter.o
        28          0          0          0          0          0   __scatter_zi.o
       346          0          0          0          0         92   aeabi_sdiv.o
        12          0          0          0          0         64   exit.o
         6          0          0          0          0        136   heapauxi.o
         0          0          0          0          0          0   indicate_semi.o
         2          0          0          0          0          0   libinit.o
         6          0          0          0          0          0   libinit2.o
         2          0          0          0          0          0   libshutdown.o
         2          0          0          0          0          0   libshutdown2.o
         8          4          0          0         96         68   libspace.o
        64          0          0          0          0        108   rt_memclr.o
       186          0          0          0          0        144   rt_memcpy.o
         0          0          0          0          0          0   rtentry.o
        12          0          0          0          0          0   rtentry2.o
         6          0          0          0          0          0   rtentry4.o
         2          0          0          0          0          0   rtexit.o
        10          0          0          0          0          0   rtexit2.o
        68          6          0          0          0         72   strlen.o
       108          4          0          0          0         76   strncpy.o
        12          4          0          0          0         60   sys_exit.o
        62          0          0          0          0         80   sys_stackheap_outer.o
         2          0          0          0          0         68   use_no_semi.o

    ----------------------------------------------------------------------
      1104         26          0          0        100       1036   Library Totals
         6          0          0          0          4          0   (incl. Padding)

    ----------------------------------------------------------------------

      Code (inc. data)   RO Data    RW Data    ZI Data      Debug   Library Name

      1098         26          0          0         96       1036   c_p.l

    ----------------------------------------------------------------------
      1104         26          0          0        100       1036   Library Totals

    ----------------------------------------------------------------------

==============================================================================


      Code (inc. data)   RO Data    RW Data    ZI Data      Debug   

     16720       1118        352        316       7124     315496   Grand Totals
     16720       1118        352         36       7124     315496   ELF Image Totals (compressed)
     16720       1118        352         36          0          0   ROM Totals

==============================================================================

    Total RO  Size (Code + RO Data)                17072 (  16.67kB)
    Total RW  Size (RW Data + ZI Data)              7440 (   7.27kB)
    Total ROM Size (Code + RO Data + RW Data)      17108 (  16.71kB)

==============================================================================

