<html>
<body>
<pre>
<h1>礦ision Build Log</h1>
<h2>Project:</h2>
E:\Project\AirPurifier\AirPurifier-V3.0\BLE3.0协议版\Stack\Nordic\nrf51822\Board\pca10001\s110\[2015-5-15]CarAirPurifier\arm\CarAirPurifier.uvproj
Project File Date:  04/03/2015

<h2>Output:</h2>
Rebuild target 'nrf51822_xxaa_s110 (256K)'
assembling arm_startup_nrf51.s...
compiling system_nrf51.c...
compiling main.c...
..\main.c(648): warning:  #177-D: function "power_manage" was declared but never referenced
  static void power_manage(void)
..\main.c: 1 warning, 0 errors
compiling application.c...
..\Source\protocol\application.c(19): warning:  #177-D: variable "m_resend_count" was declared but never referenced
  static uint8_t                                m_resend_count = 0;
..\Source\protocol\application.c: 1 warning, 0 errors
compiling transport.c...
compiling protocol.c...
compiling ble_srv_common.c...
compiling ble_id.c...
compiling ble_uart.c...
compiling car_air_purifier.c...
compiling airpurifier_gpio.c...
compiling ble_error_log.c...
compiling pstorage.c...
compiling crc16.c...
compiling ble_advdata.c...
compiling app_scheduler.c...
compiling app_timer.c...
compiling ble_conn_params.c...
compiling softdevice_handler.c...
compiling app_button.c...
compiling app_gpiote.c...
compiling ble_debug_assert_handler.c...
linking...
Program Size: Code=16720 RO-data=352 RW-data=316 ZI-data=7124  
FromELF: creating hex file...
".\_build\ble_app_CarAirPurifier.axf" - 0 Error(s), 2 Warning(s).
Load "E:\\Project\\AirPurifier\\AirPurifier-V3.0\\BLE3.0协议版\\Stack\\Nordic\\nrf51822\\Board\\pca10001\\s110\\[2015-5-15]CarAirPurifier\\arm\\_build\\ble_app_CarAirPurifier.axf" 
* JLink Info: Device "UNSPECIFIED" selected (0 KB flash, 0 KB RAM).
Set JLink Project File to "E:\Project\AirPurifier\AirPurifier-V3.0\BLE3.0协议版\Stack\Nordic\nrf51822\Board\pca10001\s110\[2015-5-15]CarAirPurifier\arm\JLinkSettings.ini"
* JLink Info: Device "UNSPECIFIED" selected (0 KB flash, 0 KB RAM).
 
JLink info:
------------
DLL: V4.60a, compiled Jan 16 2013 17:15:30
Firmware: J-Link ARM-OB STM32 compiled Aug 22 2012 19:52:04
Hardware: V7.00
S/N : 20090928 
Feature(s) : RDI,FlashDL,FlashBP,JFlash,GDBFull 
 
* JLink Info: Found SWD-DP with ID 0x0BB11477
* JLink Info: FPUnit: 4 code (BP) slots and 0 literal slots
* JLink Info: Found Cortex-M0 r0p0, Little endian.
ROMTableAddr = 0xE00FF003
 
Target info:
------------
Device: nRF51822_xxAA
VTarget = 3.300V
State of Pins: 
TCK: 0, TDI: 0, TDO: 1, TMS: 0, TRES: 1, TRST: 1
Hardware-Breakpoints: 4
Software-Breakpoints: 8192
Watchpoints:          2
JTAG speed: 2000 kHz
 
Erase Done.
Programming Done.
Verify OK.
Application running ...
