<!doctype html public "-//w3c//dtd html 4.0 transitional//en">
<html><head>
<title>Static Call Graph - [.\_build\ble_app_airpurifier.axf]</title></head>
<body><HR>
<H1>Static Call Graph for image .\_build\ble_app_airpurifier.axf</H1><HR>
<BR><P>#&#060CALLGRAPH&#062# ARM Linker, 5.03 [Build 76]: Last Updated: Fri Aug 21 16:34:14 2015
<BR><P>
<H3>Maximum Stack Usage =        504 bytes + Unknown(Cycles, Untraceable Function Pointers)</H3><H3>
Call chain for Maximum Stack Depth:</H3>
main &rArr; protocol_init &rArr; purifier_protocol_init &rArr; al_init &rArr; GetSensorData &rArr; GetAverageTvoc &rArr; GetTvoc &rArr; TvocValue &rArr; pow &rArr; __kernel_poly &rArr; __aeabi_dmul &rArr; _double_epilogue &rArr; __aeabi_llsr
<P>
<H3>
Mutually Recursive functions
</H3> <LI><a href="#[1]">NMI_Handler</a>&nbsp;&nbsp;&nbsp;&rArr;&nbsp;&nbsp;&nbsp;<a href="#[1]">NMI_Handler</a><BR>
 <LI><a href="#[2]">HardFault_Handler</a>&nbsp;&nbsp;&nbsp;&rArr;&nbsp;&nbsp;&nbsp;<a href="#[2]">HardFault_Handler</a><BR>
 <LI><a href="#[3]">SVC_Handler</a>&nbsp;&nbsp;&nbsp;&rArr;&nbsp;&nbsp;&nbsp;<a href="#[3]">SVC_Handler</a><BR>
 <LI><a href="#[4]">PendSV_Handler</a>&nbsp;&nbsp;&nbsp;&rArr;&nbsp;&nbsp;&nbsp;<a href="#[4]">PendSV_Handler</a><BR>
 <LI><a href="#[5]">SysTick_Handler</a>&nbsp;&nbsp;&nbsp;&rArr;&nbsp;&nbsp;&nbsp;<a href="#[5]">SysTick_Handler</a><BR>
 <LI><a href="#[c]">ADC_IRQHandler</a>&nbsp;&nbsp;&nbsp;&rArr;&nbsp;&nbsp;&nbsp;<a href="#[c]">ADC_IRQHandler</a><BR>
</UL>
<P>
<H3>
Function Pointers
</H3><UL>
 <LI><a href="#[c]">ADC_IRQHandler</a> from arm_startup_nrf51.o(.text) referenced from arm_startup_nrf51.o(RESET)
 <LI><a href="#[14]">CCM_AAR_IRQHandler</a> from arm_startup_nrf51.o(.text) referenced from arm_startup_nrf51.o(RESET)
 <LI><a href="#[13]">ECB_IRQHandler</a> from arm_startup_nrf51.o(.text) referenced from arm_startup_nrf51.o(RESET)
 <LI><a href="#[b]">GPIOTE_IRQHandler</a> from app_gpiote.o(.text) referenced from arm_startup_nrf51.o(RESET)
 <LI><a href="#[2]">HardFault_Handler</a> from arm_startup_nrf51.o(.text) referenced from arm_startup_nrf51.o(RESET)
 <LI><a href="#[18]">LPCOMP_COMP_IRQHandler</a> from arm_startup_nrf51.o(.text) referenced from arm_startup_nrf51.o(RESET)
 <LI><a href="#[1]">NMI_Handler</a> from arm_startup_nrf51.o(.text) referenced from arm_startup_nrf51.o(RESET)
 <LI><a href="#[6]">POWER_CLOCK_IRQHandler</a> from arm_startup_nrf51.o(.text) referenced from arm_startup_nrf51.o(RESET)
 <LI><a href="#[4]">PendSV_Handler</a> from arm_startup_nrf51.o(.text) referenced from arm_startup_nrf51.o(RESET)
 <LI><a href="#[17]">QDEC_IRQHandler</a> from arm_startup_nrf51.o(.text) referenced from arm_startup_nrf51.o(RESET)
 <LI><a href="#[7]">RADIO_IRQHandler</a> from arm_startup_nrf51.o(.text) referenced from arm_startup_nrf51.o(RESET)
 <LI><a href="#[12]">RNG_IRQHandler</a> from arm_startup_nrf51.o(.text) referenced from arm_startup_nrf51.o(RESET)
 <LI><a href="#[10]">RTC0_IRQHandler</a> from arm_startup_nrf51.o(.text) referenced from arm_startup_nrf51.o(RESET)
 <LI><a href="#[16]">RTC1_IRQHandler</a> from app_timer.o(.text) referenced from arm_startup_nrf51.o(RESET)
 <LI><a href="#[0]">Reset_Handler</a> from arm_startup_nrf51.o(.text) referenced from arm_startup_nrf51.o(RESET)
 <LI><a href="#[9]">SPI0_TWI0_IRQHandler</a> from arm_startup_nrf51.o(.text) referenced from arm_startup_nrf51.o(RESET)
 <LI><a href="#[a]">SPI1_TWI1_IRQHandler</a> from arm_startup_nrf51.o(.text) referenced from arm_startup_nrf51.o(RESET)
 <LI><a href="#[3]">SVC_Handler</a> from arm_startup_nrf51.o(.text) referenced from arm_startup_nrf51.o(RESET)
 <LI><a href="#[19]">SWI0_IRQHandler</a> from app_timer.o(.text) referenced from arm_startup_nrf51.o(RESET)
 <LI><a href="#[1a]">SWI1_IRQHandler</a> from arm_startup_nrf51.o(.text) referenced from arm_startup_nrf51.o(RESET)
 <LI><a href="#[1b]">SWI2_IRQHandler</a> from softdevice_handler.o(.text) referenced from arm_startup_nrf51.o(RESET)
 <LI><a href="#[1c]">SWI3_IRQHandler</a> from arm_startup_nrf51.o(.text) referenced from arm_startup_nrf51.o(RESET)
 <LI><a href="#[1d]">SWI4_IRQHandler</a> from arm_startup_nrf51.o(.text) referenced from arm_startup_nrf51.o(RESET)
 <LI><a href="#[1e]">SWI5_IRQHandler</a> from arm_startup_nrf51.o(.text) referenced from arm_startup_nrf51.o(RESET)
 <LI><a href="#[5]">SysTick_Handler</a> from arm_startup_nrf51.o(.text) referenced from arm_startup_nrf51.o(RESET)
 <LI><a href="#[20]">SystemInit</a> from system_nrf51.o(.text) referenced from arm_startup_nrf51.o(.text)
 <LI><a href="#[11]">TEMP_IRQHandler</a> from arm_startup_nrf51.o(.text) referenced from arm_startup_nrf51.o(RESET)
 <LI><a href="#[d]">TIMER0_IRQHandler</a> from arm_startup_nrf51.o(.text) referenced from arm_startup_nrf51.o(RESET)
 <LI><a href="#[e]">TIMER1_IRQHandler</a> from arm_startup_nrf51.o(.text) referenced from arm_startup_nrf51.o(RESET)
 <LI><a href="#[f]">TIMER2_IRQHandler</a> from nrf_pwm_noglitch.o(.text) referenced from arm_startup_nrf51.o(RESET)
 <LI><a href="#[8]">UART0_IRQHandler</a> from arm_startup_nrf51.o(.text) referenced from arm_startup_nrf51.o(RESET)
 <LI><a href="#[15]">WDT_IRQHandler</a> from arm_startup_nrf51.o(.text) referenced from arm_startup_nrf51.o(RESET)
 <LI><a href="#[21]">__main</a> from entry.o(.ARM.Collect$$$$00000000) referenced from arm_startup_nrf51.o(.text)
 <LI><a href="#[23]">adv_timeout_handler</a> from main.o(.text) referenced from main.o(.text)
 <LI><a href="#[2c]">al_process_control_packet</a> from application.o(.text) referenced from protocol.o(.text)
 <LI><a href="#[2e]">al_process_rt_monitor_packet</a> from application.o(.text) referenced from protocol.o(.text)
 <LI><a href="#[2d]">al_process_setting_packet</a> from application.o(.text) referenced from protocol.o(.text)
 <LI><a href="#[2f]">al_process_status_packet</a> from application.o(.text) referenced from protocol.o(.text)
 <LI><a href="#[2a]">app_timer_evt_get</a> from main.o(.text) referenced from main.o(.text)
 <LI><a href="#[22]">app_timer_evt_schedule</a> from main.o(.text) referenced from main.o(.text)
 <LI><a href="#[28]">ble_evt_dispatch</a> from main.o(.text) referenced from main.o(.text)
 <LI><a href="#[2b]">ble_send_handler</a> from protocol.o(.text) referenced from protocol.o(.text)
 <LI><a href="#[25]">ble_uart_recv_handler</a> from main.o(.text) referenced from main.o(.text)
 <LI><a href="#[27]">conn_params_error_handler</a> from main.o(.text) referenced from main.o(.text)
 <LI><a href="#[1f]">main</a> from main.o(.text) referenced from entry9a.o(.ARM.Collect$$$$0000000B)
 <LI><a href="#[26]">on_conn_params_evt</a> from main.o(.text) referenced from main.o(.text)
 <LI><a href="#[24]">sample_start_handler</a> from main.o(.text) referenced from main.o(.text)
 <LI><a href="#[31]">softdevice_assertion_handler</a> from softdevice_handler.o(.text) referenced from softdevice_handler.o(.text)
 <LI><a href="#[29]">sys_evt_dispatch</a> from main.o(.text) referenced from main.o(.text)
 <LI><a href="#[30]">update_timeout_handler</a> from ble_conn_params.o(.text) referenced from ble_conn_params.o(.text)
</UL>
<P>
<H3>
Global Symbols
</H3>
<P><STRONG><a name="[21]"></a>__main</STRONG> (Thumb, 0 bytes, Stack size unknown bytes, entry.o(.ARM.Collect$$$$00000000))
<BR>[Address Reference Count : 1]<UL><LI> arm_startup_nrf51.o(.text)
</UL>
<P><STRONG><a name="[158]"></a>_main_stk</STRONG> (Thumb, 0 bytes, Stack size unknown bytes, entry2.o(.ARM.Collect$$$$00000001))

<P><STRONG><a name="[32]"></a>_main_scatterload</STRONG> (Thumb, 0 bytes, Stack size unknown bytes, entry5.o(.ARM.Collect$$$$00000004))
<BR><BR>[Calls]<UL><LI><a href="#[33]">&gt;&gt;</a>&nbsp;&nbsp;&nbsp;__scatterload
</UL>

<P><STRONG><a name="[14f]"></a>__main_after_scatterload</STRONG> (Thumb, 0 bytes, Stack size unknown bytes, entry5.o(.ARM.Collect$$$$00000004))
<BR><BR>[Called By]<UL><LI><a href="#[33]">&gt;&gt;</a>&nbsp;&nbsp;&nbsp;__scatterload
</UL>

<P><STRONG><a name="[159]"></a>_main_clock</STRONG> (Thumb, 0 bytes, Stack size unknown bytes, entry7b.o(.ARM.Collect$$$$00000008))

<P><STRONG><a name="[15a]"></a>_main_cpp_init</STRONG> (Thumb, 0 bytes, Stack size unknown bytes, entry8b.o(.ARM.Collect$$$$0000000A))

<P><STRONG><a name="[15b]"></a>_main_init</STRONG> (Thumb, 0 bytes, Stack size unknown bytes, entry9a.o(.ARM.Collect$$$$0000000B))

<P><STRONG><a name="[15c]"></a>__rt_final_cpp</STRONG> (Thumb, 0 bytes, Stack size unknown bytes, entry10a.o(.ARM.Collect$$$$0000000D))

<P><STRONG><a name="[15d]"></a>__rt_final_exit</STRONG> (Thumb, 0 bytes, Stack size unknown bytes, entry11a.o(.ARM.Collect$$$$0000000F))

<P><STRONG><a name="[0]"></a>Reset_Handler</STRONG> (Thumb, 18 bytes, Stack size 0 bytes, arm_startup_nrf51.o(.text))
<BR>[Address Reference Count : 1]<UL><LI> arm_startup_nrf51.o(RESET)
</UL>
<P><STRONG><a name="[1]"></a>NMI_Handler</STRONG> (Thumb, 2 bytes, Stack size 0 bytes, arm_startup_nrf51.o(.text))
<BR><BR>[Calls]<UL><LI><a href="#[1]">&gt;&gt;</a>&nbsp;&nbsp;&nbsp;NMI_Handler
</UL>
<BR>[Called By]<UL><LI><a href="#[1]">&gt;&gt;</a>&nbsp;&nbsp;&nbsp;NMI_Handler
</UL>
<BR>[Address Reference Count : 1]<UL><LI> arm_startup_nrf51.o(RESET)
</UL>
<P><STRONG><a name="[2]"></a>HardFault_Handler</STRONG> (Thumb, 2 bytes, Stack size 0 bytes, arm_startup_nrf51.o(.text))
<BR><BR>[Calls]<UL><LI><a href="#[2]">&gt;&gt;</a>&nbsp;&nbsp;&nbsp;HardFault_Handler
</UL>
<BR>[Called By]<UL><LI><a href="#[2]">&gt;&gt;</a>&nbsp;&nbsp;&nbsp;HardFault_Handler
</UL>
<BR>[Address Reference Count : 1]<UL><LI> arm_startup_nrf51.o(RESET)
</UL>
<P><STRONG><a name="[3]"></a>SVC_Handler</STRONG> (Thumb, 2 bytes, Stack size 0 bytes, arm_startup_nrf51.o(.text))
<BR><BR>[Calls]<UL><LI><a href="#[3]">&gt;&gt;</a>&nbsp;&nbsp;&nbsp;SVC_Handler
</UL>
<BR>[Called By]<UL><LI><a href="#[3]">&gt;&gt;</a>&nbsp;&nbsp;&nbsp;SVC_Handler
</UL>
<BR>[Address Reference Count : 1]<UL><LI> arm_startup_nrf51.o(RESET)
</UL>
<P><STRONG><a name="[4]"></a>PendSV_Handler</STRONG> (Thumb, 2 bytes, Stack size 0 bytes, arm_startup_nrf51.o(.text))
<BR><BR>[Calls]<UL><LI><a href="#[4]">&gt;&gt;</a>&nbsp;&nbsp;&nbsp;PendSV_Handler
</UL>
<BR>[Called By]<UL><LI><a href="#[4]">&gt;&gt;</a>&nbsp;&nbsp;&nbsp;PendSV_Handler
</UL>
<BR>[Address Reference Count : 1]<UL><LI> arm_startup_nrf51.o(RESET)
</UL>
<P><STRONG><a name="[5]"></a>SysTick_Handler</STRONG> (Thumb, 2 bytes, Stack size 0 bytes, arm_startup_nrf51.o(.text))
<BR><BR>[Calls]<UL><LI><a href="#[5]">&gt;&gt;</a>&nbsp;&nbsp;&nbsp;SysTick_Handler
</UL>
<BR>[Called By]<UL><LI><a href="#[5]">&gt;&gt;</a>&nbsp;&nbsp;&nbsp;SysTick_Handler
</UL>
<BR>[Address Reference Count : 1]<UL><LI> arm_startup_nrf51.o(RESET)
</UL>
<P><STRONG><a name="[c]"></a>ADC_IRQHandler</STRONG> (Thumb, 0 bytes, Stack size 0 bytes, arm_startup_nrf51.o(.text))
<BR><BR>[Calls]<UL><LI><a href="#[c]">&gt;&gt;</a>&nbsp;&nbsp;&nbsp;ADC_IRQHandler
</UL>
<BR>[Called By]<UL><LI><a href="#[c]">&gt;&gt;</a>&nbsp;&nbsp;&nbsp;ADC_IRQHandler
</UL>
<BR>[Address Reference Count : 1]<UL><LI> arm_startup_nrf51.o(RESET)
</UL>
<P><STRONG><a name="[14]"></a>CCM_AAR_IRQHandler</STRONG> (Thumb, 0 bytes, Stack size 0 bytes, arm_startup_nrf51.o(.text))
<BR>[Address Reference Count : 1]<UL><LI> arm_startup_nrf51.o(RESET)
</UL>
<P><STRONG><a name="[13]"></a>ECB_IRQHandler</STRONG> (Thumb, 0 bytes, Stack size 0 bytes, arm_startup_nrf51.o(.text))
<BR>[Address Reference Count : 1]<UL><LI> arm_startup_nrf51.o(RESET)
</UL>
<P><STRONG><a name="[18]"></a>LPCOMP_COMP_IRQHandler</STRONG> (Thumb, 0 bytes, Stack size 0 bytes, arm_startup_nrf51.o(.text))
<BR>[Address Reference Count : 1]<UL><LI> arm_startup_nrf51.o(RESET)
</UL>
<P><STRONG><a name="[6]"></a>POWER_CLOCK_IRQHandler</STRONG> (Thumb, 0 bytes, Stack size 0 bytes, arm_startup_nrf51.o(.text))
<BR>[Address Reference Count : 1]<UL><LI> arm_startup_nrf51.o(RESET)
</UL>
<P><STRONG><a name="[17]"></a>QDEC_IRQHandler</STRONG> (Thumb, 0 bytes, Stack size 0 bytes, arm_startup_nrf51.o(.text))
<BR>[Address Reference Count : 1]<UL><LI> arm_startup_nrf51.o(RESET)
</UL>
<P><STRONG><a name="[7]"></a>RADIO_IRQHandler</STRONG> (Thumb, 0 bytes, Stack size 0 bytes, arm_startup_nrf51.o(.text))
<BR>[Address Reference Count : 1]<UL><LI> arm_startup_nrf51.o(RESET)
</UL>
<P><STRONG><a name="[12]"></a>RNG_IRQHandler</STRONG> (Thumb, 0 bytes, Stack size 0 bytes, arm_startup_nrf51.o(.text))
<BR>[Address Reference Count : 1]<UL><LI> arm_startup_nrf51.o(RESET)
</UL>
<P><STRONG><a name="[10]"></a>RTC0_IRQHandler</STRONG> (Thumb, 0 bytes, Stack size 0 bytes, arm_startup_nrf51.o(.text))
<BR>[Address Reference Count : 1]<UL><LI> arm_startup_nrf51.o(RESET)
</UL>
<P><STRONG><a name="[9]"></a>SPI0_TWI0_IRQHandler</STRONG> (Thumb, 0 bytes, Stack size 0 bytes, arm_startup_nrf51.o(.text))
<BR>[Address Reference Count : 1]<UL><LI> arm_startup_nrf51.o(RESET)
</UL>
<P><STRONG><a name="[a]"></a>SPI1_TWI1_IRQHandler</STRONG> (Thumb, 0 bytes, Stack size 0 bytes, arm_startup_nrf51.o(.text))
<BR>[Address Reference Count : 1]<UL><LI> arm_startup_nrf51.o(RESET)
</UL>
<P><STRONG><a name="[1a]"></a>SWI1_IRQHandler</STRONG> (Thumb, 0 bytes, Stack size 0 bytes, arm_startup_nrf51.o(.text))
<BR>[Address Reference Count : 1]<UL><LI> arm_startup_nrf51.o(RESET)
</UL>
<P><STRONG><a name="[1c]"></a>SWI3_IRQHandler</STRONG> (Thumb, 0 bytes, Stack size 0 bytes, arm_startup_nrf51.o(.text))
<BR>[Address Reference Count : 1]<UL><LI> arm_startup_nrf51.o(RESET)
</UL>
<P><STRONG><a name="[1d]"></a>SWI4_IRQHandler</STRONG> (Thumb, 0 bytes, Stack size 0 bytes, arm_startup_nrf51.o(.text))
<BR>[Address Reference Count : 1]<UL><LI> arm_startup_nrf51.o(RESET)
</UL>
<P><STRONG><a name="[1e]"></a>SWI5_IRQHandler</STRONG> (Thumb, 0 bytes, Stack size 0 bytes, arm_startup_nrf51.o(.text))
<BR>[Address Reference Count : 1]<UL><LI> arm_startup_nrf51.o(RESET)
</UL>
<P><STRONG><a name="[11]"></a>TEMP_IRQHandler</STRONG> (Thumb, 0 bytes, Stack size 0 bytes, arm_startup_nrf51.o(.text))
<BR>[Address Reference Count : 1]<UL><LI> arm_startup_nrf51.o(RESET)
</UL>
<P><STRONG><a name="[d]"></a>TIMER0_IRQHandler</STRONG> (Thumb, 0 bytes, Stack size 0 bytes, arm_startup_nrf51.o(.text))
<BR>[Address Reference Count : 1]<UL><LI> arm_startup_nrf51.o(RESET)
</UL>
<P><STRONG><a name="[e]"></a>TIMER1_IRQHandler</STRONG> (Thumb, 0 bytes, Stack size 0 bytes, arm_startup_nrf51.o(.text))
<BR>[Address Reference Count : 1]<UL><LI> arm_startup_nrf51.o(RESET)
</UL>
<P><STRONG><a name="[8]"></a>UART0_IRQHandler</STRONG> (Thumb, 0 bytes, Stack size 0 bytes, arm_startup_nrf51.o(.text))
<BR>[Address Reference Count : 1]<UL><LI> arm_startup_nrf51.o(RESET)
</UL>
<P><STRONG><a name="[15]"></a>WDT_IRQHandler</STRONG> (Thumb, 0 bytes, Stack size 0 bytes, arm_startup_nrf51.o(.text))
<BR>[Address Reference Count : 1]<UL><LI> arm_startup_nrf51.o(RESET)
</UL>
<P><STRONG><a name="[15e]"></a>SystemCoreClockUpdate</STRONG> (Thumb, 8 bytes, Stack size 0 bytes, system_nrf51.o(.text), UNUSED)

<P><STRONG><a name="[20]"></a>SystemInit</STRONG> (Thumb, 38 bytes, Stack size 8 bytes, system_nrf51.o(.text))
<BR><BR>[Stack]<UL><LI>Max Depth = 8<LI>Call Chain = SystemInit
</UL>
<BR>[Calls]<UL><LI><a href="#[34]">&gt;&gt;</a>&nbsp;&nbsp;&nbsp;is_manual_peripheral_setup_needed
<LI><a href="#[35]">&gt;&gt;</a>&nbsp;&nbsp;&nbsp;is_disabled_in_debug_needed
</UL>
<BR>[Address Reference Count : 1]<UL><LI> arm_startup_nrf51.o(.text)
</UL>
<P><STRONG><a name="[36]"></a>app_error_handler</STRONG> (Thumb, 38 bytes, Stack size 0 bytes, main.o(.text))
<BR><BR>[Stack]<UL><LI>Max Depth = 8<LI>Call Chain = app_error_handler &rArr; ble_debug_assert_handler &rArr; strncpy
</UL>
<BR>[Calls]<UL><LI><a href="#[37]">&gt;&gt;</a>&nbsp;&nbsp;&nbsp;ble_debug_assert_handler
</UL>
<BR>[Called By]<UL><LI><a href="#[6c]">&gt;&gt;</a>&nbsp;&nbsp;&nbsp;app_sched_event_put
<LI><a href="#[38]">&gt;&gt;</a>&nbsp;&nbsp;&nbsp;assert_nrf_callback
<LI><a href="#[2a]">&gt;&gt;</a>&nbsp;&nbsp;&nbsp;app_timer_evt_get
<LI><a href="#[62]">&gt;&gt;</a>&nbsp;&nbsp;&nbsp;power_manage
<LI><a href="#[60]">&gt;&gt;</a>&nbsp;&nbsp;&nbsp;gpiote_init
<LI><a href="#[5e]">&gt;&gt;</a>&nbsp;&nbsp;&nbsp;scheduler_init
<LI><a href="#[5a]">&gt;&gt;</a>&nbsp;&nbsp;&nbsp;ble_stack_init
<LI><a href="#[53]">&gt;&gt;</a>&nbsp;&nbsp;&nbsp;on_ble_evt
<LI><a href="#[51]">&gt;&gt;</a>&nbsp;&nbsp;&nbsp;conn_params_init
<LI><a href="#[27]">&gt;&gt;</a>&nbsp;&nbsp;&nbsp;conn_params_error_handler
<LI><a href="#[26]">&gt;&gt;</a>&nbsp;&nbsp;&nbsp;on_conn_params_evt
<LI><a href="#[4e]">&gt;&gt;</a>&nbsp;&nbsp;&nbsp;add_uart_service
<LI><a href="#[4a]">&gt;&gt;</a>&nbsp;&nbsp;&nbsp;add_id_service
<LI><a href="#[47]">&gt;&gt;</a>&nbsp;&nbsp;&nbsp;advertising_init
<LI><a href="#[46]">&gt;&gt;</a>&nbsp;&nbsp;&nbsp;gap_params_init
<LI><a href="#[43]">&gt;&gt;</a>&nbsp;&nbsp;&nbsp;timers_init
<LI><a href="#[42]">&gt;&gt;</a>&nbsp;&nbsp;&nbsp;sample_timers_stop
<LI><a href="#[41]">&gt;&gt;</a>&nbsp;&nbsp;&nbsp;sample_timers_start
<LI><a href="#[3c]">&gt;&gt;</a>&nbsp;&nbsp;&nbsp;adv_timers_stop
<LI><a href="#[3a]">&gt;&gt;</a>&nbsp;&nbsp;&nbsp;adv_timers_start
<LI><a href="#[1b]">&gt;&gt;</a>&nbsp;&nbsp;&nbsp;SWI2_IRQHandler
<LI><a href="#[138]">&gt;&gt;</a>&nbsp;&nbsp;&nbsp;intern_softdevice_events_execute
<LI><a href="#[11a]">&gt;&gt;</a>&nbsp;&nbsp;&nbsp;timeout_handler_exec
</UL>

<P><STRONG><a name="[38]"></a>assert_nrf_callback</STRONG> (Thumb, 14 bytes, Stack size 0 bytes, main.o(.text))
<BR><BR>[Stack]<UL><LI>Max Depth = 8<LI>Call Chain = assert_nrf_callback &rArr; app_error_handler &rArr; ble_debug_assert_handler &rArr; strncpy
</UL>
<BR>[Calls]<UL><LI><a href="#[36]">&gt;&gt;</a>&nbsp;&nbsp;&nbsp;app_error_handler
</UL>
<BR>[Called By]<UL><LI><a href="#[31]">&gt;&gt;</a>&nbsp;&nbsp;&nbsp;softdevice_assertion_handler
</UL>

<P><STRONG><a name="[1f]"></a>main</STRONG> (Thumb, 94 bytes, Stack size 16 bytes, main.o(.text))
<BR><BR>[Stack]<UL><LI>Max Depth = 504<LI>Call Chain = main &rArr; protocol_init &rArr; purifier_protocol_init &rArr; al_init &rArr; GetSensorData &rArr; GetAverageTvoc &rArr; GetTvoc &rArr; TvocValue &rArr; pow &rArr; __kernel_poly &rArr; __aeabi_dmul &rArr; _double_epilogue &rArr; __aeabi_llsr
</UL>
<BR>[Calls]<UL><LI><a href="#[6a]">&gt;&gt;</a>&nbsp;&nbsp;&nbsp;rx_buffer_queue_evt_schedule
<LI><a href="#[66]">&gt;&gt;</a>&nbsp;&nbsp;&nbsp;init_rx_buffer_queue_evt
<LI><a href="#[69]">&gt;&gt;</a>&nbsp;&nbsp;&nbsp;app_sched_execute
<LI><a href="#[6b]">&gt;&gt;</a>&nbsp;&nbsp;&nbsp;SmartAdapt
<LI><a href="#[68]">&gt;&gt;</a>&nbsp;&nbsp;&nbsp;LcdDisplayInit
<LI><a href="#[67]">&gt;&gt;</a>&nbsp;&nbsp;&nbsp;InitAirPurifier
<LI><a href="#[63]">&gt;&gt;</a>&nbsp;&nbsp;&nbsp;protocol_init
<LI><a href="#[60]">&gt;&gt;</a>&nbsp;&nbsp;&nbsp;gpiote_init
<LI><a href="#[5e]">&gt;&gt;</a>&nbsp;&nbsp;&nbsp;scheduler_init
<LI><a href="#[5a]">&gt;&gt;</a>&nbsp;&nbsp;&nbsp;ble_stack_init
<LI><a href="#[51]">&gt;&gt;</a>&nbsp;&nbsp;&nbsp;conn_params_init
<LI><a href="#[65]">&gt;&gt;</a>&nbsp;&nbsp;&nbsp;sec_params_init
<LI><a href="#[50]">&gt;&gt;</a>&nbsp;&nbsp;&nbsp;services_init
<LI><a href="#[47]">&gt;&gt;</a>&nbsp;&nbsp;&nbsp;advertising_init
<LI><a href="#[46]">&gt;&gt;</a>&nbsp;&nbsp;&nbsp;gap_params_init
<LI><a href="#[43]">&gt;&gt;</a>&nbsp;&nbsp;&nbsp;timers_init
<LI><a href="#[3a]">&gt;&gt;</a>&nbsp;&nbsp;&nbsp;adv_timers_start
<LI><a href="#[39]">&gt;&gt;</a>&nbsp;&nbsp;&nbsp;advertising_start
</UL>
<BR>[Address Reference Count : 1]<UL><LI> entry9a.o(.ARM.Collect$$$$0000000B)
</UL>
<P><STRONG><a name="[66]"></a>init_rx_buffer_queue_evt</STRONG> (Thumb, 14 bytes, Stack size 0 bytes, rx_buffer_queue.o(.text))
<BR><BR>[Called By]<UL><LI><a href="#[1f]">&gt;&gt;</a>&nbsp;&nbsp;&nbsp;main
</UL>

<P><STRONG><a name="[6a]"></a>rx_buffer_queue_evt_schedule</STRONG> (Thumb, 70 bytes, Stack size 8 bytes, rx_buffer_queue.o(.text))
<BR><BR>[Stack]<UL><LI>Max Depth = 64<LI>Call Chain = rx_buffer_queue_evt_schedule &rArr; al_recv_packet &rArr; al_check_recv_packet &rArr; checksum
</UL>
<BR>[Calls]<UL><LI><a href="#[6e]">&gt;&gt;</a>&nbsp;&nbsp;&nbsp;al_recv_packet
<LI><a href="#[6d]">&gt;&gt;</a>&nbsp;&nbsp;&nbsp;IsRxBufferQueueEmypt
</UL>
<BR>[Called By]<UL><LI><a href="#[1f]">&gt;&gt;</a>&nbsp;&nbsp;&nbsp;main
</UL>

<P><STRONG><a name="[4d]"></a>add_rx_buffer_to_queue</STRONG> (Thumb, 70 bytes, Stack size 16 bytes, rx_buffer_queue.o(.text))
<BR><BR>[Stack]<UL><LI>Max Depth = 16<LI>Call Chain = add_rx_buffer_to_queue
</UL>
<BR>[Called By]<UL><LI><a href="#[25]">&gt;&gt;</a>&nbsp;&nbsp;&nbsp;ble_uart_recv_handler
</UL>

<P><STRONG><a name="[15f]"></a>flush_rx_buffer_queue</STRONG> (Thumb, 10 bytes, Stack size 0 bytes, rx_buffer_queue.o(.text), UNUSED)

<P><STRONG><a name="[64]"></a>purifier_protocol_init</STRONG> (Thumb, 46 bytes, Stack size 40 bytes, protocol.o(.text))
<BR><BR>[Stack]<UL><LI>Max Depth = 472<LI>Call Chain = purifier_protocol_init &rArr; al_init &rArr; GetSensorData &rArr; GetAverageTvoc &rArr; GetTvoc &rArr; TvocValue &rArr; pow &rArr; __kernel_poly &rArr; __aeabi_dmul &rArr; _double_epilogue &rArr; __aeabi_llsr
</UL>
<BR>[Calls]<UL><LI><a href="#[71]">&gt;&gt;</a>&nbsp;&nbsp;&nbsp;al_init
</UL>
<BR>[Called By]<UL><LI><a href="#[63]">&gt;&gt;</a>&nbsp;&nbsp;&nbsp;protocol_init
</UL>

<P><STRONG><a name="[78]"></a>al_send_status</STRONG> (Thumb, 6 bytes, Stack size 0 bytes, application.o(.text))
<BR><BR>[Called By]<UL><LI><a href="#[77]">&gt;&gt;</a>&nbsp;&nbsp;&nbsp;al_send_packet
</UL>

<P><STRONG><a name="[160]"></a>al_send_failed</STRONG> (Thumb, 8 bytes, Stack size 0 bytes, application.o(.text), UNUSED)

<P><STRONG><a name="[70]"></a>al_send_success</STRONG> (Thumb, 8 bytes, Stack size 0 bytes, application.o(.text))
<BR><BR>[Called By]<UL><LI><a href="#[2b]">&gt;&gt;</a>&nbsp;&nbsp;&nbsp;ble_send_handler
</UL>

<P><STRONG><a name="[77]"></a>al_send_packet</STRONG> (Thumb, 84 bytes, Stack size 24 bytes, application.o(.text))
<BR><BR>[Stack]<UL><LI>Max Depth = 52<LI>Call Chain = al_send_packet &rArr; al_set_header &rArr; al_calc_payload_length
</UL>
<BR>[Calls]<UL><LI><a href="#[78]">&gt;&gt;</a>&nbsp;&nbsp;&nbsp;al_send_status
<LI><a href="#[75]">&gt;&gt;</a>&nbsp;&nbsp;&nbsp;al_set_header
<LI><a href="#[76]">&gt;&gt;</a>&nbsp;&nbsp;&nbsp;al_calc_payload_length
<LI><a href="#[79]">&gt;&gt;</a>&nbsp;&nbsp;&nbsp;al_load_k_value
<LI><a href="#[72]">&gt;&gt;</a>&nbsp;&nbsp;&nbsp;al_load_packet_checksum
</UL>
<BR>[Called By]<UL><LI><a href="#[7c]">&gt;&gt;</a>&nbsp;&nbsp;&nbsp;al_send_status_packet
<LI><a href="#[7b]">&gt;&gt;</a>&nbsp;&nbsp;&nbsp;al_send_rt_monitor_packet
<LI><a href="#[7a]">&gt;&gt;</a>&nbsp;&nbsp;&nbsp;al_send_execute_status_packet
</UL>

<P><STRONG><a name="[6e]"></a>al_recv_packet</STRONG> (Thumb, 244 bytes, Stack size 32 bytes, application.o(.text))
<BR><BR>[Stack]<UL><LI>Max Depth = 56<LI>Call Chain = al_recv_packet &rArr; al_check_recv_packet &rArr; checksum
</UL>
<BR>[Calls]<UL><LI><a href="#[7d]">&gt;&gt;</a>&nbsp;&nbsp;&nbsp;__ARM_common_switch8
<LI><a href="#[74]">&gt;&gt;</a>&nbsp;&nbsp;&nbsp;al_check_recv_packet
</UL>
<BR>[Called By]<UL><LI><a href="#[6a]">&gt;&gt;</a>&nbsp;&nbsp;&nbsp;rx_buffer_queue_evt_schedule
</UL>

<P><STRONG><a name="[71]"></a>al_init</STRONG> (Thumb, 66 bytes, Stack size 8 bytes, application.o(.text))
<BR><BR>[Stack]<UL><LI>Max Depth = 432<LI>Call Chain = al_init &rArr; GetSensorData &rArr; GetAverageTvoc &rArr; GetTvoc &rArr; TvocValue &rArr; pow &rArr; __kernel_poly &rArr; __aeabi_dmul &rArr; _double_epilogue &rArr; __aeabi_llsr
</UL>
<BR>[Calls]<UL><LI><a href="#[3e]">&gt;&gt;</a>&nbsp;&nbsp;&nbsp;GetSensorData
</UL>
<BR>[Called By]<UL><LI><a href="#[64]">&gt;&gt;</a>&nbsp;&nbsp;&nbsp;purifier_protocol_init
</UL>

<P><STRONG><a name="[3f]"></a>pass_to_al_sensor_data</STRONG> (Thumb, 22 bytes, Stack size 24 bytes, application.o(.text))
<BR><BR>[Stack]<UL><LI>Max Depth = 24<LI>Call Chain = pass_to_al_sensor_data
</UL>
<BR>[Calls]<UL><LI><a href="#[7e]">&gt;&gt;</a>&nbsp;&nbsp;&nbsp;__aeabi_memcpy4
</UL>
<BR>[Called By]<UL><LI><a href="#[24]">&gt;&gt;</a>&nbsp;&nbsp;&nbsp;sample_start_handler
</UL>

<P><STRONG><a name="[2c]"></a>al_process_control_packet</STRONG> (Thumb, 124 bytes, Stack size 16 bytes, application.o(.text))
<BR><BR>[Stack]<UL><LI>Max Depth = 92<LI>Call Chain = al_process_control_packet &rArr; al_send_execute_status_packet &rArr; al_send_packet &rArr; al_set_header &rArr; al_calc_payload_length
</UL>
<BR>[Calls]<UL><LI><a href="#[81]">&gt;&gt;</a>&nbsp;&nbsp;&nbsp;OpenFan
<LI><a href="#[80]">&gt;&gt;</a>&nbsp;&nbsp;&nbsp;CloseFan
<LI><a href="#[7a]">&gt;&gt;</a>&nbsp;&nbsp;&nbsp;al_send_execute_status_packet
<LI><a href="#[7f]">&gt;&gt;</a>&nbsp;&nbsp;&nbsp;al_download_payload
</UL>
<BR>[Address Reference Count : 1]<UL><LI> protocol.o(.text)
</UL>
<P><STRONG><a name="[2d]"></a>al_process_setting_packet</STRONG> (Thumb, 118 bytes, Stack size 24 bytes, application.o(.text))
<BR><BR>[Stack]<UL><LI>Max Depth = 104<LI>Call Chain = al_process_setting_packet &rArr; SetCalenderTime &rArr; SetYear &rArr; RtcWriteTime &rArr; RtcWriteByte &rArr; RtcShortDelay &rArr; DelayUs &rArr; nrf_delay_us
</UL>
<BR>[Calls]<UL><LI><a href="#[82]">&gt;&gt;</a>&nbsp;&nbsp;&nbsp;SetCalenderTime
<LI><a href="#[7f]">&gt;&gt;</a>&nbsp;&nbsp;&nbsp;al_download_payload
</UL>
<BR>[Address Reference Count : 1]<UL><LI> protocol.o(.text)
</UL>
<P><STRONG><a name="[2e]"></a>al_process_rt_monitor_packet</STRONG> (Thumb, 98 bytes, Stack size 16 bytes, application.o(.text))
<BR><BR>[Stack]<UL><LI>Max Depth = 92<LI>Call Chain = al_process_rt_monitor_packet &rArr; al_send_rt_monitor_packet &rArr; al_send_packet &rArr; al_set_header &rArr; al_calc_payload_length
</UL>
<BR>[Calls]<UL><LI><a href="#[7b]">&gt;&gt;</a>&nbsp;&nbsp;&nbsp;al_send_rt_monitor_packet
<LI><a href="#[7f]">&gt;&gt;</a>&nbsp;&nbsp;&nbsp;al_download_payload
</UL>
<BR>[Address Reference Count : 1]<UL><LI> protocol.o(.text)
</UL>
<P><STRONG><a name="[2f]"></a>al_process_status_packet</STRONG> (Thumb, 60 bytes, Stack size 16 bytes, application.o(.text))
<BR><BR>[Stack]<UL><LI>Max Depth = 92<LI>Call Chain = al_process_status_packet &rArr; al_send_status_packet &rArr; al_send_packet &rArr; al_set_header &rArr; al_calc_payload_length
</UL>
<BR>[Calls]<UL><LI><a href="#[7c]">&gt;&gt;</a>&nbsp;&nbsp;&nbsp;al_send_status_packet
<LI><a href="#[7f]">&gt;&gt;</a>&nbsp;&nbsp;&nbsp;al_download_payload
</UL>
<BR>[Address Reference Count : 1]<UL><LI> protocol.o(.text)
</UL>
<P><STRONG><a name="[4b]"></a>InitID</STRONG> (Thumb, 4 bytes, Stack size 0 bytes, ble_id.o(.text))
<BR><BR>[Called By]<UL><LI><a href="#[4a]">&gt;&gt;</a>&nbsp;&nbsp;&nbsp;add_id_service
</UL>

<P><STRONG><a name="[57]"></a>ble_id_on_ble_evt</STRONG> (Thumb, 44 bytes, Stack size 16 bytes, ble_id.o(.text))
<BR><BR>[Stack]<UL><LI>Max Depth = 16<LI>Call Chain = ble_id_on_ble_evt
</UL>
<BR>[Calls]<UL><LI><a href="#[84]">&gt;&gt;</a>&nbsp;&nbsp;&nbsp;on_disconnect
<LI><a href="#[83]">&gt;&gt;</a>&nbsp;&nbsp;&nbsp;on_connect
</UL>
<BR>[Called By]<UL><LI><a href="#[28]">&gt;&gt;</a>&nbsp;&nbsp;&nbsp;ble_evt_dispatch
</UL>

<P><STRONG><a name="[4c]"></a>ble_id_init</STRONG> (Thumb, 90 bytes, Stack size 40 bytes, ble_id.o(.text))
<BR><BR>[Stack]<UL><LI>Max Depth = 112<LI>Call Chain = ble_id_init &rArr; id_char_add
</UL>
<BR>[Calls]<UL><LI><a href="#[85]">&gt;&gt;</a>&nbsp;&nbsp;&nbsp;id_char_add
</UL>
<BR>[Called By]<UL><LI><a href="#[4a]">&gt;&gt;</a>&nbsp;&nbsp;&nbsp;add_id_service
</UL>

<P><STRONG><a name="[58]"></a>ble_uart_on_ble_evt</STRONG> (Thumb, 58 bytes, Stack size 16 bytes, ble_uart.o(.text))
<BR><BR>[Stack]<UL><LI>Max Depth = 40<LI>Call Chain = ble_uart_on_ble_evt &rArr; on_write
</UL>
<BR>[Calls]<UL><LI><a href="#[89]">&gt;&gt;</a>&nbsp;&nbsp;&nbsp;on_write
<LI><a href="#[88]">&gt;&gt;</a>&nbsp;&nbsp;&nbsp;on_disconnect
<LI><a href="#[87]">&gt;&gt;</a>&nbsp;&nbsp;&nbsp;on_connect
</UL>
<BR>[Called By]<UL><LI><a href="#[28]">&gt;&gt;</a>&nbsp;&nbsp;&nbsp;ble_evt_dispatch
</UL>

<P><STRONG><a name="[4f]"></a>ble_uart_init</STRONG> (Thumb, 112 bytes, Stack size 40 bytes, ble_uart.o(.text))
<BR><BR>[Stack]<UL><LI>Max Depth = 112<LI>Call Chain = ble_uart_init &rArr; uart_recv_char_add
</UL>
<BR>[Calls]<UL><LI><a href="#[8b]">&gt;&gt;</a>&nbsp;&nbsp;&nbsp;uart_recv_char_add
<LI><a href="#[8a]">&gt;&gt;</a>&nbsp;&nbsp;&nbsp;uart_send_char_add
</UL>
<BR>[Called By]<UL><LI><a href="#[4e]">&gt;&gt;</a>&nbsp;&nbsp;&nbsp;add_uart_service
</UL>

<P><STRONG><a name="[6f]"></a>ble_uart_send</STRONG> (Thumb, 42 bytes, Stack size 32 bytes, ble_uart.o(.text))
<BR><BR>[Stack]<UL><LI>Max Depth = 32<LI>Call Chain = ble_uart_send
</UL>
<BR>[Called By]<UL><LI><a href="#[2b]">&gt;&gt;</a>&nbsp;&nbsp;&nbsp;ble_send_handler
</UL>

<P><STRONG><a name="[67]"></a>InitAirPurifier</STRONG> (Thumb, 24 bytes, Stack size 8 bytes, car_air_purifier.o(.text))
<BR><BR>[Stack]<UL><LI>Max Depth = 424<LI>Call Chain = InitAirPurifier &rArr; InitSensor &rArr; InitTvoc &rArr; GetTvoc &rArr; TvocValue &rArr; pow &rArr; __kernel_poly &rArr; __aeabi_dmul &rArr; _double_epilogue &rArr; __aeabi_llsr
</UL>
<BR>[Calls]<UL><LI><a href="#[8f]">&gt;&gt;</a>&nbsp;&nbsp;&nbsp;InitSensor
<LI><a href="#[8e]">&gt;&gt;</a>&nbsp;&nbsp;&nbsp;InitRtc
<LI><a href="#[8c]">&gt;&gt;</a>&nbsp;&nbsp;&nbsp;InitLed
<LI><a href="#[8d]">&gt;&gt;</a>&nbsp;&nbsp;&nbsp;InitLCD
<LI><a href="#[90]">&gt;&gt;</a>&nbsp;&nbsp;&nbsp;InitFan
</UL>
<BR>[Called By]<UL><LI><a href="#[1f]">&gt;&gt;</a>&nbsp;&nbsp;&nbsp;main
</UL>

<P><STRONG><a name="[6b]"></a>SmartAdapt</STRONG> (Thumb, 208 bytes, Stack size 40 bytes, car_air_purifier.o(.text))
<BR><BR>[Stack]<UL><LI>Max Depth = 92<LI>Call Chain = SmartAdapt &rArr; OpenLed &rArr; OpenRGBLed &rArr; GpioWrite
</UL>
<BR>[Calls]<UL><LI><a href="#[94]">&gt;&gt;</a>&nbsp;&nbsp;&nbsp;__aeabi_f2d
<LI><a href="#[91]">&gt;&gt;</a>&nbsp;&nbsp;&nbsp;__aeabi_cfrcmple
<LI><a href="#[92]">&gt;&gt;</a>&nbsp;&nbsp;&nbsp;__aeabi_cfcmple
<LI><a href="#[95]">&gt;&gt;</a>&nbsp;&nbsp;&nbsp;__aeabi_cdcmple
<LI><a href="#[93]">&gt;&gt;</a>&nbsp;&nbsp;&nbsp;OpenLed
</UL>
<BR>[Called By]<UL><LI><a href="#[1f]">&gt;&gt;</a>&nbsp;&nbsp;&nbsp;main
</UL>

<P><STRONG><a name="[96]"></a>DelayUs</STRONG> (Thumb, 10 bytes, Stack size 8 bytes, delay.o(.text))
<BR><BR>[Stack]<UL><LI>Max Depth = 16<LI>Call Chain = DelayUs &rArr; nrf_delay_us
</UL>
<BR>[Calls]<UL><LI><a href="#[97]">&gt;&gt;</a>&nbsp;&nbsp;&nbsp;nrf_delay_us
</UL>
<BR>[Called By]<UL><LI><a href="#[8d]">&gt;&gt;</a>&nbsp;&nbsp;&nbsp;InitLCD
<LI><a href="#[e2]">&gt;&gt;</a>&nbsp;&nbsp;&nbsp;GetPm25
<LI><a href="#[df]">&gt;&gt;</a>&nbsp;&nbsp;&nbsp;Dht11DelayOneMs
<LI><a href="#[dd]">&gt;&gt;</a>&nbsp;&nbsp;&nbsp;Dht11DelayOneUs
<LI><a href="#[b5]">&gt;&gt;</a>&nbsp;&nbsp;&nbsp;RtcShortDelay
<LI><a href="#[ba]">&gt;&gt;</a>&nbsp;&nbsp;&nbsp;RtcWriteTime
<LI><a href="#[b6]">&gt;&gt;</a>&nbsp;&nbsp;&nbsp;RtcReadTime
<LI><a href="#[a4]">&gt;&gt;</a>&nbsp;&nbsp;&nbsp;WriteCommand
<LI><a href="#[a3]">&gt;&gt;</a>&nbsp;&nbsp;&nbsp;WriteData
<LI><a href="#[a1]">&gt;&gt;</a>&nbsp;&nbsp;&nbsp;SendBit
</UL>

<P><STRONG><a name="[98]"></a>DelayMs</STRONG> (Thumb, 24 bytes, Stack size 8 bytes, delay.o(.text))
<BR><BR>[Stack]<UL><LI>Max Depth = 16<LI>Call Chain = DelayMs &rArr; nrf_delay_us
</UL>
<BR>[Calls]<UL><LI><a href="#[97]">&gt;&gt;</a>&nbsp;&nbsp;&nbsp;nrf_delay_us
</UL>
<BR>[Called By]<UL><LI><a href="#[68]">&gt;&gt;</a>&nbsp;&nbsp;&nbsp;LcdDisplayInit
<LI><a href="#[d7]">&gt;&gt;</a>&nbsp;&nbsp;&nbsp;InitPm25
<LI><a href="#[d6]">&gt;&gt;</a>&nbsp;&nbsp;&nbsp;InitDht11
<LI><a href="#[a9]">&gt;&gt;</a>&nbsp;&nbsp;&nbsp;DisplayStrH32
</UL>

<P><STRONG><a name="[b9]"></a>GpioRead</STRONG> (Thumb, 16 bytes, Stack size 0 bytes, gpio.o(.text))
<BR><BR>[Called By]<UL><LI><a href="#[de]">&gt;&gt;</a>&nbsp;&nbsp;&nbsp;GetDht11
<LI><a href="#[dc]">&gt;&gt;</a>&nbsp;&nbsp;&nbsp;Dht11ReadValue
<LI><a href="#[b6]">&gt;&gt;</a>&nbsp;&nbsp;&nbsp;RtcReadTime
</UL>

<P><STRONG><a name="[a2]"></a>GpioWrite</STRONG> (Thumb, 44 bytes, Stack size 12 bytes, gpio.o(.text))
<BR><BR>[Stack]<UL><LI>Max Depth = 12<LI>Call Chain = GpioWrite
</UL>
<BR>[Called By]<UL><LI><a href="#[93]">&gt;&gt;</a>&nbsp;&nbsp;&nbsp;OpenLed
<LI><a href="#[8c]">&gt;&gt;</a>&nbsp;&nbsp;&nbsp;InitLed
<LI><a href="#[8d]">&gt;&gt;</a>&nbsp;&nbsp;&nbsp;InitLCD
<LI><a href="#[81]">&gt;&gt;</a>&nbsp;&nbsp;&nbsp;OpenFan
<LI><a href="#[80]">&gt;&gt;</a>&nbsp;&nbsp;&nbsp;CloseFan
<LI><a href="#[e2]">&gt;&gt;</a>&nbsp;&nbsp;&nbsp;GetPm25
<LI><a href="#[de]">&gt;&gt;</a>&nbsp;&nbsp;&nbsp;GetDht11
<LI><a href="#[dc]">&gt;&gt;</a>&nbsp;&nbsp;&nbsp;Dht11ReadValue
<LI><a href="#[d7]">&gt;&gt;</a>&nbsp;&nbsp;&nbsp;InitPm25
<LI><a href="#[cf]">&gt;&gt;</a>&nbsp;&nbsp;&nbsp;CloseLed
<LI><a href="#[ce]">&gt;&gt;</a>&nbsp;&nbsp;&nbsp;CloseWarnLed
<LI><a href="#[cd]">&gt;&gt;</a>&nbsp;&nbsp;&nbsp;OpenRGBLed
<LI><a href="#[cc]">&gt;&gt;</a>&nbsp;&nbsp;&nbsp;CloseAQILed
<LI><a href="#[b4]">&gt;&gt;</a>&nbsp;&nbsp;&nbsp;RtcWriteClk
<LI><a href="#[b7]">&gt;&gt;</a>&nbsp;&nbsp;&nbsp;DisableRtc
<LI><a href="#[b8]">&gt;&gt;</a>&nbsp;&nbsp;&nbsp;EnableRtc
<LI><a href="#[b3]">&gt;&gt;</a>&nbsp;&nbsp;&nbsp;RtcWriteByte
<LI><a href="#[a6]">&gt;&gt;</a>&nbsp;&nbsp;&nbsp;Initial
<LI><a href="#[a5]">&gt;&gt;</a>&nbsp;&nbsp;&nbsp;SetLcdAddress
<LI><a href="#[a4]">&gt;&gt;</a>&nbsp;&nbsp;&nbsp;WriteCommand
<LI><a href="#[a3]">&gt;&gt;</a>&nbsp;&nbsp;&nbsp;WriteData
<LI><a href="#[a1]">&gt;&gt;</a>&nbsp;&nbsp;&nbsp;SendBit
</UL>

<P><STRONG><a name="[d1]"></a>GpioToggle</STRONG> (Thumb, 20 bytes, Stack size 0 bytes, gpio.o(.text), UNUSED)
<BR><BR>[Called By]<UL><LI><a href="#[d0]">&gt;&gt;</a>&nbsp;&nbsp;&nbsp;ToggleLed
</UL>

<P><STRONG><a name="[a8]"></a>GpioConfig</STRONG> (Thumb, 60 bytes, Stack size 12 bytes, gpio.o(.text))
<BR><BR>[Stack]<UL><LI>Max Depth = 12<LI>Call Chain = GpioConfig
</UL>
<BR>[Called By]<UL><LI><a href="#[8e]">&gt;&gt;</a>&nbsp;&nbsp;&nbsp;InitRtc
<LI><a href="#[8c]">&gt;&gt;</a>&nbsp;&nbsp;&nbsp;InitLed
<LI><a href="#[8d]">&gt;&gt;</a>&nbsp;&nbsp;&nbsp;InitLCD
<LI><a href="#[90]">&gt;&gt;</a>&nbsp;&nbsp;&nbsp;InitFan
<LI><a href="#[de]">&gt;&gt;</a>&nbsp;&nbsp;&nbsp;GetDht11
<LI><a href="#[dc]">&gt;&gt;</a>&nbsp;&nbsp;&nbsp;Dht11ReadValue
<LI><a href="#[d7]">&gt;&gt;</a>&nbsp;&nbsp;&nbsp;InitPm25
<LI><a href="#[b6]">&gt;&gt;</a>&nbsp;&nbsp;&nbsp;RtcReadTime
<LI><a href="#[b3]">&gt;&gt;</a>&nbsp;&nbsp;&nbsp;RtcWriteByte
</UL>

<P><STRONG><a name="[d5]"></a>InitAdc</STRONG> (Thumb, 14 bytes, Stack size 0 bytes, adc.o(.text))
<BR><BR>[Called By]<UL><LI><a href="#[8f]">&gt;&gt;</a>&nbsp;&nbsp;&nbsp;InitSensor
</UL>

<P><STRONG><a name="[9f]"></a>OpenAdc</STRONG> (Thumb, 50 bytes, Stack size 16 bytes, adc.o(.text))
<BR><BR>[Stack]<UL><LI>Max Depth = 16<LI>Call Chain = OpenAdc
</UL>
<BR>[Called By]<UL><LI><a href="#[9e]">&gt;&gt;</a>&nbsp;&nbsp;&nbsp;GetVoltage
<LI><a href="#[e6]">&gt;&gt;</a>&nbsp;&nbsp;&nbsp;GetTvoc
<LI><a href="#[e2]">&gt;&gt;</a>&nbsp;&nbsp;&nbsp;GetPm25
</UL>

<P><STRONG><a name="[161]"></a>GetAdcNumber</STRONG> (Thumb, 14 bytes, Stack size 0 bytes, adc.o(.text), UNUSED)

<P><STRONG><a name="[a0]"></a>GetAdcValue</STRONG> (Thumb, 44 bytes, Stack size 8 bytes, adc.o(.text))
<BR><BR>[Stack]<UL><LI>Max Depth = 8<LI>Call Chain = GetAdcValue
</UL>
<BR>[Called By]<UL><LI><a href="#[9e]">&gt;&gt;</a>&nbsp;&nbsp;&nbsp;GetVoltage
<LI><a href="#[e2]">&gt;&gt;</a>&nbsp;&nbsp;&nbsp;GetPm25
</UL>

<P><STRONG><a name="[99]"></a>GetVoltageByValue</STRONG> (Thumb, 64 bytes, Stack size 56 bytes, adc.o(.text))
<BR><BR>[Stack]<UL><LI>Max Depth = 184<LI>Call Chain = GetVoltageByValue &rArr; __aeabi_dmul &rArr; _double_epilogue &rArr; __aeabi_llsr
</UL>
<BR>[Calls]<UL><LI><a href="#[9a]">&gt;&gt;</a>&nbsp;&nbsp;&nbsp;__aeabi_ui2f
<LI><a href="#[9c]">&gt;&gt;</a>&nbsp;&nbsp;&nbsp;__aeabi_dmul
<LI><a href="#[9b]">&gt;&gt;</a>&nbsp;&nbsp;&nbsp;__aeabi_ddiv
<LI><a href="#[9d]">&gt;&gt;</a>&nbsp;&nbsp;&nbsp;__aeabi_d2f
<LI><a href="#[94]">&gt;&gt;</a>&nbsp;&nbsp;&nbsp;__aeabi_f2d
</UL>
<BR>[Called By]<UL><LI><a href="#[e2]">&gt;&gt;</a>&nbsp;&nbsp;&nbsp;GetPm25
</UL>

<P><STRONG><a name="[9e]"></a>GetVoltage</STRONG> (Thumb, 76 bytes, Stack size 56 bytes, adc.o(.text))
<BR><BR>[Stack]<UL><LI>Max Depth = 184<LI>Call Chain = GetVoltage &rArr; __aeabi_dmul &rArr; _double_epilogue &rArr; __aeabi_llsr
</UL>
<BR>[Calls]<UL><LI><a href="#[9a]">&gt;&gt;</a>&nbsp;&nbsp;&nbsp;__aeabi_ui2f
<LI><a href="#[9c]">&gt;&gt;</a>&nbsp;&nbsp;&nbsp;__aeabi_dmul
<LI><a href="#[9b]">&gt;&gt;</a>&nbsp;&nbsp;&nbsp;__aeabi_ddiv
<LI><a href="#[9d]">&gt;&gt;</a>&nbsp;&nbsp;&nbsp;__aeabi_d2f
<LI><a href="#[a0]">&gt;&gt;</a>&nbsp;&nbsp;&nbsp;GetAdcValue
<LI><a href="#[9f]">&gt;&gt;</a>&nbsp;&nbsp;&nbsp;OpenAdc
<LI><a href="#[94]">&gt;&gt;</a>&nbsp;&nbsp;&nbsp;__aeabi_f2d
</UL>
<BR>[Called By]<UL><LI><a href="#[e6]">&gt;&gt;</a>&nbsp;&nbsp;&nbsp;GetTvoc
</UL>

<P><STRONG><a name="[a1]"></a>SendBit</STRONG> (Thumb, 92 bytes, Stack size 16 bytes, lcd13232.o(.text))
<BR><BR>[Stack]<UL><LI>Max Depth = 32<LI>Call Chain = SendBit &rArr; DelayUs &rArr; nrf_delay_us
</UL>
<BR>[Calls]<UL><LI><a href="#[a2]">&gt;&gt;</a>&nbsp;&nbsp;&nbsp;GpioWrite
<LI><a href="#[96]">&gt;&gt;</a>&nbsp;&nbsp;&nbsp;DelayUs
</UL>
<BR>[Called By]<UL><LI><a href="#[a4]">&gt;&gt;</a>&nbsp;&nbsp;&nbsp;WriteCommand
<LI><a href="#[a3]">&gt;&gt;</a>&nbsp;&nbsp;&nbsp;WriteData
</UL>

<P><STRONG><a name="[a3]"></a>WriteData</STRONG> (Thumb, 56 bytes, Stack size 8 bytes, lcd13232.o(.text))
<BR><BR>[Stack]<UL><LI>Max Depth = 40<LI>Call Chain = WriteData &rArr; SendBit &rArr; DelayUs &rArr; nrf_delay_us
</UL>
<BR>[Calls]<UL><LI><a href="#[a2]">&gt;&gt;</a>&nbsp;&nbsp;&nbsp;GpioWrite
<LI><a href="#[96]">&gt;&gt;</a>&nbsp;&nbsp;&nbsp;DelayUs
<LI><a href="#[a1]">&gt;&gt;</a>&nbsp;&nbsp;&nbsp;SendBit
</UL>
<BR>[Called By]<UL><LI><a href="#[a9]">&gt;&gt;</a>&nbsp;&nbsp;&nbsp;DisplayStrH32
<LI><a href="#[a7]">&gt;&gt;</a>&nbsp;&nbsp;&nbsp;ClearScreen
</UL>

<P><STRONG><a name="[a4]"></a>WriteCommand</STRONG> (Thumb, 56 bytes, Stack size 8 bytes, lcd13232.o(.text))
<BR><BR>[Stack]<UL><LI>Max Depth = 40<LI>Call Chain = WriteCommand &rArr; SendBit &rArr; DelayUs &rArr; nrf_delay_us
</UL>
<BR>[Calls]<UL><LI><a href="#[a2]">&gt;&gt;</a>&nbsp;&nbsp;&nbsp;GpioWrite
<LI><a href="#[96]">&gt;&gt;</a>&nbsp;&nbsp;&nbsp;DelayUs
<LI><a href="#[a1]">&gt;&gt;</a>&nbsp;&nbsp;&nbsp;SendBit
</UL>
<BR>[Called By]<UL><LI><a href="#[a6]">&gt;&gt;</a>&nbsp;&nbsp;&nbsp;Initial
<LI><a href="#[a5]">&gt;&gt;</a>&nbsp;&nbsp;&nbsp;SetLcdAddress
</UL>

<P><STRONG><a name="[a5]"></a>SetLcdAddress</STRONG> (Thumb, 46 bytes, Stack size 16 bytes, lcd13232.o(.text))
<BR><BR>[Stack]<UL><LI>Max Depth = 56<LI>Call Chain = SetLcdAddress &rArr; WriteCommand &rArr; SendBit &rArr; DelayUs &rArr; nrf_delay_us
</UL>
<BR>[Calls]<UL><LI><a href="#[a2]">&gt;&gt;</a>&nbsp;&nbsp;&nbsp;GpioWrite
<LI><a href="#[a4]">&gt;&gt;</a>&nbsp;&nbsp;&nbsp;WriteCommand
</UL>
<BR>[Called By]<UL><LI><a href="#[a9]">&gt;&gt;</a>&nbsp;&nbsp;&nbsp;DisplayStrH32
<LI><a href="#[a7]">&gt;&gt;</a>&nbsp;&nbsp;&nbsp;ClearScreen
</UL>

<P><STRONG><a name="[a6]"></a>Initial</STRONG> (Thumb, 78 bytes, Stack size 8 bytes, lcd13232.o(.text))
<BR><BR>[Stack]<UL><LI>Max Depth = 48<LI>Call Chain = Initial &rArr; WriteCommand &rArr; SendBit &rArr; DelayUs &rArr; nrf_delay_us
</UL>
<BR>[Calls]<UL><LI><a href="#[a2]">&gt;&gt;</a>&nbsp;&nbsp;&nbsp;GpioWrite
<LI><a href="#[a4]">&gt;&gt;</a>&nbsp;&nbsp;&nbsp;WriteCommand
</UL>
<BR>[Called By]<UL><LI><a href="#[8d]">&gt;&gt;</a>&nbsp;&nbsp;&nbsp;InitLCD
<LI><a href="#[a9]">&gt;&gt;</a>&nbsp;&nbsp;&nbsp;DisplayStrH32
</UL>

<P><STRONG><a name="[a7]"></a>ClearScreen</STRONG> (Thumb, 42 bytes, Stack size 16 bytes, lcd13232.o(.text))
<BR><BR>[Stack]<UL><LI>Max Depth = 72<LI>Call Chain = ClearScreen &rArr; SetLcdAddress &rArr; WriteCommand &rArr; SendBit &rArr; DelayUs &rArr; nrf_delay_us
</UL>
<BR>[Calls]<UL><LI><a href="#[a5]">&gt;&gt;</a>&nbsp;&nbsp;&nbsp;SetLcdAddress
<LI><a href="#[a3]">&gt;&gt;</a>&nbsp;&nbsp;&nbsp;WriteData
</UL>
<BR>[Called By]<UL><LI><a href="#[8d]">&gt;&gt;</a>&nbsp;&nbsp;&nbsp;InitLCD
<LI><a href="#[68]">&gt;&gt;</a>&nbsp;&nbsp;&nbsp;LcdDisplayInit
<LI><a href="#[b2]">&gt;&gt;</a>&nbsp;&nbsp;&nbsp;LcdDisplayFanSpeed
<LI><a href="#[b1]">&gt;&gt;</a>&nbsp;&nbsp;&nbsp;LcdDisplayTime
</UL>

<P><STRONG><a name="[8d]"></a>InitLCD</STRONG> (Thumb, 80 bytes, Stack size 8 bytes, lcd13232.o(.text))
<BR><BR>[Stack]<UL><LI>Max Depth = 80<LI>Call Chain = InitLCD &rArr; ClearScreen &rArr; SetLcdAddress &rArr; WriteCommand &rArr; SendBit &rArr; DelayUs &rArr; nrf_delay_us
</UL>
<BR>[Calls]<UL><LI><a href="#[a8]">&gt;&gt;</a>&nbsp;&nbsp;&nbsp;GpioConfig
<LI><a href="#[a2]">&gt;&gt;</a>&nbsp;&nbsp;&nbsp;GpioWrite
<LI><a href="#[96]">&gt;&gt;</a>&nbsp;&nbsp;&nbsp;DelayUs
<LI><a href="#[a7]">&gt;&gt;</a>&nbsp;&nbsp;&nbsp;ClearScreen
<LI><a href="#[a6]">&gt;&gt;</a>&nbsp;&nbsp;&nbsp;Initial
</UL>
<BR>[Called By]<UL><LI><a href="#[67]">&gt;&gt;</a>&nbsp;&nbsp;&nbsp;InitAirPurifier
</UL>

<P><STRONG><a name="[a9]"></a>DisplayStrH32</STRONG> (Thumb, 66 bytes, Stack size 32 bytes, lcd13232.o(.text))
<BR><BR>[Stack]<UL><LI>Max Depth = 88<LI>Call Chain = DisplayStrH32 &rArr; SetLcdAddress &rArr; WriteCommand &rArr; SendBit &rArr; DelayUs &rArr; nrf_delay_us
</UL>
<BR>[Calls]<UL><LI><a href="#[98]">&gt;&gt;</a>&nbsp;&nbsp;&nbsp;DelayMs
<LI><a href="#[a6]">&gt;&gt;</a>&nbsp;&nbsp;&nbsp;Initial
<LI><a href="#[a5]">&gt;&gt;</a>&nbsp;&nbsp;&nbsp;SetLcdAddress
<LI><a href="#[a3]">&gt;&gt;</a>&nbsp;&nbsp;&nbsp;WriteData
</UL>
<BR>[Called By]<UL><LI><a href="#[68]">&gt;&gt;</a>&nbsp;&nbsp;&nbsp;LcdDisplayInit
<LI><a href="#[b2]">&gt;&gt;</a>&nbsp;&nbsp;&nbsp;LcdDisplayFanSpeed
<LI><a href="#[b1]">&gt;&gt;</a>&nbsp;&nbsp;&nbsp;LcdDisplayTime
<LI><a href="#[b0]">&gt;&gt;</a>&nbsp;&nbsp;&nbsp;LcdDisplayHumi
<LI><a href="#[af]">&gt;&gt;</a>&nbsp;&nbsp;&nbsp;LcdDisplayTemp
<LI><a href="#[ae]">&gt;&gt;</a>&nbsp;&nbsp;&nbsp;LcdDisplayFormaldehyde
<LI><a href="#[aa]">&gt;&gt;</a>&nbsp;&nbsp;&nbsp;LcdDisplayPM25
</UL>

<P><STRONG><a name="[68]"></a>LcdDisplayInit</STRONG> (Thumb, 92 bytes, Stack size 16 bytes, lcd13232.o(.text))
<BR><BR>[Stack]<UL><LI>Max Depth = 104<LI>Call Chain = LcdDisplayInit &rArr; DisplayStrH32 &rArr; SetLcdAddress &rArr; WriteCommand &rArr; SendBit &rArr; DelayUs &rArr; nrf_delay_us
</UL>
<BR>[Calls]<UL><LI><a href="#[98]">&gt;&gt;</a>&nbsp;&nbsp;&nbsp;DelayMs
<LI><a href="#[a9]">&gt;&gt;</a>&nbsp;&nbsp;&nbsp;DisplayStrH32
<LI><a href="#[a7]">&gt;&gt;</a>&nbsp;&nbsp;&nbsp;ClearScreen
</UL>
<BR>[Called By]<UL><LI><a href="#[1f]">&gt;&gt;</a>&nbsp;&nbsp;&nbsp;main
</UL>

<P><STRONG><a name="[aa]"></a>LcdDisplayPM25</STRONG> (Thumb, 180 bytes, Stack size 24 bytes, lcd13232.o(.text))
<BR><BR>[Stack]<UL><LI>Max Depth = 112<LI>Call Chain = LcdDisplayPM25 &rArr; DisplayStrH32 &rArr; SetLcdAddress &rArr; WriteCommand &rArr; SendBit &rArr; DelayUs &rArr; nrf_delay_us
</UL>
<BR>[Calls]<UL><LI><a href="#[ab]">&gt;&gt;</a>&nbsp;&nbsp;&nbsp;__aeabi_fmul
<LI><a href="#[ac]">&gt;&gt;</a>&nbsp;&nbsp;&nbsp;__aeabi_f2uiz
<LI><a href="#[a9]">&gt;&gt;</a>&nbsp;&nbsp;&nbsp;DisplayStrH32
<LI><a href="#[ad]">&gt;&gt;</a>&nbsp;&nbsp;&nbsp;__aeabi_idivmod
</UL>
<BR>[Called By]<UL><LI><a href="#[40]">&gt;&gt;</a>&nbsp;&nbsp;&nbsp;LcdDisplaySensorData
</UL>

<P><STRONG><a name="[ae]"></a>LcdDisplayFormaldehyde</STRONG> (Thumb, 186 bytes, Stack size 24 bytes, lcd13232.o(.text))
<BR><BR>[Stack]<UL><LI>Max Depth = 112<LI>Call Chain = LcdDisplayFormaldehyde &rArr; DisplayStrH32 &rArr; SetLcdAddress &rArr; WriteCommand &rArr; SendBit &rArr; DelayUs &rArr; nrf_delay_us
</UL>
<BR>[Calls]<UL><LI><a href="#[ab]">&gt;&gt;</a>&nbsp;&nbsp;&nbsp;__aeabi_fmul
<LI><a href="#[ac]">&gt;&gt;</a>&nbsp;&nbsp;&nbsp;__aeabi_f2uiz
<LI><a href="#[a9]">&gt;&gt;</a>&nbsp;&nbsp;&nbsp;DisplayStrH32
<LI><a href="#[ad]">&gt;&gt;</a>&nbsp;&nbsp;&nbsp;__aeabi_idivmod
</UL>
<BR>[Called By]<UL><LI><a href="#[40]">&gt;&gt;</a>&nbsp;&nbsp;&nbsp;LcdDisplaySensorData
</UL>

<P><STRONG><a name="[af]"></a>LcdDisplayTemp</STRONG> (Thumb, 184 bytes, Stack size 24 bytes, lcd13232.o(.text))
<BR><BR>[Stack]<UL><LI>Max Depth = 112<LI>Call Chain = LcdDisplayTemp &rArr; DisplayStrH32 &rArr; SetLcdAddress &rArr; WriteCommand &rArr; SendBit &rArr; DelayUs &rArr; nrf_delay_us
</UL>
<BR>[Calls]<UL><LI><a href="#[ab]">&gt;&gt;</a>&nbsp;&nbsp;&nbsp;__aeabi_fmul
<LI><a href="#[ac]">&gt;&gt;</a>&nbsp;&nbsp;&nbsp;__aeabi_f2uiz
<LI><a href="#[a9]">&gt;&gt;</a>&nbsp;&nbsp;&nbsp;DisplayStrH32
<LI><a href="#[ad]">&gt;&gt;</a>&nbsp;&nbsp;&nbsp;__aeabi_idivmod
</UL>
<BR>[Called By]<UL><LI><a href="#[40]">&gt;&gt;</a>&nbsp;&nbsp;&nbsp;LcdDisplaySensorData
</UL>

<P><STRONG><a name="[b0]"></a>LcdDisplayHumi</STRONG> (Thumb, 186 bytes, Stack size 24 bytes, lcd13232.o(.text))
<BR><BR>[Stack]<UL><LI>Max Depth = 112<LI>Call Chain = LcdDisplayHumi &rArr; DisplayStrH32 &rArr; SetLcdAddress &rArr; WriteCommand &rArr; SendBit &rArr; DelayUs &rArr; nrf_delay_us
</UL>
<BR>[Calls]<UL><LI><a href="#[ab]">&gt;&gt;</a>&nbsp;&nbsp;&nbsp;__aeabi_fmul
<LI><a href="#[ac]">&gt;&gt;</a>&nbsp;&nbsp;&nbsp;__aeabi_f2uiz
<LI><a href="#[a9]">&gt;&gt;</a>&nbsp;&nbsp;&nbsp;DisplayStrH32
<LI><a href="#[ad]">&gt;&gt;</a>&nbsp;&nbsp;&nbsp;__aeabi_idivmod
</UL>
<BR>[Called By]<UL><LI><a href="#[40]">&gt;&gt;</a>&nbsp;&nbsp;&nbsp;LcdDisplaySensorData
</UL>

<P><STRONG><a name="[b1]"></a>LcdDisplayTime</STRONG> (Thumb, 498 bytes, Stack size 24 bytes, lcd13232.o(.text))
<BR><BR>[Stack]<UL><LI>Max Depth = 112<LI>Call Chain = LcdDisplayTime &rArr; DisplayStrH32 &rArr; SetLcdAddress &rArr; WriteCommand &rArr; SendBit &rArr; DelayUs &rArr; nrf_delay_us
</UL>
<BR>[Calls]<UL><LI><a href="#[a9]">&gt;&gt;</a>&nbsp;&nbsp;&nbsp;DisplayStrH32
<LI><a href="#[a7]">&gt;&gt;</a>&nbsp;&nbsp;&nbsp;ClearScreen
<LI><a href="#[ad]">&gt;&gt;</a>&nbsp;&nbsp;&nbsp;__aeabi_idivmod
</UL>
<BR>[Called By]<UL><LI><a href="#[40]">&gt;&gt;</a>&nbsp;&nbsp;&nbsp;LcdDisplaySensorData
</UL>

<P><STRONG><a name="[b2]"></a>LcdDisplayFanSpeed</STRONG> (Thumb, 178 bytes, Stack size 24 bytes, lcd13232.o(.text), UNUSED)
<BR><BR>[Calls]<UL><LI><a href="#[a9]">&gt;&gt;</a>&nbsp;&nbsp;&nbsp;DisplayStrH32
<LI><a href="#[a7]">&gt;&gt;</a>&nbsp;&nbsp;&nbsp;ClearScreen
<LI><a href="#[ad]">&gt;&gt;</a>&nbsp;&nbsp;&nbsp;__aeabi_idivmod
</UL>

<P><STRONG><a name="[bb]"></a>GetSecond</STRONG> (Thumb, 28 bytes, Stack size 16 bytes, rtc.o(.text))
<BR><BR>[Stack]<UL><LI>Max Depth = 80<LI>Call Chain = GetSecond &rArr; RtcReadTime &rArr; RtcWriteByte &rArr; RtcShortDelay &rArr; DelayUs &rArr; nrf_delay_us
</UL>
<BR>[Calls]<UL><LI><a href="#[b6]">&gt;&gt;</a>&nbsp;&nbsp;&nbsp;RtcReadTime
</UL>
<BR>[Called By]<UL><LI><a href="#[8e]">&gt;&gt;</a>&nbsp;&nbsp;&nbsp;InitRtc
<LI><a href="#[c9]">&gt;&gt;</a>&nbsp;&nbsp;&nbsp;GetCalenderTime
</UL>

<P><STRONG><a name="[bc]"></a>GetMinute</STRONG> (Thumb, 28 bytes, Stack size 16 bytes, rtc.o(.text))
<BR><BR>[Stack]<UL><LI>Max Depth = 80<LI>Call Chain = GetMinute &rArr; RtcReadTime &rArr; RtcWriteByte &rArr; RtcShortDelay &rArr; DelayUs &rArr; nrf_delay_us
</UL>
<BR>[Calls]<UL><LI><a href="#[b6]">&gt;&gt;</a>&nbsp;&nbsp;&nbsp;RtcReadTime
</UL>
<BR>[Called By]<UL><LI><a href="#[c9]">&gt;&gt;</a>&nbsp;&nbsp;&nbsp;GetCalenderTime
</UL>

<P><STRONG><a name="[bd]"></a>GetHour</STRONG> (Thumb, 28 bytes, Stack size 16 bytes, rtc.o(.text))
<BR><BR>[Stack]<UL><LI>Max Depth = 80<LI>Call Chain = GetHour &rArr; RtcReadTime &rArr; RtcWriteByte &rArr; RtcShortDelay &rArr; DelayUs &rArr; nrf_delay_us
</UL>
<BR>[Calls]<UL><LI><a href="#[b6]">&gt;&gt;</a>&nbsp;&nbsp;&nbsp;RtcReadTime
</UL>
<BR>[Called By]<UL><LI><a href="#[c9]">&gt;&gt;</a>&nbsp;&nbsp;&nbsp;GetCalenderTime
</UL>

<P><STRONG><a name="[be]"></a>GetWeekDay</STRONG> (Thumb, 18 bytes, Stack size 16 bytes, rtc.o(.text), UNUSED)
<BR><BR>[Calls]<UL><LI><a href="#[b6]">&gt;&gt;</a>&nbsp;&nbsp;&nbsp;RtcReadTime
</UL>

<P><STRONG><a name="[bf]"></a>GetDate</STRONG> (Thumb, 28 bytes, Stack size 16 bytes, rtc.o(.text))
<BR><BR>[Stack]<UL><LI>Max Depth = 80<LI>Call Chain = GetDate &rArr; RtcReadTime &rArr; RtcWriteByte &rArr; RtcShortDelay &rArr; DelayUs &rArr; nrf_delay_us
</UL>
<BR>[Calls]<UL><LI><a href="#[b6]">&gt;&gt;</a>&nbsp;&nbsp;&nbsp;RtcReadTime
</UL>
<BR>[Called By]<UL><LI><a href="#[c9]">&gt;&gt;</a>&nbsp;&nbsp;&nbsp;GetCalenderTime
</UL>

<P><STRONG><a name="[c0]"></a>GetMonth</STRONG> (Thumb, 28 bytes, Stack size 16 bytes, rtc.o(.text))
<BR><BR>[Stack]<UL><LI>Max Depth = 80<LI>Call Chain = GetMonth &rArr; RtcReadTime &rArr; RtcWriteByte &rArr; RtcShortDelay &rArr; DelayUs &rArr; nrf_delay_us
</UL>
<BR>[Calls]<UL><LI><a href="#[b6]">&gt;&gt;</a>&nbsp;&nbsp;&nbsp;RtcReadTime
</UL>
<BR>[Called By]<UL><LI><a href="#[c9]">&gt;&gt;</a>&nbsp;&nbsp;&nbsp;GetCalenderTime
</UL>

<P><STRONG><a name="[c1]"></a>GetYear</STRONG> (Thumb, 26 bytes, Stack size 16 bytes, rtc.o(.text))
<BR><BR>[Stack]<UL><LI>Max Depth = 80<LI>Call Chain = GetYear &rArr; RtcReadTime &rArr; RtcWriteByte &rArr; RtcShortDelay &rArr; DelayUs &rArr; nrf_delay_us
</UL>
<BR>[Calls]<UL><LI><a href="#[b6]">&gt;&gt;</a>&nbsp;&nbsp;&nbsp;RtcReadTime
</UL>
<BR>[Called By]<UL><LI><a href="#[c9]">&gt;&gt;</a>&nbsp;&nbsp;&nbsp;GetCalenderTime
</UL>

<P><STRONG><a name="[c2]"></a>SetSecond</STRONG> (Thumb, 54 bytes, Stack size 16 bytes, rtc.o(.text))
<BR><BR>[Stack]<UL><LI>Max Depth = 72<LI>Call Chain = SetSecond &rArr; RtcWriteTime &rArr; RtcWriteByte &rArr; RtcShortDelay &rArr; DelayUs &rArr; nrf_delay_us
</UL>
<BR>[Calls]<UL><LI><a href="#[ba]">&gt;&gt;</a>&nbsp;&nbsp;&nbsp;RtcWriteTime
<LI><a href="#[ad]">&gt;&gt;</a>&nbsp;&nbsp;&nbsp;__aeabi_idivmod
</UL>
<BR>[Called By]<UL><LI><a href="#[8e]">&gt;&gt;</a>&nbsp;&nbsp;&nbsp;InitRtc
<LI><a href="#[82]">&gt;&gt;</a>&nbsp;&nbsp;&nbsp;SetCalenderTime
</UL>

<P><STRONG><a name="[c3]"></a>SetMinute</STRONG> (Thumb, 54 bytes, Stack size 16 bytes, rtc.o(.text))
<BR><BR>[Stack]<UL><LI>Max Depth = 72<LI>Call Chain = SetMinute &rArr; RtcWriteTime &rArr; RtcWriteByte &rArr; RtcShortDelay &rArr; DelayUs &rArr; nrf_delay_us
</UL>
<BR>[Calls]<UL><LI><a href="#[ba]">&gt;&gt;</a>&nbsp;&nbsp;&nbsp;RtcWriteTime
<LI><a href="#[ad]">&gt;&gt;</a>&nbsp;&nbsp;&nbsp;__aeabi_idivmod
</UL>
<BR>[Called By]<UL><LI><a href="#[82]">&gt;&gt;</a>&nbsp;&nbsp;&nbsp;SetCalenderTime
</UL>

<P><STRONG><a name="[c4]"></a>SetHour</STRONG> (Thumb, 54 bytes, Stack size 16 bytes, rtc.o(.text))
<BR><BR>[Stack]<UL><LI>Max Depth = 72<LI>Call Chain = SetHour &rArr; RtcWriteTime &rArr; RtcWriteByte &rArr; RtcShortDelay &rArr; DelayUs &rArr; nrf_delay_us
</UL>
<BR>[Calls]<UL><LI><a href="#[ba]">&gt;&gt;</a>&nbsp;&nbsp;&nbsp;RtcWriteTime
<LI><a href="#[ad]">&gt;&gt;</a>&nbsp;&nbsp;&nbsp;__aeabi_idivmod
</UL>
<BR>[Called By]<UL><LI><a href="#[82]">&gt;&gt;</a>&nbsp;&nbsp;&nbsp;SetCalenderTime
</UL>

<P><STRONG><a name="[c5]"></a>SetWeekDay</STRONG> (Thumb, 32 bytes, Stack size 16 bytes, rtc.o(.text), UNUSED)
<BR><BR>[Calls]<UL><LI><a href="#[ba]">&gt;&gt;</a>&nbsp;&nbsp;&nbsp;RtcWriteTime
</UL>

<P><STRONG><a name="[c6]"></a>SetDate</STRONG> (Thumb, 54 bytes, Stack size 16 bytes, rtc.o(.text))
<BR><BR>[Stack]<UL><LI>Max Depth = 72<LI>Call Chain = SetDate &rArr; RtcWriteTime &rArr; RtcWriteByte &rArr; RtcShortDelay &rArr; DelayUs &rArr; nrf_delay_us
</UL>
<BR>[Calls]<UL><LI><a href="#[ba]">&gt;&gt;</a>&nbsp;&nbsp;&nbsp;RtcWriteTime
<LI><a href="#[ad]">&gt;&gt;</a>&nbsp;&nbsp;&nbsp;__aeabi_idivmod
</UL>
<BR>[Called By]<UL><LI><a href="#[82]">&gt;&gt;</a>&nbsp;&nbsp;&nbsp;SetCalenderTime
</UL>

<P><STRONG><a name="[c7]"></a>SetMonth</STRONG> (Thumb, 54 bytes, Stack size 16 bytes, rtc.o(.text))
<BR><BR>[Stack]<UL><LI>Max Depth = 72<LI>Call Chain = SetMonth &rArr; RtcWriteTime &rArr; RtcWriteByte &rArr; RtcShortDelay &rArr; DelayUs &rArr; nrf_delay_us
</UL>
<BR>[Calls]<UL><LI><a href="#[ba]">&gt;&gt;</a>&nbsp;&nbsp;&nbsp;RtcWriteTime
<LI><a href="#[ad]">&gt;&gt;</a>&nbsp;&nbsp;&nbsp;__aeabi_idivmod
</UL>
<BR>[Called By]<UL><LI><a href="#[82]">&gt;&gt;</a>&nbsp;&nbsp;&nbsp;SetCalenderTime
</UL>

<P><STRONG><a name="[c8]"></a>SetYear</STRONG> (Thumb, 54 bytes, Stack size 16 bytes, rtc.o(.text))
<BR><BR>[Stack]<UL><LI>Max Depth = 72<LI>Call Chain = SetYear &rArr; RtcWriteTime &rArr; RtcWriteByte &rArr; RtcShortDelay &rArr; DelayUs &rArr; nrf_delay_us
</UL>
<BR>[Calls]<UL><LI><a href="#[ba]">&gt;&gt;</a>&nbsp;&nbsp;&nbsp;RtcWriteTime
<LI><a href="#[ad]">&gt;&gt;</a>&nbsp;&nbsp;&nbsp;__aeabi_idivmod
</UL>
<BR>[Called By]<UL><LI><a href="#[82]">&gt;&gt;</a>&nbsp;&nbsp;&nbsp;SetCalenderTime
</UL>

<P><STRONG><a name="[82]"></a>SetCalenderTime</STRONG> (Thumb, 42 bytes, Stack size 8 bytes, rtc.o(.text))
<BR><BR>[Stack]<UL><LI>Max Depth = 80<LI>Call Chain = SetCalenderTime &rArr; SetYear &rArr; RtcWriteTime &rArr; RtcWriteByte &rArr; RtcShortDelay &rArr; DelayUs &rArr; nrf_delay_us
</UL>
<BR>[Calls]<UL><LI><a href="#[c8]">&gt;&gt;</a>&nbsp;&nbsp;&nbsp;SetYear
<LI><a href="#[c7]">&gt;&gt;</a>&nbsp;&nbsp;&nbsp;SetMonth
<LI><a href="#[c6]">&gt;&gt;</a>&nbsp;&nbsp;&nbsp;SetDate
<LI><a href="#[c4]">&gt;&gt;</a>&nbsp;&nbsp;&nbsp;SetHour
<LI><a href="#[c3]">&gt;&gt;</a>&nbsp;&nbsp;&nbsp;SetMinute
<LI><a href="#[c2]">&gt;&gt;</a>&nbsp;&nbsp;&nbsp;SetSecond
</UL>
<BR>[Called By]<UL><LI><a href="#[2d]">&gt;&gt;</a>&nbsp;&nbsp;&nbsp;al_process_setting_packet
</UL>

<P><STRONG><a name="[c9]"></a>GetCalenderTime</STRONG> (Thumb, 42 bytes, Stack size 8 bytes, rtc.o(.text))
<BR><BR>[Stack]<UL><LI>Max Depth = 88<LI>Call Chain = GetCalenderTime &rArr; GetYear &rArr; RtcReadTime &rArr; RtcWriteByte &rArr; RtcShortDelay &rArr; DelayUs &rArr; nrf_delay_us
</UL>
<BR>[Calls]<UL><LI><a href="#[c1]">&gt;&gt;</a>&nbsp;&nbsp;&nbsp;GetYear
<LI><a href="#[c0]">&gt;&gt;</a>&nbsp;&nbsp;&nbsp;GetMonth
<LI><a href="#[bf]">&gt;&gt;</a>&nbsp;&nbsp;&nbsp;GetDate
<LI><a href="#[bd]">&gt;&gt;</a>&nbsp;&nbsp;&nbsp;GetHour
<LI><a href="#[bc]">&gt;&gt;</a>&nbsp;&nbsp;&nbsp;GetMinute
<LI><a href="#[bb]">&gt;&gt;</a>&nbsp;&nbsp;&nbsp;GetSecond
</UL>
<BR>[Called By]<UL><LI><a href="#[3e]">&gt;&gt;</a>&nbsp;&nbsp;&nbsp;GetSensorData
<LI><a href="#[ca]">&gt;&gt;</a>&nbsp;&nbsp;&nbsp;GetCalenderTimeStr
</UL>

<P><STRONG><a name="[ca]"></a>GetCalenderTimeStr</STRONG> (Thumb, 80 bytes, Stack size 32 bytes, rtc.o(.text), UNUSED)
<BR><BR>[Calls]<UL><LI><a href="#[c9]">&gt;&gt;</a>&nbsp;&nbsp;&nbsp;GetCalenderTime
<LI><a href="#[ad]">&gt;&gt;</a>&nbsp;&nbsp;&nbsp;__aeabi_idivmod
</UL>

<P><STRONG><a name="[cb]"></a>CheckRtcStatus</STRONG> (Thumb, 24 bytes, Stack size 8 bytes, rtc.o(.text))
<BR><BR>[Stack]<UL><LI>Max Depth = 72<LI>Call Chain = CheckRtcStatus &rArr; RtcReadTime &rArr; RtcWriteByte &rArr; RtcShortDelay &rArr; DelayUs &rArr; nrf_delay_us
</UL>
<BR>[Calls]<UL><LI><a href="#[b6]">&gt;&gt;</a>&nbsp;&nbsp;&nbsp;RtcReadTime
</UL>
<BR>[Called By]<UL><LI><a href="#[8e]">&gt;&gt;</a>&nbsp;&nbsp;&nbsp;InitRtc
</UL>

<P><STRONG><a name="[8e]"></a>InitRtc</STRONG> (Thumb, 72 bytes, Stack size 16 bytes, rtc.o(.text))
<BR><BR>[Stack]<UL><LI>Max Depth = 96<LI>Call Chain = InitRtc &rArr; GetSecond &rArr; RtcReadTime &rArr; RtcWriteByte &rArr; RtcShortDelay &rArr; DelayUs &rArr; nrf_delay_us
</UL>
<BR>[Calls]<UL><LI><a href="#[a8]">&gt;&gt;</a>&nbsp;&nbsp;&nbsp;GpioConfig
<LI><a href="#[cb]">&gt;&gt;</a>&nbsp;&nbsp;&nbsp;CheckRtcStatus
<LI><a href="#[c2]">&gt;&gt;</a>&nbsp;&nbsp;&nbsp;SetSecond
<LI><a href="#[bb]">&gt;&gt;</a>&nbsp;&nbsp;&nbsp;GetSecond
<LI><a href="#[ba]">&gt;&gt;</a>&nbsp;&nbsp;&nbsp;RtcWriteTime
</UL>
<BR>[Called By]<UL><LI><a href="#[67]">&gt;&gt;</a>&nbsp;&nbsp;&nbsp;InitAirPurifier
</UL>

<P><STRONG><a name="[8c]"></a>InitLed</STRONG> (Thumb, 108 bytes, Stack size 8 bytes, led.o(.text))
<BR><BR>[Stack]<UL><LI>Max Depth = 28<LI>Call Chain = InitLed &rArr; CloseWarnLed &rArr; GpioWrite
</UL>
<BR>[Calls]<UL><LI><a href="#[a8]">&gt;&gt;</a>&nbsp;&nbsp;&nbsp;GpioConfig
<LI><a href="#[a2]">&gt;&gt;</a>&nbsp;&nbsp;&nbsp;GpioWrite
<LI><a href="#[ce]">&gt;&gt;</a>&nbsp;&nbsp;&nbsp;CloseWarnLed
<LI><a href="#[cc]">&gt;&gt;</a>&nbsp;&nbsp;&nbsp;CloseAQILed
</UL>
<BR>[Called By]<UL><LI><a href="#[67]">&gt;&gt;</a>&nbsp;&nbsp;&nbsp;InitAirPurifier
</UL>

<P><STRONG><a name="[cf]"></a>CloseLed</STRONG> (Thumb, 88 bytes, Stack size 8 bytes, led.o(.text), UNUSED)
<BR><BR>[Calls]<UL><LI><a href="#[a2]">&gt;&gt;</a>&nbsp;&nbsp;&nbsp;GpioWrite
<LI><a href="#[7d]">&gt;&gt;</a>&nbsp;&nbsp;&nbsp;__ARM_common_switch8
<LI><a href="#[ce]">&gt;&gt;</a>&nbsp;&nbsp;&nbsp;CloseWarnLed
<LI><a href="#[cc]">&gt;&gt;</a>&nbsp;&nbsp;&nbsp;CloseAQILed
</UL>

<P><STRONG><a name="[93]"></a>OpenLed</STRONG> (Thumb, 74 bytes, Stack size 16 bytes, led.o(.text))
<BR><BR>[Stack]<UL><LI>Max Depth = 52<LI>Call Chain = OpenLed &rArr; OpenRGBLed &rArr; GpioWrite
</UL>
<BR>[Calls]<UL><LI><a href="#[a2]">&gt;&gt;</a>&nbsp;&nbsp;&nbsp;GpioWrite
<LI><a href="#[cd]">&gt;&gt;</a>&nbsp;&nbsp;&nbsp;OpenRGBLed
</UL>
<BR>[Called By]<UL><LI><a href="#[6b]">&gt;&gt;</a>&nbsp;&nbsp;&nbsp;SmartAdapt
</UL>

<P><STRONG><a name="[d0]"></a>ToggleLed</STRONG> (Thumb, 48 bytes, Stack size 8 bytes, led.o(.text), UNUSED)
<BR><BR>[Calls]<UL><LI><a href="#[d1]">&gt;&gt;</a>&nbsp;&nbsp;&nbsp;GpioToggle
</UL>

<P><STRONG><a name="[d2]"></a>SetFanSpeed</STRONG> (Thumb, 14 bytes, Stack size 8 bytes, fan.o(.text))
<BR><BR>[Stack]<UL><LI>Max Depth = 40<LI>Call Chain = SetFanSpeed &rArr; nrf_pwm_set_value &rArr; ppi_configure_channel_group
</UL>
<BR>[Calls]<UL><LI><a href="#[d3]">&gt;&gt;</a>&nbsp;&nbsp;&nbsp;nrf_pwm_set_value
</UL>
<BR>[Called By]<UL><LI><a href="#[81]">&gt;&gt;</a>&nbsp;&nbsp;&nbsp;OpenFan
<LI><a href="#[80]">&gt;&gt;</a>&nbsp;&nbsp;&nbsp;CloseFan
</UL>

<P><STRONG><a name="[81]"></a>OpenFan</STRONG> (Thumb, 26 bytes, Stack size 8 bytes, fan.o(.text))
<BR><BR>[Stack]<UL><LI>Max Depth = 48<LI>Call Chain = OpenFan &rArr; SetFanSpeed &rArr; nrf_pwm_set_value &rArr; ppi_configure_channel_group
</UL>
<BR>[Calls]<UL><LI><a href="#[a2]">&gt;&gt;</a>&nbsp;&nbsp;&nbsp;GpioWrite
<LI><a href="#[d2]">&gt;&gt;</a>&nbsp;&nbsp;&nbsp;SetFanSpeed
</UL>
<BR>[Called By]<UL><LI><a href="#[90]">&gt;&gt;</a>&nbsp;&nbsp;&nbsp;InitFan
<LI><a href="#[2c]">&gt;&gt;</a>&nbsp;&nbsp;&nbsp;al_process_control_packet
</UL>

<P><STRONG><a name="[90]"></a>InitFan</STRONG> (Thumb, 52 bytes, Stack size 24 bytes, fan.o(.text))
<BR><BR>[Stack]<UL><LI>Max Depth = 72<LI>Call Chain = InitFan &rArr; OpenFan &rArr; SetFanSpeed &rArr; nrf_pwm_set_value &rArr; ppi_configure_channel_group
</UL>
<BR>[Calls]<UL><LI><a href="#[a8]">&gt;&gt;</a>&nbsp;&nbsp;&nbsp;GpioConfig
<LI><a href="#[81]">&gt;&gt;</a>&nbsp;&nbsp;&nbsp;OpenFan
<LI><a href="#[d4]">&gt;&gt;</a>&nbsp;&nbsp;&nbsp;nrf_pwm_init
</UL>
<BR>[Called By]<UL><LI><a href="#[67]">&gt;&gt;</a>&nbsp;&nbsp;&nbsp;InitAirPurifier
</UL>

<P><STRONG><a name="[80]"></a>CloseFan</STRONG> (Thumb, 22 bytes, Stack size 8 bytes, fan.o(.text))
<BR><BR>[Stack]<UL><LI>Max Depth = 48<LI>Call Chain = CloseFan &rArr; SetFanSpeed &rArr; nrf_pwm_set_value &rArr; ppi_configure_channel_group
</UL>
<BR>[Calls]<UL><LI><a href="#[a2]">&gt;&gt;</a>&nbsp;&nbsp;&nbsp;GpioWrite
<LI><a href="#[d2]">&gt;&gt;</a>&nbsp;&nbsp;&nbsp;SetFanSpeed
</UL>
<BR>[Called By]<UL><LI><a href="#[2c]">&gt;&gt;</a>&nbsp;&nbsp;&nbsp;al_process_control_packet
</UL>

<P><STRONG><a name="[162]"></a>ReadFanSpeed</STRONG> (Thumb, 2 bytes, Stack size 0 bytes, fan.o(.text), UNUSED)

<P><STRONG><a name="[8f]"></a>InitSensor</STRONG> (Thumb, 20 bytes, Stack size 8 bytes, sensor.o(.text))
<BR><BR>[Stack]<UL><LI>Max Depth = 416<LI>Call Chain = InitSensor &rArr; InitTvoc &rArr; GetTvoc &rArr; TvocValue &rArr; pow &rArr; __kernel_poly &rArr; __aeabi_dmul &rArr; _double_epilogue &rArr; __aeabi_llsr
</UL>
<BR>[Calls]<UL><LI><a href="#[d5]">&gt;&gt;</a>&nbsp;&nbsp;&nbsp;InitAdc
<LI><a href="#[d8]">&gt;&gt;</a>&nbsp;&nbsp;&nbsp;InitTvoc
<LI><a href="#[d7]">&gt;&gt;</a>&nbsp;&nbsp;&nbsp;InitPm25
<LI><a href="#[d6]">&gt;&gt;</a>&nbsp;&nbsp;&nbsp;InitDht11
</UL>
<BR>[Called By]<UL><LI><a href="#[67]">&gt;&gt;</a>&nbsp;&nbsp;&nbsp;InitAirPurifier
</UL>

<P><STRONG><a name="[163]"></a>CloseSensor</STRONG> (Thumb, 2 bytes, Stack size 0 bytes, sensor.o(.text), UNUSED)

<P><STRONG><a name="[3e]"></a>GetSensorData</STRONG> (Thumb, 36 bytes, Stack size 8 bytes, sensor.o(.text))
<BR><BR>[Stack]<UL><LI>Max Depth = 424<LI>Call Chain = GetSensorData &rArr; GetAverageTvoc &rArr; GetTvoc &rArr; TvocValue &rArr; pow &rArr; __kernel_poly &rArr; __aeabi_dmul &rArr; _double_epilogue &rArr; __aeabi_llsr
</UL>
<BR>[Calls]<UL><LI><a href="#[db]">&gt;&gt;</a>&nbsp;&nbsp;&nbsp;GetAverageTvoc
<LI><a href="#[da]">&gt;&gt;</a>&nbsp;&nbsp;&nbsp;GetAveragePM25
<LI><a href="#[d9]">&gt;&gt;</a>&nbsp;&nbsp;&nbsp;GetAverageDht11
<LI><a href="#[c9]">&gt;&gt;</a>&nbsp;&nbsp;&nbsp;GetCalenderTime
</UL>
<BR>[Called By]<UL><LI><a href="#[71]">&gt;&gt;</a>&nbsp;&nbsp;&nbsp;al_init
<LI><a href="#[24]">&gt;&gt;</a>&nbsp;&nbsp;&nbsp;sample_start_handler
</UL>

<P><STRONG><a name="[40]"></a>LcdDisplaySensorData</STRONG> (Thumb, 72 bytes, Stack size 24 bytes, sensor.o(.text))
<BR><BR>[Stack]<UL><LI>Max Depth = 136<LI>Call Chain = LcdDisplaySensorData &rArr; LcdDisplayTime &rArr; DisplayStrH32 &rArr; SetLcdAddress &rArr; WriteCommand &rArr; SendBit &rArr; DelayUs &rArr; nrf_delay_us
</UL>
<BR>[Calls]<UL><LI><a href="#[7d]">&gt;&gt;</a>&nbsp;&nbsp;&nbsp;__ARM_common_switch8
<LI><a href="#[b1]">&gt;&gt;</a>&nbsp;&nbsp;&nbsp;LcdDisplayTime
<LI><a href="#[b0]">&gt;&gt;</a>&nbsp;&nbsp;&nbsp;LcdDisplayHumi
<LI><a href="#[af]">&gt;&gt;</a>&nbsp;&nbsp;&nbsp;LcdDisplayTemp
<LI><a href="#[ae]">&gt;&gt;</a>&nbsp;&nbsp;&nbsp;LcdDisplayFormaldehyde
<LI><a href="#[aa]">&gt;&gt;</a>&nbsp;&nbsp;&nbsp;LcdDisplayPM25
</UL>
<BR>[Called By]<UL><LI><a href="#[24]">&gt;&gt;</a>&nbsp;&nbsp;&nbsp;sample_start_handler
</UL>

<P><STRONG><a name="[de]"></a>GetDht11</STRONG> (Thumb, 378 bytes, Stack size 16 bytes, dht11.o(.text))
<BR><BR>[Stack]<UL><LI>Max Depth = 48<LI>Call Chain = GetDht11 &rArr; Dht11ReadValue &rArr; Dht11DelayOneUs &rArr; DelayUs &rArr; nrf_delay_us
</UL>
<BR>[Calls]<UL><LI><a href="#[9a]">&gt;&gt;</a>&nbsp;&nbsp;&nbsp;__aeabi_ui2f
<LI><a href="#[a8]">&gt;&gt;</a>&nbsp;&nbsp;&nbsp;GpioConfig
<LI><a href="#[a2]">&gt;&gt;</a>&nbsp;&nbsp;&nbsp;GpioWrite
<LI><a href="#[b9]">&gt;&gt;</a>&nbsp;&nbsp;&nbsp;GpioRead
<LI><a href="#[df]">&gt;&gt;</a>&nbsp;&nbsp;&nbsp;Dht11DelayOneMs
<LI><a href="#[dd]">&gt;&gt;</a>&nbsp;&nbsp;&nbsp;Dht11DelayOneUs
<LI><a href="#[dc]">&gt;&gt;</a>&nbsp;&nbsp;&nbsp;Dht11ReadValue
</UL>
<BR>[Called By]<UL><LI><a href="#[e4]">&gt;&gt;</a>&nbsp;&nbsp;&nbsp;TvocValue
<LI><a href="#[d6]">&gt;&gt;</a>&nbsp;&nbsp;&nbsp;InitDht11
<LI><a href="#[d9]">&gt;&gt;</a>&nbsp;&nbsp;&nbsp;GetAverageDht11
</UL>

<P><STRONG><a name="[d6]"></a>InitDht11</STRONG> (Thumb, 32 bytes, Stack size 8 bytes, dht11.o(.text))
<BR><BR>[Stack]<UL><LI>Max Depth = 56<LI>Call Chain = InitDht11 &rArr; GetDht11 &rArr; Dht11ReadValue &rArr; Dht11DelayOneUs &rArr; DelayUs &rArr; nrf_delay_us
</UL>
<BR>[Calls]<UL><LI><a href="#[98]">&gt;&gt;</a>&nbsp;&nbsp;&nbsp;DelayMs
<LI><a href="#[de]">&gt;&gt;</a>&nbsp;&nbsp;&nbsp;GetDht11
</UL>
<BR>[Called By]<UL><LI><a href="#[8f]">&gt;&gt;</a>&nbsp;&nbsp;&nbsp;InitSensor
</UL>

<P><STRONG><a name="[d9]"></a>GetAverageDht11</STRONG> (Thumb, 82 bytes, Stack size 24 bytes, dht11.o(.text))
<BR><BR>[Stack]<UL><LI>Max Depth = 72<LI>Call Chain = GetAverageDht11 &rArr; GetDht11 &rArr; Dht11ReadValue &rArr; Dht11DelayOneUs &rArr; DelayUs &rArr; nrf_delay_us
</UL>
<BR>[Calls]<UL><LI><a href="#[e1]">&gt;&gt;</a>&nbsp;&nbsp;&nbsp;__aeabi_fdiv
<LI><a href="#[e0]">&gt;&gt;</a>&nbsp;&nbsp;&nbsp;__aeabi_fadd
<LI><a href="#[de]">&gt;&gt;</a>&nbsp;&nbsp;&nbsp;GetDht11
</UL>
<BR>[Called By]<UL><LI><a href="#[3e]">&gt;&gt;</a>&nbsp;&nbsp;&nbsp;GetSensorData
</UL>

<P><STRONG><a name="[e2]"></a>GetPm25</STRONG> (Thumb, 172 bytes, Stack size 48 bytes, pm25.o(.text))
<BR><BR>[Stack]<UL><LI>Max Depth = 232<LI>Call Chain = GetPm25 &rArr; GetVoltageByValue &rArr; __aeabi_dmul &rArr; _double_epilogue &rArr; __aeabi_llsr
</UL>
<BR>[Calls]<UL><LI><a href="#[9c]">&gt;&gt;</a>&nbsp;&nbsp;&nbsp;__aeabi_dmul
<LI><a href="#[9d]">&gt;&gt;</a>&nbsp;&nbsp;&nbsp;__aeabi_d2f
<LI><a href="#[99]">&gt;&gt;</a>&nbsp;&nbsp;&nbsp;GetVoltageByValue
<LI><a href="#[a0]">&gt;&gt;</a>&nbsp;&nbsp;&nbsp;GetAdcValue
<LI><a href="#[9f]">&gt;&gt;</a>&nbsp;&nbsp;&nbsp;OpenAdc
<LI><a href="#[a2]">&gt;&gt;</a>&nbsp;&nbsp;&nbsp;GpioWrite
<LI><a href="#[96]">&gt;&gt;</a>&nbsp;&nbsp;&nbsp;DelayUs
<LI><a href="#[94]">&gt;&gt;</a>&nbsp;&nbsp;&nbsp;__aeabi_f2d
<LI><a href="#[91]">&gt;&gt;</a>&nbsp;&nbsp;&nbsp;__aeabi_cfrcmple
<LI><a href="#[92]">&gt;&gt;</a>&nbsp;&nbsp;&nbsp;__aeabi_cfcmple
<LI><a href="#[e3]">&gt;&gt;</a>&nbsp;&nbsp;&nbsp;__aeabi_dsub
</UL>
<BR>[Called By]<UL><LI><a href="#[d7]">&gt;&gt;</a>&nbsp;&nbsp;&nbsp;InitPm25
<LI><a href="#[da]">&gt;&gt;</a>&nbsp;&nbsp;&nbsp;GetAveragePM25
</UL>

<P><STRONG><a name="[d7]"></a>InitPm25</STRONG> (Thumb, 46 bytes, Stack size 8 bytes, pm25.o(.text))
<BR><BR>[Stack]<UL><LI>Max Depth = 240<LI>Call Chain = InitPm25 &rArr; GetPm25 &rArr; GetVoltageByValue &rArr; __aeabi_dmul &rArr; _double_epilogue &rArr; __aeabi_llsr
</UL>
<BR>[Calls]<UL><LI><a href="#[a8]">&gt;&gt;</a>&nbsp;&nbsp;&nbsp;GpioConfig
<LI><a href="#[a2]">&gt;&gt;</a>&nbsp;&nbsp;&nbsp;GpioWrite
<LI><a href="#[98]">&gt;&gt;</a>&nbsp;&nbsp;&nbsp;DelayMs
<LI><a href="#[e2]">&gt;&gt;</a>&nbsp;&nbsp;&nbsp;GetPm25
</UL>
<BR>[Called By]<UL><LI><a href="#[8f]">&gt;&gt;</a>&nbsp;&nbsp;&nbsp;InitSensor
</UL>

<P><STRONG><a name="[da]"></a>GetAveragePM25</STRONG> (Thumb, 46 bytes, Stack size 16 bytes, pm25.o(.text))
<BR><BR>[Stack]<UL><LI>Max Depth = 248<LI>Call Chain = GetAveragePM25 &rArr; GetPm25 &rArr; GetVoltageByValue &rArr; __aeabi_dmul &rArr; _double_epilogue &rArr; __aeabi_llsr
</UL>
<BR>[Calls]<UL><LI><a href="#[e2]">&gt;&gt;</a>&nbsp;&nbsp;&nbsp;GetPm25
<LI><a href="#[e1]">&gt;&gt;</a>&nbsp;&nbsp;&nbsp;__aeabi_fdiv
<LI><a href="#[e0]">&gt;&gt;</a>&nbsp;&nbsp;&nbsp;__aeabi_fadd
</UL>
<BR>[Called By]<UL><LI><a href="#[3e]">&gt;&gt;</a>&nbsp;&nbsp;&nbsp;GetSensorData
</UL>

<P><STRONG><a name="[e6]"></a>GetTvoc</STRONG> (Thumb, 56 bytes, Stack size 32 bytes, tvoc.o(.text))
<BR><BR>[Stack]<UL><LI>Max Depth = 400<LI>Call Chain = GetTvoc &rArr; TvocValue &rArr; pow &rArr; __kernel_poly &rArr; __aeabi_dmul &rArr; _double_epilogue &rArr; __aeabi_llsr
</UL>
<BR>[Calls]<UL><LI><a href="#[9b]">&gt;&gt;</a>&nbsp;&nbsp;&nbsp;__aeabi_ddiv
<LI><a href="#[9d]">&gt;&gt;</a>&nbsp;&nbsp;&nbsp;__aeabi_d2f
<LI><a href="#[9e]">&gt;&gt;</a>&nbsp;&nbsp;&nbsp;GetVoltage
<LI><a href="#[9f]">&gt;&gt;</a>&nbsp;&nbsp;&nbsp;OpenAdc
<LI><a href="#[94]">&gt;&gt;</a>&nbsp;&nbsp;&nbsp;__aeabi_f2d
<LI><a href="#[e7]">&gt;&gt;</a>&nbsp;&nbsp;&nbsp;InsertTvocQueue
<LI><a href="#[e4]">&gt;&gt;</a>&nbsp;&nbsp;&nbsp;TvocValue
</UL>
<BR>[Called By]<UL><LI><a href="#[d8]">&gt;&gt;</a>&nbsp;&nbsp;&nbsp;InitTvoc
<LI><a href="#[db]">&gt;&gt;</a>&nbsp;&nbsp;&nbsp;GetAverageTvoc
</UL>

<P><STRONG><a name="[d8]"></a>InitTvoc</STRONG> (Thumb, 22 bytes, Stack size 8 bytes, tvoc.o(.text))
<BR><BR>[Stack]<UL><LI>Max Depth = 408<LI>Call Chain = InitTvoc &rArr; GetTvoc &rArr; TvocValue &rArr; pow &rArr; __kernel_poly &rArr; __aeabi_dmul &rArr; _double_epilogue &rArr; __aeabi_llsr
</UL>
<BR>[Calls]<UL><LI><a href="#[e6]">&gt;&gt;</a>&nbsp;&nbsp;&nbsp;GetTvoc
</UL>
<BR>[Called By]<UL><LI><a href="#[8f]">&gt;&gt;</a>&nbsp;&nbsp;&nbsp;InitSensor
</UL>

<P><STRONG><a name="[db]"></a>GetAverageTvoc</STRONG> (Thumb, 46 bytes, Stack size 16 bytes, tvoc.o(.text))
<BR><BR>[Stack]<UL><LI>Max Depth = 416<LI>Call Chain = GetAverageTvoc &rArr; GetTvoc &rArr; TvocValue &rArr; pow &rArr; __kernel_poly &rArr; __aeabi_dmul &rArr; _double_epilogue &rArr; __aeabi_llsr
</UL>
<BR>[Calls]<UL><LI><a href="#[e6]">&gt;&gt;</a>&nbsp;&nbsp;&nbsp;GetTvoc
<LI><a href="#[e1]">&gt;&gt;</a>&nbsp;&nbsp;&nbsp;__aeabi_fdiv
<LI><a href="#[e0]">&gt;&gt;</a>&nbsp;&nbsp;&nbsp;__aeabi_fadd
</UL>
<BR>[Called By]<UL><LI><a href="#[3e]">&gt;&gt;</a>&nbsp;&nbsp;&nbsp;GetSensorData
</UL>

<P><STRONG><a name="[f]"></a>TIMER2_IRQHandler</STRONG> (Thumb, 42 bytes, Stack size 8 bytes, nrf_pwm_noglitch.o(.text))
<BR><BR>[Stack]<UL><LI>Max Depth = 24<LI>Call Chain = TIMER2_IRQHandler &rArr; ppi_configure_channel_group
</UL>
<BR>[Calls]<UL><LI><a href="#[ea]">&gt;&gt;</a>&nbsp;&nbsp;&nbsp;ppi_disable_channel_group
<LI><a href="#[e9]">&gt;&gt;</a>&nbsp;&nbsp;&nbsp;ppi_configure_channel_group
<LI><a href="#[e8]">&gt;&gt;</a>&nbsp;&nbsp;&nbsp;ppi_disable_channels
</UL>
<BR>[Address Reference Count : 1]<UL><LI> arm_startup_nrf51.o(RESET)
</UL>
<P><STRONG><a name="[d4]"></a>nrf_pwm_init</STRONG> (Thumb, 458 bytes, Stack size 16 bytes, nrf_pwm_noglitch.o(.text))
<BR><BR>[Stack]<UL><LI>Max Depth = 32<LI>Call Chain = nrf_pwm_init &rArr; ppi_configure_channel
</UL>
<BR>[Calls]<UL><LI><a href="#[7d]">&gt;&gt;</a>&nbsp;&nbsp;&nbsp;__ARM_common_switch8
<LI><a href="#[ec]">&gt;&gt;</a>&nbsp;&nbsp;&nbsp;ppi_configure_channel
<LI><a href="#[eb]">&gt;&gt;</a>&nbsp;&nbsp;&nbsp;__aeabi_uidivmod
</UL>
<BR>[Called By]<UL><LI><a href="#[90]">&gt;&gt;</a>&nbsp;&nbsp;&nbsp;InitFan
</UL>

<P><STRONG><a name="[164]"></a>nrf_pwm_get_max_value</STRONG> (Thumb, 6 bytes, Stack size 0 bytes, nrf_pwm_noglitch.o(.text), UNUSED)

<P><STRONG><a name="[d3]"></a>nrf_pwm_set_value</STRONG> (Thumb, 928 bytes, Stack size 16 bytes, nrf_pwm_noglitch.o(.text))
<BR><BR>[Stack]<UL><LI>Max Depth = 32<LI>Call Chain = nrf_pwm_set_value &rArr; ppi_configure_channel_group
</UL>
<BR>[Calls]<UL><LI><a href="#[f2]">&gt;&gt;</a>&nbsp;&nbsp;&nbsp;nrf_gpiote_unconfig
<LI><a href="#[f0]">&gt;&gt;</a>&nbsp;&nbsp;&nbsp;pwm_freq_int_set
<LI><a href="#[ea]">&gt;&gt;</a>&nbsp;&nbsp;&nbsp;ppi_disable_channel_group
<LI><a href="#[f1]">&gt;&gt;</a>&nbsp;&nbsp;&nbsp;ppi_enable_channel_group
<LI><a href="#[e9]">&gt;&gt;</a>&nbsp;&nbsp;&nbsp;ppi_configure_channel_group
<LI><a href="#[ec]">&gt;&gt;</a>&nbsp;&nbsp;&nbsp;ppi_configure_channel
<LI><a href="#[e8]">&gt;&gt;</a>&nbsp;&nbsp;&nbsp;ppi_disable_channels
<LI><a href="#[ee]">&gt;&gt;</a>&nbsp;&nbsp;&nbsp;ppi_enable_channels
<LI><a href="#[ed]">&gt;&gt;</a>&nbsp;&nbsp;&nbsp;nrf_gpiote_task_config
<LI><a href="#[ef]">&gt;&gt;</a>&nbsp;&nbsp;&nbsp;nrf_delay_us
</UL>
<BR>[Called By]<UL><LI><a href="#[d2]">&gt;&gt;</a>&nbsp;&nbsp;&nbsp;SetFanSpeed
</UL>

<P><STRONG><a name="[59]"></a>pstorage_sys_event_handler</STRONG> (Thumb, 104 bytes, Stack size 16 bytes, pstorage.o(.text))
<BR><BR>[Stack]<UL><LI>Max Depth = 68<LI>Call Chain = pstorage_sys_event_handler &rArr; cmd_queue_dequeue &rArr; process_cmd &rArr; __aeabi_uidivmod
</UL>
<BR>[Calls]<UL><LI><a href="#[f7]">&gt;&gt;</a>&nbsp;&nbsp;&nbsp;cmd_queue_dequeue
<LI><a href="#[f8]">&gt;&gt;</a>&nbsp;&nbsp;&nbsp;app_notify
</UL>
<BR>[Called By]<UL><LI><a href="#[29]">&gt;&gt;</a>&nbsp;&nbsp;&nbsp;sys_evt_dispatch
</UL>

<P><STRONG><a name="[f9]"></a>pstorage_init</STRONG> (Thumb, 112 bytes, Stack size 8 bytes, pstorage.o(.text), UNUSED)
<BR><BR>[Calls]<UL><LI><a href="#[f3]">&gt;&gt;</a>&nbsp;&nbsp;&nbsp;cmd_queue_init
<LI><a href="#[eb]">&gt;&gt;</a>&nbsp;&nbsp;&nbsp;__aeabi_uidivmod
</UL>

<P><STRONG><a name="[fa]"></a>pstorage_register</STRONG> (Thumb, 338 bytes, Stack size 24 bytes, pstorage.o(.text), UNUSED)
<BR><BR>[Calls]<UL><LI><a href="#[eb]">&gt;&gt;</a>&nbsp;&nbsp;&nbsp;__aeabi_uidivmod
</UL>

<P><STRONG><a name="[165]"></a>pstorage_block_identifier_get</STRONG> (Thumb, 136 bytes, Stack size 20 bytes, pstorage.o(.text), UNUSED)

<P><STRONG><a name="[fb]"></a>pstorage_store</STRONG> (Thumb, 188 bytes, Stack size 24 bytes, pstorage.o(.text), UNUSED)
<BR><BR>[Calls]<UL><LI><a href="#[fc]">&gt;&gt;</a>&nbsp;&nbsp;&nbsp;is_word_aligned
<LI><a href="#[f6]">&gt;&gt;</a>&nbsp;&nbsp;&nbsp;cmd_queue_enqueue
</UL>

<P><STRONG><a name="[fd]"></a>pstorage_load</STRONG> (Thumb, 188 bytes, Stack size 24 bytes, pstorage.o(.text), UNUSED)
<BR><BR>[Calls]<UL><LI><a href="#[fc]">&gt;&gt;</a>&nbsp;&nbsp;&nbsp;is_word_aligned
<LI><a href="#[55]">&gt;&gt;</a>&nbsp;&nbsp;&nbsp;__aeabi_memcpy
</UL>

<P><STRONG><a name="[fe]"></a>pstorage_clear</STRONG> (Thumb, 126 bytes, Stack size 24 bytes, pstorage.o(.text), UNUSED)
<BR><BR>[Calls]<UL><LI><a href="#[f6]">&gt;&gt;</a>&nbsp;&nbsp;&nbsp;cmd_queue_enqueue
</UL>

<P><STRONG><a name="[49]"></a>ble_advdata_set</STRONG> (Thumb, 122 bytes, Stack size 104 bytes, ble_advdata.o(.text))
<BR><BR>[Stack]<UL><LI>Max Depth = 232<LI>Call Chain = ble_advdata_set &rArr; adv_data_encode &rArr; uuid_list_encode &rArr; uuid_list_sized_encode
</UL>
<BR>[Calls]<UL><LI><a href="#[10c]">&gt;&gt;</a>&nbsp;&nbsp;&nbsp;srdata_check
<LI><a href="#[10b]">&gt;&gt;</a>&nbsp;&nbsp;&nbsp;advdata_check
<LI><a href="#[108]">&gt;&gt;</a>&nbsp;&nbsp;&nbsp;adv_data_encode
</UL>
<BR>[Called By]<UL><LI><a href="#[47]">&gt;&gt;</a>&nbsp;&nbsp;&nbsp;advertising_init
</UL>

<P><STRONG><a name="[5f]"></a>app_sched_init</STRONG> (Thumb, 64 bytes, Stack size 12 bytes, app_scheduler.o(.text))
<BR><BR>[Stack]<UL><LI>Max Depth = 12<LI>Call Chain = app_sched_init
</UL>
<BR>[Called By]<UL><LI><a href="#[5e]">&gt;&gt;</a>&nbsp;&nbsp;&nbsp;scheduler_init
</UL>

<P><STRONG><a name="[6c]"></a>app_sched_event_put</STRONG> (Thumb, 238 bytes, Stack size 48 bytes, app_scheduler.o(.text))
<BR><BR>[Stack]<UL><LI>Max Depth = 56<LI>Call Chain = app_sched_event_put &rArr; app_error_handler &rArr; ble_debug_assert_handler &rArr; strncpy
</UL>
<BR>[Calls]<UL><LI><a href="#[36]">&gt;&gt;</a>&nbsp;&nbsp;&nbsp;app_error_handler
<LI><a href="#[10e]">&gt;&gt;</a>&nbsp;&nbsp;&nbsp;next_index
<LI><a href="#[10d]">&gt;&gt;</a>&nbsp;&nbsp;&nbsp;current_int_priority_get
<LI><a href="#[55]">&gt;&gt;</a>&nbsp;&nbsp;&nbsp;__aeabi_memcpy
</UL>
<BR>[Called By]<UL><LI><a href="#[22]">&gt;&gt;</a>&nbsp;&nbsp;&nbsp;app_timer_evt_schedule
</UL>

<P><STRONG><a name="[69]"></a>app_sched_execute</STRONG> (Thumb, 30 bytes, Stack size 16 bytes, app_scheduler.o(.text))
<BR><BR>[Stack]<UL><LI>Max Depth = 40<LI>Call Chain = app_sched_execute &rArr; app_sched_event_get
</UL>
<BR>[Calls]<UL><LI><a href="#[10f]">&gt;&gt;</a>&nbsp;&nbsp;&nbsp;app_sched_event_get
</UL>
<BR>[Called By]<UL><LI><a href="#[1f]">&gt;&gt;</a>&nbsp;&nbsp;&nbsp;main
</UL>

<P><STRONG><a name="[16]"></a>RTC1_IRQHandler</STRONG> (Thumb, 34 bytes, Stack size 8 bytes, app_timer.o(.text))
<BR><BR>[Stack]<UL><LI>Max Depth = 56<LI>Call Chain = RTC1_IRQHandler &rArr; timer_timeouts_check &rArr; timeout_handler_exec &rArr; app_error_handler &rArr; ble_debug_assert_handler &rArr; strncpy
</UL>
<BR>[Calls]<UL><LI><a href="#[11b]">&gt;&gt;</a>&nbsp;&nbsp;&nbsp;timer_timeouts_check
</UL>
<BR>[Address Reference Count : 1]<UL><LI> arm_startup_nrf51.o(RESET)
</UL>
<P><STRONG><a name="[19]"></a>SWI0_IRQHandler</STRONG> (Thumb, 8 bytes, Stack size 8 bytes, app_timer.o(.text))
<BR><BR>[Stack]<UL><LI>Max Depth = 92<LI>Call Chain = SWI0_IRQHandler &rArr; timer_list_handler &rArr; list_insertions_handler &rArr; timer_list_insert
</UL>
<BR>[Calls]<UL><LI><a href="#[123]">&gt;&gt;</a>&nbsp;&nbsp;&nbsp;timer_list_handler
</UL>
<BR>[Address Reference Count : 1]<UL><LI> arm_startup_nrf51.o(RESET)
</UL>
<P><STRONG><a name="[44]"></a>app_timer_init</STRONG> (Thumb, 244 bytes, Stack size 40 bytes, app_timer.o(.text))
<BR><BR>[Stack]<UL><LI>Max Depth = 56<LI>Call Chain = app_timer_init &rArr; rtc1_stop &rArr; nrf_delay_us
</UL>
<BR>[Calls]<UL><LI><a href="#[11c]">&gt;&gt;</a>&nbsp;&nbsp;&nbsp;rtc1_counter_get
<LI><a href="#[113]">&gt;&gt;</a>&nbsp;&nbsp;&nbsp;NVIC_ClearPendingIRQ
<LI><a href="#[114]">&gt;&gt;</a>&nbsp;&nbsp;&nbsp;NVIC_EnableIRQ
<LI><a href="#[116]">&gt;&gt;</a>&nbsp;&nbsp;&nbsp;rtc1_stop
<LI><a href="#[110]">&gt;&gt;</a>&nbsp;&nbsp;&nbsp;rtc1_init
<LI><a href="#[111]">&gt;&gt;</a>&nbsp;&nbsp;&nbsp;NVIC_SetPriority
</UL>
<BR>[Called By]<UL><LI><a href="#[43]">&gt;&gt;</a>&nbsp;&nbsp;&nbsp;timers_init
</UL>

<P><STRONG><a name="[45]"></a>app_timer_create</STRONG> (Thumb, 108 bytes, Stack size 16 bytes, app_timer.o(.text))
<BR><BR>[Stack]<UL><LI>Max Depth = 16<LI>Call Chain = app_timer_create
</UL>
<BR>[Called By]<UL><LI><a href="#[52]">&gt;&gt;</a>&nbsp;&nbsp;&nbsp;ble_conn_params_init
<LI><a href="#[43]">&gt;&gt;</a>&nbsp;&nbsp;&nbsp;timers_init
</UL>

<P><STRONG><a name="[3b]"></a>app_timer_start</STRONG> (Thumb, 98 bytes, Stack size 32 bytes, app_timer.o(.text))
<BR><BR>[Stack]<UL><LI>Max Depth = 88<LI>Call Chain = app_timer_start &rArr; timer_start_op_schedule &rArr; user_op_alloc
</UL>
<BR>[Calls]<UL><LI><a href="#[12b]">&gt;&gt;</a>&nbsp;&nbsp;&nbsp;user_id_get
<LI><a href="#[126]">&gt;&gt;</a>&nbsp;&nbsp;&nbsp;timer_start_op_schedule
</UL>
<BR>[Called By]<UL><LI><a href="#[41]">&gt;&gt;</a>&nbsp;&nbsp;&nbsp;sample_timers_start
<LI><a href="#[3a]">&gt;&gt;</a>&nbsp;&nbsp;&nbsp;adv_timers_start
<LI><a href="#[131]">&gt;&gt;</a>&nbsp;&nbsp;&nbsp;conn_params_negotiation
</UL>

<P><STRONG><a name="[3d]"></a>app_timer_stop</STRONG> (Thumb, 60 bytes, Stack size 16 bytes, app_timer.o(.text))
<BR><BR>[Stack]<UL><LI>Max Depth = 56<LI>Call Chain = app_timer_stop &rArr; timer_stop_op_schedule &rArr; user_op_alloc
</UL>
<BR>[Calls]<UL><LI><a href="#[12b]">&gt;&gt;</a>&nbsp;&nbsp;&nbsp;user_id_get
<LI><a href="#[129]">&gt;&gt;</a>&nbsp;&nbsp;&nbsp;timer_stop_op_schedule
</UL>
<BR>[Called By]<UL><LI><a href="#[42]">&gt;&gt;</a>&nbsp;&nbsp;&nbsp;sample_timers_stop
<LI><a href="#[3c]">&gt;&gt;</a>&nbsp;&nbsp;&nbsp;adv_timers_stop
<LI><a href="#[130]">&gt;&gt;</a>&nbsp;&nbsp;&nbsp;ble_conn_params_stop
<LI><a href="#[135]">&gt;&gt;</a>&nbsp;&nbsp;&nbsp;on_write
<LI><a href="#[134]">&gt;&gt;</a>&nbsp;&nbsp;&nbsp;on_disconnect
</UL>

<P><STRONG><a name="[12d]"></a>app_timer_stop_all</STRONG> (Thumb, 26 bytes, Stack size 8 bytes, app_timer.o(.text), UNUSED)
<BR><BR>[Calls]<UL><LI><a href="#[12b]">&gt;&gt;</a>&nbsp;&nbsp;&nbsp;user_id_get
<LI><a href="#[12a]">&gt;&gt;</a>&nbsp;&nbsp;&nbsp;timer_stop_all_op_schedule
</UL>

<P><STRONG><a name="[12e]"></a>app_timer_cnt_get</STRONG> (Thumb, 14 bytes, Stack size 8 bytes, app_timer.o(.text), UNUSED)
<BR><BR>[Calls]<UL><LI><a href="#[11c]">&gt;&gt;</a>&nbsp;&nbsp;&nbsp;rtc1_counter_get
</UL>

<P><STRONG><a name="[12f]"></a>app_timer_cnt_diff_compute</STRONG> (Thumb, 22 bytes, Stack size 16 bytes, app_timer.o(.text), UNUSED)
<BR><BR>[Calls]<UL><LI><a href="#[11d]">&gt;&gt;</a>&nbsp;&nbsp;&nbsp;ticks_diff_get
</UL>

<P><STRONG><a name="[52]"></a>ble_conn_params_init</STRONG> (Thumb, 90 bytes, Stack size 16 bytes, ble_conn_params.o(.text))
<BR><BR>[Stack]<UL><LI>Max Depth = 32<LI>Call Chain = ble_conn_params_init &rArr; app_timer_create
</UL>
<BR>[Calls]<UL><LI><a href="#[45]">&gt;&gt;</a>&nbsp;&nbsp;&nbsp;app_timer_create
<LI><a href="#[7e]">&gt;&gt;</a>&nbsp;&nbsp;&nbsp;__aeabi_memcpy4
<LI><a href="#[55]">&gt;&gt;</a>&nbsp;&nbsp;&nbsp;__aeabi_memcpy
</UL>
<BR>[Called By]<UL><LI><a href="#[51]">&gt;&gt;</a>&nbsp;&nbsp;&nbsp;conn_params_init
</UL>

<P><STRONG><a name="[130]"></a>ble_conn_params_stop</STRONG> (Thumb, 12 bytes, Stack size 8 bytes, ble_conn_params.o(.text), UNUSED)
<BR><BR>[Calls]<UL><LI><a href="#[3d]">&gt;&gt;</a>&nbsp;&nbsp;&nbsp;app_timer_stop
</UL>

<P><STRONG><a name="[56]"></a>ble_conn_params_on_ble_evt</STRONG> (Thumb, 62 bytes, Stack size 8 bytes, ble_conn_params.o(.text))
<BR><BR>[Stack]<UL><LI>Max Depth = 128<LI>Call Chain = ble_conn_params_on_ble_evt &rArr; on_write &rArr; conn_params_negotiation &rArr; app_timer_start &rArr; timer_start_op_schedule &rArr; user_op_alloc
</UL>
<BR>[Calls]<UL><LI><a href="#[136]">&gt;&gt;</a>&nbsp;&nbsp;&nbsp;on_conn_params_update
<LI><a href="#[135]">&gt;&gt;</a>&nbsp;&nbsp;&nbsp;on_write
<LI><a href="#[134]">&gt;&gt;</a>&nbsp;&nbsp;&nbsp;on_disconnect
<LI><a href="#[133]">&gt;&gt;</a>&nbsp;&nbsp;&nbsp;on_connect
</UL>
<BR>[Called By]<UL><LI><a href="#[28]">&gt;&gt;</a>&nbsp;&nbsp;&nbsp;ble_evt_dispatch
</UL>

<P><STRONG><a name="[137]"></a>ble_conn_params_change_conn_params</STRONG> (Thumb, 86 bytes, Stack size 16 bytes, ble_conn_params.o(.text), UNUSED)
<BR><BR>[Calls]<UL><LI><a href="#[132]">&gt;&gt;</a>&nbsp;&nbsp;&nbsp;is_conn_params_ok
<LI><a href="#[55]">&gt;&gt;</a>&nbsp;&nbsp;&nbsp;__aeabi_memcpy
</UL>

<P><STRONG><a name="[31]"></a>softdevice_assertion_handler</STRONG> (Thumb, 18 bytes, Stack size 16 bytes, softdevice_handler.o(.text))
[...]
<LI><a href="#[55]">&gt;&gt;</a>&nbsp;&nbsp;&nbsp;__aeabi_memcpy
</UL>
<BR>[Called By]<UL><LI><a href="#[108]">&gt;&gt;</a>&nbsp;&nbsp;&nbsp;adv_data_encode
</UL>

<P><STRONG><a name="[108]"></a>adv_data_encode</STRONG> (Thumb, 304 bytes, Stack size 24 bytes, ble_advdata.o(.text))
<BR><BR>[Stack]<UL><LI>Max Depth = 128<LI>Call Chain = adv_data_encode &rArr; uuid_list_encode &rArr; uuid_list_sized_encode
</UL>
<BR>[Calls]<UL><LI><a href="#[107]">&gt;&gt;</a>&nbsp;&nbsp;&nbsp;service_data_encode
<LI><a href="#[106]">&gt;&gt;</a>&nbsp;&nbsp;&nbsp;manuf_specific_data_encode
<LI><a href="#[104]">&gt;&gt;</a>&nbsp;&nbsp;&nbsp;conn_int_encode
<LI><a href="#[102]">&gt;&gt;</a>&nbsp;&nbsp;&nbsp;uuid_list_encode
<LI><a href="#[10a]">&gt;&gt;</a>&nbsp;&nbsp;&nbsp;tx_power_level_encode
<LI><a href="#[101]">&gt;&gt;</a>&nbsp;&nbsp;&nbsp;uint8_array_encode
<LI><a href="#[ff]">&gt;&gt;</a>&nbsp;&nbsp;&nbsp;appearance_encode
<LI><a href="#[109]">&gt;&gt;</a>&nbsp;&nbsp;&nbsp;name_encode
</UL>
<BR>[Called By]<UL><LI><a href="#[49]">&gt;&gt;</a>&nbsp;&nbsp;&nbsp;ble_advdata_set
</UL>

<P><STRONG><a name="[10b]"></a>advdata_check</STRONG> (Thumb, 32 bytes, Stack size 0 bytes, ble_advdata.o(.text))
<BR><BR>[Called By]<UL><LI><a href="#[49]">&gt;&gt;</a>&nbsp;&nbsp;&nbsp;ble_advdata_set
</UL>

<P><STRONG><a name="[10c]"></a>srdata_check</STRONG> (Thumb, 16 bytes, Stack size 0 bytes, ble_advdata.o(.text))
<BR><BR>[Called By]<UL><LI><a href="#[49]">&gt;&gt;</a>&nbsp;&nbsp;&nbsp;ble_advdata_set
</UL>

<P><STRONG><a name="[100]"></a>uint16_encode</STRONG> (Thumb, 18 bytes, Stack size 0 bytes, ble_advdata.o(.text))
<BR><BR>[Called By]<UL><LI><a href="#[107]">&gt;&gt;</a>&nbsp;&nbsp;&nbsp;service_data_encode
<LI><a href="#[106]">&gt;&gt;</a>&nbsp;&nbsp;&nbsp;manuf_specific_data_encode
<LI><a href="#[104]">&gt;&gt;</a>&nbsp;&nbsp;&nbsp;conn_int_encode
<LI><a href="#[ff]">&gt;&gt;</a>&nbsp;&nbsp;&nbsp;appearance_encode
</UL>

<P><STRONG><a name="[10f]"></a>app_sched_event_get</STRONG> (Thumb, 84 bytes, Stack size 24 bytes, app_scheduler.o(.text))
<BR><BR>[Stack]<UL><LI>Max Depth = 24<LI>Call Chain = app_sched_event_get
</UL>
<BR>[Calls]<UL><LI><a href="#[10e]">&gt;&gt;</a>&nbsp;&nbsp;&nbsp;next_index
</UL>
<BR>[Called By]<UL><LI><a href="#[69]">&gt;&gt;</a>&nbsp;&nbsp;&nbsp;app_sched_execute
</UL>

<P><STRONG><a name="[10d]"></a>current_int_priority_get</STRONG> (Thumb, 84 bytes, Stack size 8 bytes, app_scheduler.o(.text))
<BR><BR>[Stack]<UL><LI>Max Depth = 8<LI>Call Chain = current_int_priority_get
</UL>
<BR>[Called By]<UL><LI><a href="#[6c]">&gt;&gt;</a>&nbsp;&nbsp;&nbsp;app_sched_event_put
</UL>

<P><STRONG><a name="[10e]"></a>next_index</STRONG> (Thumb, 20 bytes, Stack size 0 bytes, app_scheduler.o(.text))
<BR><BR>[Called By]<UL><LI><a href="#[6c]">&gt;&gt;</a>&nbsp;&nbsp;&nbsp;app_sched_event_put
<LI><a href="#[10f]">&gt;&gt;</a>&nbsp;&nbsp;&nbsp;app_sched_event_get
</UL>

<P><STRONG><a name="[111]"></a>NVIC_SetPriority</STRONG> (Thumb, 110 bytes, Stack size 8 bytes, app_timer.o(.text))
<BR><BR>[Stack]<UL><LI>Max Depth = 8<LI>Call Chain = NVIC_SetPriority
</UL>
<BR>[Called By]<UL><LI><a href="#[44]">&gt;&gt;</a>&nbsp;&nbsp;&nbsp;app_timer_init
<LI><a href="#[110]">&gt;&gt;</a>&nbsp;&nbsp;&nbsp;rtc1_init
</UL>

<P><STRONG><a name="[115]"></a>nrf_delay_us</STRONG> (Thumb, 42 bytes, Stack size 8 bytes, app_timer.o(.text))
<BR><BR>[Stack]<UL><LI>Max Depth = 8<LI>Call Chain = nrf_delay_us
</UL>
<BR>[Called By]<UL><LI><a href="#[116]">&gt;&gt;</a>&nbsp;&nbsp;&nbsp;rtc1_stop
<LI><a href="#[112]">&gt;&gt;</a>&nbsp;&nbsp;&nbsp;rtc1_start
</UL>

<P><STRONG><a name="[110]"></a>rtc1_init</STRONG> (Thumb, 18 bytes, Stack size 8 bytes, app_timer.o(.text))
<BR><BR>[Stack]<UL><LI>Max Depth = 16<LI>Call Chain = rtc1_init &rArr; NVIC_SetPriority
</UL>
<BR>[Calls]<UL><LI><a href="#[111]">&gt;&gt;</a>&nbsp;&nbsp;&nbsp;NVIC_SetPriority
</UL>
<BR>[Called By]<UL><LI><a href="#[44]">&gt;&gt;</a>&nbsp;&nbsp;&nbsp;app_timer_init
</UL>

<P><STRONG><a name="[112]"></a>rtc1_start</STRONG> (Thumb, 42 bytes, Stack size 8 bytes, app_timer.o(.text))
<BR><BR>[Stack]<UL><LI>Max Depth = 16<LI>Call Chain = rtc1_start &rArr; nrf_delay_us
</UL>
<BR>[Calls]<UL><LI><a href="#[113]">&gt;&gt;</a>&nbsp;&nbsp;&nbsp;NVIC_ClearPendingIRQ
<LI><a href="#[114]">&gt;&gt;</a>&nbsp;&nbsp;&nbsp;NVIC_EnableIRQ
<LI><a href="#[115]">&gt;&gt;</a>&nbsp;&nbsp;&nbsp;nrf_delay_us
</UL>
<BR>[Called By]<UL><LI><a href="#[122]">&gt;&gt;</a>&nbsp;&nbsp;&nbsp;compare_reg_update
</UL>

<P><STRONG><a name="[116]"></a>rtc1_stop</STRONG> (Thumb, 44 bytes, Stack size 8 bytes, app_timer.o(.text))
<BR><BR>[Stack]<UL><LI>Max Depth = 16<LI>Call Chain = rtc1_stop &rArr; nrf_delay_us
</UL>
<BR>[Calls]<UL><LI><a href="#[115]">&gt;&gt;</a>&nbsp;&nbsp;&nbsp;nrf_delay_us
</UL>
<BR>[Called By]<UL><LI><a href="#[44]">&gt;&gt;</a>&nbsp;&nbsp;&nbsp;app_timer_init
<LI><a href="#[122]">&gt;&gt;</a>&nbsp;&nbsp;&nbsp;compare_reg_update
</UL>

<P><STRONG><a name="[121]"></a>timer_list_insert</STRONG> (Thumb, 206 bytes, Stack size 20 bytes, app_timer.o(.text))
<BR><BR>[Stack]<UL><LI>Max Depth = 20<LI>Call Chain = timer_list_insert
</UL>
<BR>[Called By]<UL><LI><a href="#[120]">&gt;&gt;</a>&nbsp;&nbsp;&nbsp;list_insertions_handler
</UL>

<P><STRONG><a name="[11f]"></a>timer_list_remove</STRONG> (Thumb, 150 bytes, Stack size 16 bytes, app_timer.o(.text))
<BR><BR>[Stack]<UL><LI>Max Depth = 16<LI>Call Chain = timer_list_remove
</UL>
<BR>[Called By]<UL><LI><a href="#[11e]">&gt;&gt;</a>&nbsp;&nbsp;&nbsp;list_deletions_handler
</UL>

<P><STRONG><a name="[117]"></a>timer_timeouts_check_sched</STRONG> (Thumb, 10 bytes, Stack size 8 bytes, app_timer.o(.text))
<BR><BR>[Stack]<UL><LI>Max Depth = 8<LI>Call Chain = timer_timeouts_check_sched
</UL>
<BR>[Calls]<UL><LI><a href="#[118]">&gt;&gt;</a>&nbsp;&nbsp;&nbsp;NVIC_SetPendingIRQ
</UL>
<BR>[Called By]<UL><LI><a href="#[122]">&gt;&gt;</a>&nbsp;&nbsp;&nbsp;compare_reg_update
</UL>

<P><STRONG><a name="[119]"></a>timer_list_handler_sched</STRONG> (Thumb, 10 bytes, Stack size 8 bytes, app_timer.o(.text))
<BR><BR>[Stack]<UL><LI>Max Depth = 8<LI>Call Chain = timer_list_handler_sched
</UL>
<BR>[Calls]<UL><LI><a href="#[118]">&gt;&gt;</a>&nbsp;&nbsp;&nbsp;NVIC_SetPendingIRQ
</UL>
<BR>[Called By]<UL><LI><a href="#[12a]">&gt;&gt;</a>&nbsp;&nbsp;&nbsp;timer_stop_all_op_schedule
<LI><a href="#[129]">&gt;&gt;</a>&nbsp;&nbsp;&nbsp;timer_stop_op_schedule
<LI><a href="#[126]">&gt;&gt;</a>&nbsp;&nbsp;&nbsp;timer_start_op_schedule
<LI><a href="#[11b]">&gt;&gt;</a>&nbsp;&nbsp;&nbsp;timer_timeouts_check
</UL>

<P><STRONG><a name="[11a]"></a>timeout_handler_exec</STRONG> (Thumb, 60 bytes, Stack size 16 bytes, app_timer.o(.text))
<BR><BR>[Stack]<UL><LI>Max Depth = 24<LI>Call Chain = timeout_handler_exec &rArr; app_error_handler &rArr; ble_debug_assert_handler &rArr; strncpy
</UL>
<BR>[Calls]<UL><LI><a href="#[36]">&gt;&gt;</a>&nbsp;&nbsp;&nbsp;app_error_handler
</UL>
<BR>[Called By]<UL><LI><a href="#[11b]">&gt;&gt;</a>&nbsp;&nbsp;&nbsp;timer_timeouts_check
</UL>

<P><STRONG><a name="[11b]"></a>timer_timeouts_check</STRONG> (Thumb, 128 bytes, Stack size 24 bytes, app_timer.o(.text))
<BR><BR>[Stack]<UL><LI>Max Depth = 48<LI>Call Chain = timer_timeouts_check &rArr; timeout_handler_exec &rArr; app_error_handler &rArr; ble_debug_assert_handler &rArr; strncpy
</UL>
<BR>[Calls]<UL><LI><a href="#[11d]">&gt;&gt;</a>&nbsp;&nbsp;&nbsp;ticks_diff_get
<LI><a href="#[11c]">&gt;&gt;</a>&nbsp;&nbsp;&nbsp;rtc1_counter_get
<LI><a href="#[11a]">&gt;&gt;</a>&nbsp;&nbsp;&nbsp;timeout_handler_exec
<LI><a href="#[119]">&gt;&gt;</a>&nbsp;&nbsp;&nbsp;timer_list_handler_sched
</UL>
<BR>[Called By]<UL><LI><a href="#[16]">&gt;&gt;</a>&nbsp;&nbsp;&nbsp;RTC1_IRQHandler
</UL>

<P><STRONG><a name="[124]"></a>elapsed_ticks_acquire</STRONG> (Thumb, 82 bytes, Stack size 0 bytes, app_timer.o(.text))
<BR><BR>[Called By]<UL><LI><a href="#[123]">&gt;&gt;</a>&nbsp;&nbsp;&nbsp;timer_list_handler
</UL>

<P><STRONG><a name="[11e]"></a>list_deletions_handler</STRONG> (Thumb, 280 bytes, Stack size 32 bytes, app_timer.o(.text))
<BR><BR>[Stack]<UL><LI>Max Depth = 48<LI>Call Chain = list_deletions_handler &rArr; timer_list_remove
</UL>
<BR>[Calls]<UL><LI><a href="#[11f]">&gt;&gt;</a>&nbsp;&nbsp;&nbsp;timer_list_remove
</UL>
<BR>[Called By]<UL><LI><a href="#[123]">&gt;&gt;</a>&nbsp;&nbsp;&nbsp;timer_list_handler
</UL>

<P><STRONG><a name="[125]"></a>expired_timers_handler</STRONG> (Thumb, 98 bytes, Stack size 20 bytes, app_timer.o(.text))
<BR><BR>[Stack]<UL><LI>Max Depth = 20<LI>Call Chain = expired_timers_handler
</UL>
<BR>[Called By]<UL><LI><a href="#[123]">&gt;&gt;</a>&nbsp;&nbsp;&nbsp;timer_list_handler
</UL>

<P><STRONG><a name="[120]"></a>list_insertions_handler</STRONG> (Thumb, 260 bytes, Stack size 32 bytes, app_timer.o(.text))
<BR><BR>[Stack]<UL><LI>Max Depth = 52<LI>Call Chain = list_insertions_handler &rArr; timer_list_insert
</UL>
<BR>[Calls]<UL><LI><a href="#[11d]">&gt;&gt;</a>&nbsp;&nbsp;&nbsp;ticks_diff_get
<LI><a href="#[121]">&gt;&gt;</a>&nbsp;&nbsp;&nbsp;timer_list_insert
</UL>
<BR>[Called By]<UL><LI><a href="#[123]">&gt;&gt;</a>&nbsp;&nbsp;&nbsp;timer_list_handler
</UL>

<P><STRONG><a name="[122]"></a>compare_reg_update</STRONG> (Thumb, 124 bytes, Stack size 32 bytes, app_timer.o(.text))
<BR><BR>[Stack]<UL><LI>Max Depth = 48<LI>Call Chain = compare_reg_update &rArr; rtc1_stop &rArr; nrf_delay_us
</UL>
<BR>[Calls]<UL><LI><a href="#[11d]">&gt;&gt;</a>&nbsp;&nbsp;&nbsp;ticks_diff_get
<LI><a href="#[11c]">&gt;&gt;</a>&nbsp;&nbsp;&nbsp;rtc1_counter_get
<LI><a href="#[117]">&gt;&gt;</a>&nbsp;&nbsp;&nbsp;timer_timeouts_check_sched
<LI><a href="#[116]">&gt;&gt;</a>&nbsp;&nbsp;&nbsp;rtc1_stop
<LI><a href="#[112]">&gt;&gt;</a>&nbsp;&nbsp;&nbsp;rtc1_start
</UL>
<BR>[Called By]<UL><LI><a href="#[123]">&gt;&gt;</a>&nbsp;&nbsp;&nbsp;timer_list_handler
</UL>

<P><STRONG><a name="[123]"></a>timer_list_handler</STRONG> (Thumb, 70 bytes, Stack size 32 bytes, app_timer.o(.text))
<BR><BR>[Stack]<UL><LI>Max Depth = 84<LI>Call Chain = timer_list_handler &rArr; list_insertions_handler &rArr; timer_list_insert
</UL>
<BR>[Calls]<UL><LI><a href="#[122]">&gt;&gt;</a>&nbsp;&nbsp;&nbsp;compare_reg_update
<LI><a href="#[120]">&gt;&gt;</a>&nbsp;&nbsp;&nbsp;list_insertions_handler
<LI><a href="#[125]">&gt;&gt;</a>&nbsp;&nbsp;&nbsp;expired_timers_handler
<LI><a href="#[11e]">&gt;&gt;</a>&nbsp;&nbsp;&nbsp;list_deletions_handler
<LI><a href="#[124]">&gt;&gt;</a>&nbsp;&nbsp;&nbsp;elapsed_ticks_acquire
</UL>
<BR>[Called By]<UL><LI><a href="#[19]">&gt;&gt;</a>&nbsp;&nbsp;&nbsp;SWI0_IRQHandler
</UL>

<P><STRONG><a name="[128]"></a>user_op_enque</STRONG> (Thumb, 4 bytes, Stack size 0 bytes, app_timer.o(.text))
<BR><BR>[Called By]<UL><LI><a href="#[12a]">&gt;&gt;</a>&nbsp;&nbsp;&nbsp;timer_stop_all_op_schedule
<LI><a href="#[129]">&gt;&gt;</a>&nbsp;&nbsp;&nbsp;timer_stop_op_schedule
<LI><a href="#[126]">&gt;&gt;</a>&nbsp;&nbsp;&nbsp;timer_start_op_schedule
</UL>

<P><STRONG><a name="[127]"></a>user_op_alloc</STRONG> (Thumb, 44 bytes, Stack size 16 bytes, app_timer.o(.text))
<BR><BR>[Stack]<UL><LI>Max Depth = 16<LI>Call Chain = user_op_alloc
</UL>
<BR>[Called By]<UL><LI><a href="#[12a]">&gt;&gt;</a>&nbsp;&nbsp;&nbsp;timer_stop_all_op_schedule
<LI><a href="#[129]">&gt;&gt;</a>&nbsp;&nbsp;&nbsp;timer_stop_op_schedule
<LI><a href="#[126]">&gt;&gt;</a>&nbsp;&nbsp;&nbsp;timer_start_op_schedule
</UL>

<P><STRONG><a name="[126]"></a>timer_start_op_schedule</STRONG> (Thumb, 80 bytes, Stack size 40 bytes, app_timer.o(.text))
<BR><BR>[Stack]<UL><LI>Max Depth = 56<LI>Call Chain = timer_start_op_schedule &rArr; user_op_alloc
</UL>
<BR>[Calls]<UL><LI><a href="#[11c]">&gt;&gt;</a>&nbsp;&nbsp;&nbsp;rtc1_counter_get
<LI><a href="#[127]">&gt;&gt;</a>&nbsp;&nbsp;&nbsp;user_op_alloc
<LI><a href="#[128]">&gt;&gt;</a>&nbsp;&nbsp;&nbsp;user_op_enque
<LI><a href="#[119]">&gt;&gt;</a>&nbsp;&nbsp;&nbsp;timer_list_handler_sched
</UL>
<BR>[Called By]<UL><LI><a href="#[3b]">&gt;&gt;</a>&nbsp;&nbsp;&nbsp;app_timer_start
</UL>

<P><STRONG><a name="[129]"></a>timer_stop_op_schedule</STRONG> (Thumb, 58 bytes, Stack size 24 bytes, app_timer.o(.text))
<BR><BR>[Stack]<UL><LI>Max Depth = 40<LI>Call Chain = timer_stop_op_schedule &rArr; user_op_alloc
</UL>
<BR>[Calls]<UL><LI><a href="#[127]">&gt;&gt;</a>&nbsp;&nbsp;&nbsp;user_op_alloc
<LI><a href="#[128]">&gt;&gt;</a>&nbsp;&nbsp;&nbsp;user_op_enque
<LI><a href="#[119]">&gt;&gt;</a>&nbsp;&nbsp;&nbsp;timer_list_handler_sched
</UL>
<BR>[Called By]<UL><LI><a href="#[3d]">&gt;&gt;</a>&nbsp;&nbsp;&nbsp;app_timer_stop
</UL>

<P><STRONG><a name="[12a]"></a>timer_stop_all_op_schedule</STRONG> (Thumb, 58 bytes, Stack size 16 bytes, app_timer.o(.text), UNUSED)
<BR><BR>[Calls]<UL><LI><a href="#[127]">&gt;&gt;</a>&nbsp;&nbsp;&nbsp;user_op_alloc
<LI><a href="#[128]">&gt;&gt;</a>&nbsp;&nbsp;&nbsp;user_op_enque
<LI><a href="#[119]">&gt;&gt;</a>&nbsp;&nbsp;&nbsp;timer_list_handler_sched
</UL>
<BR>[Called By]<UL><LI><a href="#[12d]">&gt;&gt;</a>&nbsp;&nbsp;&nbsp;app_timer_stop_all
</UL>

<P><STRONG><a name="[12b]"></a>user_id_get</STRONG> (Thumb, 34 bytes, Stack size 8 bytes, app_timer.o(.text))
<BR><BR>[Stack]<UL><LI>Max Depth = 16<LI>Call Chain = user_id_get &rArr; current_int_priority_get
</UL>
<BR>[Calls]<UL><LI><a href="#[12c]">&gt;&gt;</a>&nbsp;&nbsp;&nbsp;current_int_priority_get
</UL>
<BR>[Called By]<UL><LI><a href="#[3d]">&gt;&gt;</a>&nbsp;&nbsp;&nbsp;app_timer_stop
<LI><a href="#[3b]">&gt;&gt;</a>&nbsp;&nbsp;&nbsp;app_timer_start
<LI><a href="#[12d]">&gt;&gt;</a>&nbsp;&nbsp;&nbsp;app_timer_stop_all
</UL>

<P><STRONG><a name="[114]"></a>NVIC_EnableIRQ</STRONG> (Thumb, 14 bytes, Stack size 0 bytes, app_timer.o(.text))
<BR><BR>[Called By]<UL><LI><a href="#[44]">&gt;&gt;</a>&nbsp;&nbsp;&nbsp;app_timer_init
<LI><a href="#[112]">&gt;&gt;</a>&nbsp;&nbsp;&nbsp;rtc1_start
</UL>

<P><STRONG><a name="[118]"></a>NVIC_SetPendingIRQ</STRONG> (Thumb, 14 bytes, Stack size 0 bytes, app_timer.o(.text))
<BR><BR>[Called By]<UL><LI><a href="#[119]">&gt;&gt;</a>&nbsp;&nbsp;&nbsp;timer_list_handler_sched
<LI><a href="#[117]">&gt;&gt;</a>&nbsp;&nbsp;&nbsp;timer_timeouts_check_sched
</UL>

<P><STRONG><a name="[113]"></a>NVIC_ClearPendingIRQ</STRONG> (Thumb, 16 bytes, Stack size 0 bytes, app_timer.o(.text))
<BR><BR>[Called By]<UL><LI><a href="#[44]">&gt;&gt;</a>&nbsp;&nbsp;&nbsp;app_timer_init
<LI><a href="#[112]">&gt;&gt;</a>&nbsp;&nbsp;&nbsp;rtc1_start
</UL>

<P><STRONG><a name="[12c]"></a>current_int_priority_get</STRONG> (Thumb, 84 bytes, Stack size 8 bytes, app_timer.o(.text))
<BR><BR>[Stack]<UL><LI>Max Depth = 8<LI>Call Chain = current_int_priority_get
</UL>
<BR>[Called By]<UL><LI><a href="#[12b]">&gt;&gt;</a>&nbsp;&nbsp;&nbsp;user_id_get
</UL>

<P><STRONG><a name="[11c]"></a>rtc1_counter_get</STRONG> (Thumb, 6 bytes, Stack size 0 bytes, app_timer.o(.text))
<BR><BR>[Called By]<UL><LI><a href="#[44]">&gt;&gt;</a>&nbsp;&nbsp;&nbsp;app_timer_init
<LI><a href="#[12e]">&gt;&gt;</a>&nbsp;&nbsp;&nbsp;app_timer_cnt_get
<LI><a href="#[126]">&gt;&gt;</a>&nbsp;&nbsp;&nbsp;timer_start_op_schedule
<LI><a href="#[122]">&gt;&gt;</a>&nbsp;&nbsp;&nbsp;compare_reg_update
<LI><a href="#[11b]">&gt;&gt;</a>&nbsp;&nbsp;&nbsp;timer_timeouts_check
</UL>

<P><STRONG><a name="[11d]"></a>ticks_diff_get</STRONG> (Thumb, 10 bytes, Stack size 0 bytes, app_timer.o(.text))
<BR><BR>[Called By]<UL><LI><a href="#[12f]">&gt;&gt;</a>&nbsp;&nbsp;&nbsp;app_timer_cnt_diff_compute
<LI><a href="#[122]">&gt;&gt;</a>&nbsp;&nbsp;&nbsp;compare_reg_update
<LI><a href="#[120]">&gt;&gt;</a>&nbsp;&nbsp;&nbsp;list_insertions_handler
<LI><a href="#[11b]">&gt;&gt;</a>&nbsp;&nbsp;&nbsp;timer_timeouts_check
</UL>

<P><STRONG><a name="[132]"></a>is_conn_params_ok</STRONG> (Thumb, 30 bytes, Stack size 0 bytes, ble_conn_params.o(.text))
<BR><BR>[Called By]<UL><LI><a href="#[137]">&gt;&gt;</a>&nbsp;&nbsp;&nbsp;ble_conn_params_change_conn_params
<LI><a href="#[131]">&gt;&gt;</a>&nbsp;&nbsp;&nbsp;conn_params_negotiation
</UL>

<P><STRONG><a name="[30]"></a>update_timeout_handler</STRONG> (Thumb, 136 bytes, Stack size 16 bytes, ble_conn_params.o(.text))
<BR><BR>[Stack]<UL><LI>Max Depth = 16<LI>Call Chain = update_timeout_handler
</UL>
<BR>[Address Reference Count : 1]<UL><LI> ble_conn_params.o(.text)
</UL>
<P><STRONG><a name="[131]"></a>conn_params_negotiation</STRONG> (Thumb, 126 bytes, Stack size 16 bytes, ble_conn_params.o(.text))
<BR><BR>[Stack]<UL><LI>Max Depth = 104<LI>Call Chain = conn_params_negotiation &rArr; app_timer_start &rArr; timer_start_op_schedule &rArr; user_op_alloc
</UL>
<BR>[Calls]<UL><LI><a href="#[3b]">&gt;&gt;</a>&nbsp;&nbsp;&nbsp;app_timer_start
<LI><a href="#[132]">&gt;&gt;</a>&nbsp;&nbsp;&nbsp;is_conn_params_ok
</UL>
<BR>[Called By]<UL><LI><a href="#[136]">&gt;&gt;</a>&nbsp;&nbsp;&nbsp;on_conn_params_update
<LI><a href="#[135]">&gt;&gt;</a>&nbsp;&nbsp;&nbsp;on_write
<LI><a href="#[133]">&gt;&gt;</a>&nbsp;&nbsp;&nbsp;on_connect
</UL>

<P><STRONG><a name="[133]"></a>on_connect</STRONG> (Thumb, 42 bytes, Stack size 8 bytes, ble_conn_params.o(.text))
<BR><BR>[Stack]<UL><LI>Max Depth = 112<LI>Call Chain = on_connect &rArr; conn_params_negotiation &rArr; app_timer_start &rArr; timer_start_op_schedule &rArr; user_op_alloc
</UL>
<BR>[Calls]<UL><LI><a href="#[131]">&gt;&gt;</a>&nbsp;&nbsp;&nbsp;conn_params_negotiation
<LI><a href="#[55]">&gt;&gt;</a>&nbsp;&nbsp;&nbsp;__aeabi_memcpy
</UL>
<BR>[Called By]<UL><LI><a href="#[56]">&gt;&gt;</a>&nbsp;&nbsp;&nbsp;ble_conn_params_on_ble_evt
</UL>

<P><STRONG><a name="[134]"></a>on_disconnect</STRONG> (Thumb, 50 bytes, Stack size 16 bytes, ble_conn_params.o(.text))
<BR><BR>[Stack]<UL><LI>Max Depth = 72<LI>Call Chain = on_disconnect &rArr; app_timer_stop &rArr; timer_stop_op_schedule &rArr; user_op_alloc
</UL>
<BR>[Calls]<UL><LI><a href="#[3d]">&gt;&gt;</a>&nbsp;&nbsp;&nbsp;app_timer_stop
</UL>
<BR>[Called By]<UL><LI><a href="#[56]">&gt;&gt;</a>&nbsp;&nbsp;&nbsp;ble_conn_params_on_ble_evt
</UL>

<P><STRONG><a name="[135]"></a>on_write</STRONG> (Thumb, 84 bytes, Stack size 16 bytes, ble_conn_params.o(.text))
<BR><BR>[Stack]<UL><LI>Max Depth = 120<LI>Call Chain = on_write &rArr; conn_params_negotiation &rArr; app_timer_start &rArr; timer_start_op_schedule &rArr; user_op_alloc
</UL>
<BR>[Calls]<UL><LI><a href="#[3d]">&gt;&gt;</a>&nbsp;&nbsp;&nbsp;app_timer_stop
<LI><a href="#[131]">&gt;&gt;</a>&nbsp;&nbsp;&nbsp;conn_params_negotiation
</UL>
<BR>[Called By]<UL><LI><a href="#[56]">&gt;&gt;</a>&nbsp;&nbsp;&nbsp;ble_conn_params_on_ble_evt
</UL>

<P><STRONG><a name="[136]"></a>on_conn_params_update</STRONG> (Thumb, 20 bytes, Stack size 8 bytes, ble_conn_params.o(.text))
<BR><BR>[Stack]<UL><LI>Max Depth = 112<LI>Call Chain = on_conn_params_update &rArr; conn_params_negotiation &rArr; app_timer_start &rArr; timer_start_op_schedule &rArr; user_op_alloc
</UL>
<BR>[Calls]<UL><LI><a href="#[131]">&gt;&gt;</a>&nbsp;&nbsp;&nbsp;conn_params_negotiation
<LI><a href="#[55]">&gt;&gt;</a>&nbsp;&nbsp;&nbsp;__aeabi_memcpy
</UL>
<BR>[Called By]<UL><LI><a href="#[56]">&gt;&gt;</a>&nbsp;&nbsp;&nbsp;ble_conn_params_on_ble_evt
</UL>

<P><STRONG><a name="[139]"></a>sense_level_toggle</STRONG> (Thumb, 124 bytes, Stack size 20 bytes, app_gpiote.o(.text))
<BR><BR>[Stack]<UL><LI>Max Depth = 20<LI>Call Chain = sense_level_toggle
</UL>
<BR>[Called By]<UL><LI><a href="#[b]">&gt;&gt;</a>&nbsp;&nbsp;&nbsp;GPIOTE_IRQHandler
</UL>

<P><STRONG><a name="[13c]"></a>pins_sense_disable</STRONG> (Thumb, 96 bytes, Stack size 8 bytes, app_gpiote.o(.text), UNUSED)
<BR><BR>[Called By]<UL><LI><a href="#[13b]">&gt;&gt;</a>&nbsp;&nbsp;&nbsp;app_gpiote_user_register
<LI><a href="#[13d]">&gt;&gt;</a>&nbsp;&nbsp;&nbsp;app_gpiote_user_disable
</UL>

<P><STRONG><a name="[13a]"></a>NVIC_SetPriority</STRONG> (Thumb, 110 bytes, Stack size 8 bytes, app_gpiote.o(.text))
<BR><BR>[Stack]<UL><LI>Max Depth = 8<LI>Call Chain = NVIC_SetPriority
</UL>
<BR>[Called By]<UL><LI><a href="#[61]">&gt;&gt;</a>&nbsp;&nbsp;&nbsp;app_gpiote_init
</UL>
<P>
<H3>
Undefined Global Symbols
</H3><HR></body></html>
